Archive member included to satisfy reference by file (symbol)

c:/projects/ultra700/gcc/bin/../lib/gcc/arm-none-eabi/9.3.1/../../../../arm-none-eabi/lib\libc.a(lib_a-memcpy-stub.o)
                              CMakeFiles/bootloader.elf.dir/src/Bootloader/sha-1.c.obj (memcpy)
c:/projects/ultra700/gcc/bin/../lib/gcc/arm-none-eabi/9.3.1/../../../../arm-none-eabi/lib\libc.a(lib_a-memset.o)
                              CMakeFiles/bootloader.elf.dir/src/Bootloader/sha-1.c.obj (memset)
c:/projects/ultra700/gcc/bin/../lib/gcc/arm-none-eabi/9.3.1/../../../../arm-none-eabi/lib\libc.a(lib_a-strcmp.o)
                              CMakeFiles/bootloader.elf.dir/src/Bootloader/DZ09_boot.c.obj (strcmp)
c:/projects/ultra700/gcc/bin/../lib/gcc/arm-none-eabi/9.3.1\libgcc.a(_udivsi3.o)
                              CMakeFiles/bootloader.elf.dir/src/System/utils.c.obj (__aeabi_uidiv)
c:/projects/ultra700/gcc/bin/../lib/gcc/arm-none-eabi/9.3.1\libgcc.a(_dvmd_tls.o)
                              c:/projects/ultra700/gcc/bin/../lib/gcc/arm-none-eabi/9.3.1\libgcc.a(_udivsi3.o) (__aeabi_idiv0)

Allocating common symbols
Common symbol       size              file

Hash                0x14              CMakeFiles/bootloader.elf.dir/src/Bootloader/sha-1.c.obj

Discarded input sections

 .bss           0x00000000        0x0 CMakeFiles/bootloader.elf.dir/src/startup_MT6261x.S.obj
 .group         0x00000000        0xc CMakeFiles/bootloader.elf.dir/src/Bootloader/DZ09_boot.c.obj
 .group         0x00000000        0xc CMakeFiles/bootloader.elf.dir/src/Bootloader/DZ09_boot.c.obj
 .group         0x00000000        0xc CMakeFiles/bootloader.elf.dir/src/Bootloader/DZ09_boot.c.obj
 .group         0x00000000        0xc CMakeFiles/bootloader.elf.dir/src/Bootloader/DZ09_boot.c.obj
 .group         0x00000000        0xc CMakeFiles/bootloader.elf.dir/src/Bootloader/DZ09_boot.c.obj
 .group         0x00000000        0xc CMakeFiles/bootloader.elf.dir/src/Bootloader/DZ09_boot.c.obj
 .group         0x00000000        0xc CMakeFiles/bootloader.elf.dir/src/Bootloader/DZ09_boot.c.obj
 .group         0x00000000        0xc CMakeFiles/bootloader.elf.dir/src/Bootloader/DZ09_boot.c.obj
 .group         0x00000000        0xc CMakeFiles/bootloader.elf.dir/src/Bootloader/DZ09_boot.c.obj
 .group         0x00000000        0xc CMakeFiles/bootloader.elf.dir/src/Bootloader/DZ09_boot.c.obj
 .group         0x00000000        0xc CMakeFiles/bootloader.elf.dir/src/Bootloader/DZ09_boot.c.obj
 .group         0x00000000        0xc CMakeFiles/bootloader.elf.dir/src/Bootloader/DZ09_boot.c.obj
 .group         0x00000000        0xc CMakeFiles/bootloader.elf.dir/src/Bootloader/DZ09_boot.c.obj
 .group         0x00000000        0xc CMakeFiles/bootloader.elf.dir/src/Bootloader/DZ09_boot.c.obj
 .group         0x00000000        0xc CMakeFiles/bootloader.elf.dir/src/Bootloader/DZ09_boot.c.obj
 .group         0x00000000        0xc CMakeFiles/bootloader.elf.dir/src/Bootloader/DZ09_boot.c.obj
 .group         0x00000000        0xc CMakeFiles/bootloader.elf.dir/src/Bootloader/DZ09_boot.c.obj
 .group         0x00000000        0xc CMakeFiles/bootloader.elf.dir/src/Bootloader/DZ09_boot.c.obj
 .group         0x00000000        0xc CMakeFiles/bootloader.elf.dir/src/Bootloader/DZ09_boot.c.obj
 .group         0x00000000        0xc CMakeFiles/bootloader.elf.dir/src/Bootloader/DZ09_boot.c.obj
 .group         0x00000000        0xc CMakeFiles/bootloader.elf.dir/src/Bootloader/DZ09_boot.c.obj
 .group         0x00000000        0xc CMakeFiles/bootloader.elf.dir/src/Bootloader/DZ09_boot.c.obj
 .group         0x00000000        0xc CMakeFiles/bootloader.elf.dir/src/Bootloader/DZ09_boot.c.obj
 .group         0x00000000        0xc CMakeFiles/bootloader.elf.dir/src/Bootloader/DZ09_boot.c.obj
 .group         0x00000000        0xc CMakeFiles/bootloader.elf.dir/src/Bootloader/DZ09_boot.c.obj
 .group         0x00000000        0xc CMakeFiles/bootloader.elf.dir/src/Bootloader/DZ09_boot.c.obj
 .group         0x00000000        0xc CMakeFiles/bootloader.elf.dir/src/Bootloader/DZ09_boot.c.obj
 .group         0x00000000        0xc CMakeFiles/bootloader.elf.dir/src/Bootloader/DZ09_boot.c.obj
 .group         0x00000000        0xc CMakeFiles/bootloader.elf.dir/src/Bootloader/DZ09_boot.c.obj
 .group         0x00000000        0xc CMakeFiles/bootloader.elf.dir/src/Bootloader/DZ09_boot.c.obj
 .group         0x00000000        0xc CMakeFiles/bootloader.elf.dir/src/Bootloader/DZ09_boot.c.obj
 .group         0x00000000        0xc CMakeFiles/bootloader.elf.dir/src/Bootloader/DZ09_boot.c.obj
 .group         0x00000000        0xc CMakeFiles/bootloader.elf.dir/src/Bootloader/DZ09_boot.c.obj
 .group         0x00000000        0xc CMakeFiles/bootloader.elf.dir/src/Bootloader/DZ09_boot.c.obj
 .group         0x00000000        0xc CMakeFiles/bootloader.elf.dir/src/Bootloader/DZ09_boot.c.obj
 .group         0x00000000        0xc CMakeFiles/bootloader.elf.dir/src/Bootloader/DZ09_boot.c.obj
[...]
Memory Configuration

Name             Origin             Length             Attributes
ROM              0x10000000         0x00800000         xr
TCM              0x70006000         0x00005000         xrw
*default*        0x00000000         0xffffffff

Linker script and memory map

START GROUP
LOAD c:/projects/ultra700/gcc/bin/../lib/gcc/arm-none-eabi/9.3.1/../../../../arm-none-eabi/lib\libc.a
LOAD c:/projects/ultra700/gcc/bin/../lib/gcc/arm-none-eabi/9.3.1\libgcc.a
LOAD c:/projects/ultra700/gcc/bin/../lib/gcc/arm-none-eabi/9.3.1/../../../../arm-none-eabi/lib\libnosys.a
END GROUP
LOAD CMakeFiles/bootloader.elf.dir/src/startup_MT6261x.S.obj
LOAD CMakeFiles/bootloader.elf.dir/src/Bootloader/DZ09_boot.c.obj
LOAD CMakeFiles/bootloader.elf.dir/src/Bootloader/sha-1.c.obj
LOAD CMakeFiles/bootloader.elf.dir/src/Lib/bootheader.c.obj
LOAD CMakeFiles/bootloader.elf.dir/src/System/asmutils.s.obj
LOAD CMakeFiles/bootloader.elf.dir/src/System/exchandlers.s.obj
LOAD CMakeFiles/bootloader.elf.dir/src/System/debug.c.obj
LOAD CMakeFiles/bootloader.elf.dir/src/System/utils.c.obj
LOAD CMakeFiles/bootloader.elf.dir/src/Lib/MT6261/Drivers/emi.c.obj
LOAD CMakeFiles/bootloader.elf.dir/src/Lib/MT6261/Drivers/gpio.c.obj
LOAD CMakeFiles/bootloader.elf.dir/src/Lib/MT6261/Drivers/nvic.c.obj
LOAD CMakeFiles/bootloader.elf.dir/src/Lib/MT6261/Drivers/pll.c.obj
LOAD CMakeFiles/bootloader.elf.dir/src/Lib/MT6261/Drivers/rgu.c.obj
LOAD CMakeFiles/bootloader.elf.dir/src/Lib/MT6261/Drivers/tcmcache.c.obj
LOAD CMakeFiles/bootloader.elf.dir/src/Lib/MT6261/Drivers/usart.c.obj
LOAD CMakeFiles/bootloader.elf.dir/src/Lib/MT6261/Drivers/ustimer.c.obj
LOAD c:/projects/ultra700/gcc/bin/../lib/gcc/arm-none-eabi/9.3.1/../../../../arm-none-eabi/lib\libc.a
LOAD c:/projects/ultra700/gcc/bin/../lib/gcc/arm-none-eabi/9.3.1\libgcc.a
LOAD c:/projects/ultra700/gcc/bin/../lib/gcc/arm-none-eabi/9.3.1/../../../../arm-none-eabi/lib\libnosys.a
START GROUP
LOAD c:/projects/ultra700/gcc/bin/../lib/gcc/arm-none-eabi/9.3.1\libgcc.a
LOAD c:/projects/ultra700/gcc/bin/../lib/gcc/arm-none-eabi/9.3.1/../../../../arm-none-eabi/lib\libg.a
LOAD c:/projects/ultra700/gcc/bin/../lib/gcc/arm-none-eabi/9.3.1/../../../../arm-none-eabi/lib\libc.a
END GROUP

.text           0x70006000     0x10ca
                0x70006000                __boot_header_base = .
 *(.boot_header)
 .boot_header   0x70006000       0xc4 CMakeFiles/bootloader.elf.dir/src/Lib/bootheader.c.obj
                0x70006000                boot_header
                0x700060c4                __boot_header_end = .
 *(.isr_vectors)
 .isr_vectors   0x700060c4       0x3c CMakeFiles/bootloader.elf.dir/src/startup_MT6261x.S.obj
                0x700060c4                __isr_vectors
 *(.reset_handler)
 .reset_handler
                0x70006100       0x90 CMakeFiles/bootloader.elf.dir/src/startup_MT6261x.S.obj
                0x70006100                __reset_handler
 *(.text*)
 .text          0x70006190       0x18 CMakeFiles/bootloader.elf.dir/src/startup_MT6261x.S.obj
                0x70006190                __undefined_handler
                0x70006194                __swi_handler
                0x70006198                __prefetch_handler
                0x7000619c                __abort_handler
 .text.BL_CheckFileByDescriptor
                0x700061a8      0x1f8 CMakeFiles/bootloader.elf.dir/src/Bootloader/DZ09_boot.c.obj
                0x700061a8                BL_CheckFileByDescriptor
 .text.startup.main
                0x700063a0       0xf0 CMakeFiles/bootloader.elf.dir/src/Bootloader/DZ09_boot.c.obj
                0x700063a0                main
 .text.SHA1_Initialize
                0x70006490       0x48 CMakeFiles/bootloader.elf.dir/src/Bootloader/sha-1.c.obj
                0x70006490                SHA1_Initialize
 .text.SHA1_ProcessBlock
                0x700064d8      0x370 CMakeFiles/bootloader.elf.dir/src/Bootloader/sha-1.c.obj
                0x700064d8                SHA1_ProcessBlock
 .text.SHA1_ProcessData
                0x70006848      0x10c CMakeFiles/bootloader.elf.dir/src/Bootloader/sha-1.c.obj
                0x70006848                SHA1_ProcessData
 .text          0x70006954       0x48 CMakeFiles/bootloader.elf.dir/src/System/exchandlers.s.obj
                0x70006954                __nvic_irq_handler
                0x70006978                __nvic_fiq_handler
 .text.EMI_MemoryRemap
                0x7000699c       0x24 CMakeFiles/bootloader.elf.dir/src/Lib/MT6261/Drivers/emi.c.obj
                0x7000699c                EMI_MemoryRemap
 .text.NVIC_C_IRQ_Handler
                0x700069c0       0x40 CMakeFiles/bootloader.elf.dir/src/Lib/MT6261/Drivers/nvic.c.obj
                0x700069c0                NVIC_C_IRQ_Handler
 .text.NVIC_C_FIQ_Handler
                0x70006a00       0x40 CMakeFiles/bootloader.elf.dir/src/Lib/MT6261/Drivers/nvic.c.obj
                0x70006a00                NVIC_C_FIQ_Handler
 .text.PLL_Initialize
                0x70006a40      0x108 CMakeFiles/bootloader.elf.dir/src/Lib/MT6261/Drivers/pll.c.obj
                0x70006a40                PLL_Initialize
 .text.RGU_SetWDTInterval
                0x70006b48       0x44 CMakeFiles/bootloader.elf.dir/src/Lib/MT6261/Drivers/rgu.c.obj
                0x70006b48                RGU_SetWDTInterval
 .text.RGU_RestartWDT
                0x70006b8c       0x18 CMakeFiles/bootloader.elf.dir/src/Lib/MT6261/Drivers/rgu.c.obj
                0x70006b8c                RGU_RestartWDT
 .text.MPU_DisableCache
                0x70006ba4       0x28 CMakeFiles/bootloader.elf.dir/src/Lib/MT6261/Drivers/tcmcache.c.obj
                0x70006ba4                MPU_DisableCache
 .text.MPU_RestoreCacheEnState
                0x70006bcc       0x38 CMakeFiles/bootloader.elf.dir/src/Lib/MT6261/Drivers/tcmcache.c.obj
                0x70006bcc                MPU_RestoreCacheEnState
 .text.USC_StartCounter
                0x70006c04       0x18 CMakeFiles/bootloader.elf.dir/src/Lib/MT6261/Drivers/ustimer.c.obj
                0x70006c04                USC_StartCounter
 .text.USC_Pause_us
                0x70006c1c       0x3c CMakeFiles/bootloader.elf.dir/src/Lib/MT6261/Drivers/ustimer.c.obj
                0x70006c1c                USC_Pause_us
 .text.memcpy   0x70006c58      0x124 c:/projects/ultra700/gcc/bin/../lib/gcc/arm-none-eabi/9.3.1/../../../../arm-none-eabi/lib\libc.a(lib_a-memcpy-stub.o)
                0x70006c58                memcpy
 .text.memset   0x70006d7c      0x11c c:/projects/ultra700/gcc/bin/../lib/gcc/arm-none-eabi/9.3.1/../../../../arm-none-eabi/lib\libc.a(lib_a-memset.o)
                0x70006d7c                memset
 .text          0x70006e98      0x224 c:/projects/ultra700/gcc/bin/../lib/gcc/arm-none-eabi/9.3.1/../../../../arm-none-eabi/lib\libc.a(lib_a-strcmp.o)
                0x70006e98                strcmp
 *(.init)
 *(.fini)
 *crtbegin.o(.ctors)
 *crtbegin?.o(.ctors)
 *(EXCLUDE_FILE(*crtend.o *crtend?.o) .ctors)
 *(SORT_BY_NAME(.ctors.*))
 *(.ctors)
 *crtbegin.o(.dtors)
 *crtbegin?.o(.dtors)
 *(EXCLUDE_FILE(*crtend.o *crtend?.o) .dtors)
 *(SORT_BY_NAME(.dtors.*))
 *(.dtors)
 *(.rodata*)
 .rodata.main.str1.1
                0x700070bc        0xe CMakeFiles/bootloader.elf.dir/src/Bootloader/DZ09_boot.c.obj
 *(.eh_frame*)
                0x000000c4                __boot_header_size = (__boot_header_end - __boot_header_base)

.glue_7         0x700070cc        0x0
 .glue_7        0x700070cc        0x0 linker stubs

.glue_7t        0x700070cc        0x0
 .glue_7t       0x700070cc        0x0 linker stubs

.vfp11_veneer   0x700070cc        0x0
 .vfp11_veneer  0x700070cc        0x0 linker stubs

.v4_bx          0x700070cc        0x0
 .v4_bx         0x700070cc        0x0 linker stubs

.iplt           0x700070cc        0x0
 .iplt          0x700070cc        0x0 CMakeFiles/bootloader.elf.dir/src/startup_MT6261x.S.obj

.rel.dyn        0x700070cc        0x0
 .rel.iplt      0x700070cc        0x0 CMakeFiles/bootloader.elf.dir/src/startup_MT6261x.S.obj

.ARM.extab
 *(.ARM.extab* .gnu.linkonce.armextab.*)
                0x700070ca                __exidx_start = .

.ARM.exidx
 *(.ARM.exidx* .gnu.linkonce.armexidx.*)
                0x700070ca                __exidx_end = .
                0x700070cc                . = ALIGN (0x4)
                0x700070cc                __etext = .

.data           0x700070cc       0x54
                0x700070cc                __data_start__ = .
 *(vtable)
 *(.data*)
 .data          0x700070cc        0x0 CMakeFiles/bootloader.elf.dir/src/startup_MT6261x.S.obj
 .data          0x700070cc        0x0 CMakeFiles/bootloader.elf.dir/src/Bootloader/DZ09_boot.c.obj
 .data          0x700070cc        0x0 CMakeFiles/bootloader.elf.dir/src/Bootloader/sha-1.c.obj
 .data          0x700070cc        0x0 CMakeFiles/bootloader.elf.dir/src/Lib/bootheader.c.obj
 .data          0x700070cc        0x0 CMakeFiles/bootloader.elf.dir/src/System/asmutils.s.obj
 .data          0x700070cc        0x0 CMakeFiles/bootloader.elf.dir/src/System/exchandlers.s.obj
 .data          0x700070cc        0x0 CMakeFiles/bootloader.elf.dir/src/System/debug.c.obj
 .data          0x700070cc        0x0 CMakeFiles/bootloader.elf.dir/src/System/utils.c.obj
 .data          0x700070cc        0x0 CMakeFiles/bootloader.elf.dir/src/Lib/MT6261/Drivers/emi.c.obj
 .data          0x700070cc        0x0 CMakeFiles/bootloader.elf.dir/src/Lib/MT6261/Drivers/gpio.c.obj
 .data          0x700070cc        0x0 CMakeFiles/bootloader.elf.dir/src/Lib/MT6261/Drivers/nvic.c.obj
 .data          0x700070cc        0x0 CMakeFiles/bootloader.elf.dir/src/Lib/MT6261/Drivers/pll.c.obj
 .data          0x700070cc        0x0 CMakeFiles/bootloader.elf.dir/src/Lib/MT6261/Drivers/rgu.c.obj
 .data          0x700070cc        0x0 CMakeFiles/bootloader.elf.dir/src/Lib/MT6261/Drivers/tcmcache.c.obj
 .data          0x700070cc        0x0 CMakeFiles/bootloader.elf.dir/src/Lib/MT6261/Drivers/usart.c.obj
 .data.USARTINFO
                0x700070cc       0x54 CMakeFiles/bootloader.elf.dir/src/Lib/MT6261/Drivers/usart.c.obj
                0x700070cc                USARTINFO
 .data          0x70007120        0x0 CMakeFiles/bootloader.elf.dir/src/Lib/MT6261/Drivers/ustimer.c.obj
 .data          0x70007120        0x0 c:/projects/ultra700/gcc/bin/../lib/gcc/arm-none-eabi/9.3.1/../../../../arm-none-eabi/lib\libc.a(lib_a-memcpy-stub.o)
 .data          0x70007120        0x0 c:/projects/ultra700/gcc/bin/../lib/gcc/arm-none-eabi/9.3.1/../../../../arm-none-eabi/lib\libc.a(lib_a-memset.o)
 .data          0x70007120        0x0 c:/projects/ultra700/gcc/bin/../lib/gcc/arm-none-eabi/9.3.1/../../../../arm-none-eabi/lib\libc.a(lib_a-strcmp.o)
 .data          0x70007120        0x0 c:/projects/ultra700/gcc/bin/../lib/gcc/arm-none-eabi/9.3.1\libgcc.a(_udivsi3.o)
 .data          0x70007120        0x0 c:/projects/ultra700/gcc/bin/../lib/gcc/arm-none-eabi/9.3.1\libgcc.a(_dvmd_tls.o)
                0x70007120                . = ALIGN (0x4)
                [!provide]                PROVIDE (__preinit_array_start = .)
 *(.preinit_array)
                [!provide]                PROVIDE (__preinit_array_end = .)
                0x70007120                . = ALIGN (0x4)
                [!provide]                PROVIDE (__init_array_start = .)
 *(SORT_BY_NAME(.init_array.*))
 *(.init_array)
                [!provide]                PROVIDE (__init_array_end = .)
                0x70007120                . = ALIGN (0x4)
                [!provide]                PROVIDE (__fini_array_start = .)
 *(SORT_BY_NAME(.fini_array.*))
 *(.fini_array)
                [!provide]                PROVIDE (__fini_array_end = .)
                0x70007120                . = ALIGN (0x4)
                0x70007120                __data_end__ = .

.igot.plt       0x70007120        0x0
 .igot.plt      0x70007120        0x0 CMakeFiles/bootloader.elf.dir/src/startup_MT6261x.S.obj

.bss            0x70007120       0xe8
                0x70007120                __bss_start__ = .
 *(.bss*)
 .bss.IRQHandlers
                0x70007120       0xd4 CMakeFiles/bootloader.elf.dir/src/Lib/MT6261/Drivers/nvic.c.obj
 *(COMMON)
 COMMON         0x700071f4       0x14 CMakeFiles/bootloader.elf.dir/src/Bootloader/sha-1.c.obj
                0x700071f4                Hash
                0x70007208                __bss_end__ = .

.noinit         0x70007208        0x0
                0x70007208                __noinit_start__ = .
 *(.noinit*)
                0x70007208                __noinit_end__ = .

.heap           0x70007208      0xc00
                0x70007208                __end__ = .
                0x70007208                end = __end__
 *(.heap*)
 .heap          0x70007208      0xc00 CMakeFiles/bootloader.elf.dir/src/startup_MT6261x.S.obj
                0x70007208                __heap_base
                0x70007e08                __heap_limit
                0x70007e08                __HeapLimit = .
                0x7000b000                __StackTop = (ORIGIN (TCM) + LENGTH (TCM))
                0x70008c00                __StackLimit = (__StackTop - SUMM_StackSz)

.stack_dummy    0x70008c00     0x2400
 *(.stack)
 .stack         0x70008c00     0x2400 CMakeFiles/bootloader.elf.dir/src/startup_MT6261x.S.obj
                0x70008c00                __stack_limit
                0x7000b000                __stack_top
                0x10000000                __ROMImageBase = ORIGIN (ROM)
                0x10800000                __ROMImageLimit = (ORIGIN (ROM) + LENGTH (ROM))
                [!provide]                PROVIDE (__stack = __StackTop)
                0x00000001                ASSERT ((__StackLimit >= __HeapLimit), region RAM overflowed with stack)
OUTPUT(C:\Projects\ultra700\bin\bootloader.elf elf32-littlearm)
LOAD linker stubs

.ARM.attributes
                0x00000000       0x28
 .ARM.attributes
                0x00000000       0x1b CMakeFiles/bootloader.elf.dir/src/startup_MT6261x.S.obj
 .ARM.attributes
                0x0000001b       0x2c CMakeFiles/bootloader.elf.dir/src/Bootloader/DZ09_boot.c.obj
 .ARM.attributes
                0x00000047       0x2c CMakeFiles/bootloader.elf.dir/src/Bootloader/sha-1.c.obj
 .ARM.attributes
                0x00000073       0x32 CMakeFiles/bootloader.elf.dir/src/Lib/bootheader.c.obj
 .ARM.attributes
                0x000000a5       0x1b CMakeFiles/bootloader.elf.dir/src/System/asmutils.s.obj
 .ARM.attributes
                0x000000c0       0x1b CMakeFiles/bootloader.elf.dir/src/System/exchandlers.s.obj
 .ARM.attributes
                0x000000db       0x32 CMakeFiles/bootloader.elf.dir/src/System/debug.c.obj
 .ARM.attributes
                0x0000010d       0x2c CMakeFiles/bootloader.elf.dir/src/System/utils.c.obj
 .ARM.attributes
                0x00000139       0x2c CMakeFiles/bootloader.elf.dir/src/Lib/MT6261/Drivers/emi.c.obj
 .ARM.attributes
                0x00000165       0x2c CMakeFiles/bootloader.elf.dir/src/Lib/MT6261/Drivers/gpio.c.obj
 .ARM.attributes
                0x00000191       0x2c CMakeFiles/bootloader.elf.dir/src/Lib/MT6261/Drivers/nvic.c.obj
 .ARM.attributes
                0x000001bd       0x2c CMakeFiles/bootloader.elf.dir/src/Lib/MT6261/Drivers/pll.c.obj
 .ARM.attributes
                0x000001e9       0x2c CMakeFiles/bootloader.elf.dir/src/Lib/MT6261/Drivers/rgu.c.obj
 .ARM.attributes
                0x00000215       0x2c CMakeFiles/bootloader.elf.dir/src/Lib/MT6261/Drivers/tcmcache.c.obj
 .ARM.attributes
                0x00000241       0x2c CMakeFiles/bootloader.elf.dir/src/Lib/MT6261/Drivers/usart.c.obj
 .ARM.attributes
                0x0000026d       0x2c CMakeFiles/bootloader.elf.dir/src/Lib/MT6261/Drivers/ustimer.c.obj
 .ARM.attributes
                0x00000299       0x2a c:/projects/ultra700/gcc/bin/../lib/gcc/arm-none-eabi/9.3.1/../../../../arm-none-eabi/lib\libc.a(lib_a-memcpy-stub.o)
 .ARM.attributes
                0x000002c3       0x2a c:/projects/ultra700/gcc/bin/../lib/gcc/arm-none-eabi/9.3.1/../../../../arm-none-eabi/lib\libc.a(lib_a-memset.o)
 .ARM.attributes
                0x000002ed       0x1a c:/projects/ultra700/gcc/bin/../lib/gcc/arm-none-eabi/9.3.1/../../../../arm-none-eabi/lib\libc.a(lib_a-strcmp.o)
 .ARM.attributes
                0x00000307       0x1c c:/projects/ultra700/gcc/bin/../lib/gcc/arm-none-eabi/9.3.1\libgcc.a(_udivsi3.o)
 .ARM.attributes
                0x00000323       0x1c c:/projects/ultra700/gcc/bin/../lib/gcc/arm-none-eabi/9.3.1\libgcc.a(_dvmd_tls.o)

.comment        0x00000000       0x4c
 .comment       0x00000000       0x4c CMakeFiles/bootloader.elf.dir/src/Bootloader/DZ09_boot.c.obj
                                 0x4d (size before relaxing)
 .comment       0x0000004c       0x4d CMakeFiles/bootloader.elf.dir/src/Bootloader/sha-1.c.obj
 .comment       0x0000004c       0x4d CMakeFiles/bootloader.elf.dir/src/Lib/bootheader.c.obj
 .comment       0x0000004c       0x4d CMakeFiles/bootloader.elf.dir/src/System/debug.c.obj
 .comment       0x0000004c       0x4d CMakeFiles/bootloader.elf.dir/src/System/utils.c.obj
 .comment       0x0000004c       0x4d CMakeFiles/bootloader.elf.dir/src/Lib/MT6261/Drivers/emi.c.obj
 .comment       0x0000004c       0x4d CMakeFiles/bootloader.elf.dir/src/Lib/MT6261/Drivers/gpio.c.obj
 .comment       0x0000004c       0x4d CMakeFiles/bootloader.elf.dir/src/Lib/MT6261/Drivers/nvic.c.obj
 .comment       0x0000004c       0x4d CMakeFiles/bootloader.elf.dir/src/Lib/MT6261/Drivers/pll.c.obj
 .comment       0x0000004c       0x4d CMakeFiles/bootloader.elf.dir/src/Lib/MT6261/Drivers/rgu.c.obj
 .comment       0x0000004c       0x4d CMakeFiles/bootloader.elf.dir/src/Lib/MT6261/Drivers/tcmcache.c.obj
 .comment       0x0000004c       0x4d CMakeFiles/bootloader.elf.dir/src/Lib/MT6261/Drivers/usart.c.obj
 .comment       0x0000004c       0x4d CMakeFiles/bootloader.elf.dir/src/Lib/MT6261/Drivers/ustimer.c.obj

.debug_line     0x00000000     0x53df
 .debug_line    0x00000000       0xad CMakeFiles/bootloader.elf.dir/src/startup_MT6261x.S.obj
 .debug_line    0x000000ad      0x66c CMakeFiles/bootloader.elf.dir/src/Bootloader/DZ09_boot.c.obj
 .debug_line    0x00000719      0x8f7 CMakeFiles/bootloader.elf.dir/src/Bootloader/sha-1.c.obj
 .debug_line    0x00001010       0xb1 CMakeFiles/bootloader.elf.dir/src/Lib/bootheader.c.obj
 .debug_line    0x000010c1       0xaa CMakeFiles/bootloader.elf.dir/src/System/asmutils.s.obj
 .debug_line    0x0000116b       0x6e CMakeFiles/bootloader.elf.dir/src/System/exchandlers.s.obj
 .debug_line    0x000011d9      0x40d CMakeFiles/bootloader.elf.dir/src/System/debug.c.obj
 .debug_line    0x000015e6      0x43e CMakeFiles/bootloader.elf.dir/src/System/utils.c.obj
 .debug_line    0x00001a24      0x44e CMakeFiles/bootloader.elf.dir/src/Lib/MT6261/Drivers/emi.c.obj
 .debug_line    0x00001e72      0x5db CMakeFiles/bootloader.elf.dir/src/Lib/MT6261/Drivers/gpio.c.obj
 .debug_line    0x0000244d     0x116a CMakeFiles/bootloader.elf.dir/src/Lib/MT6261/Drivers/nvic.c.obj
 .debug_line    0x000035b7      0x4f8 CMakeFiles/bootloader.elf.dir/src/Lib/MT6261/Drivers/pll.c.obj
 .debug_line    0x00003aaf      0x53d CMakeFiles/bootloader.elf.dir/src/Lib/MT6261/Drivers/rgu.c.obj
 .debug_line    0x00003fec      0x627 CMakeFiles/bootloader.elf.dir/src/Lib/MT6261/Drivers/tcmcache.c.obj
 .debug_line    0x00004613      0x8f1 CMakeFiles/bootloader.elf.dir/src/Lib/MT6261/Drivers/usart.c.obj
 .debug_line    0x00004f04      0x4db CMakeFiles/bootloader.elf.dir/src/Lib/MT6261/Drivers/ustimer.c.obj

.debug_info     0x00000000     0xcc05
 .debug_info    0x00000000       0x22 CMakeFiles/bootloader.elf.dir/src/startup_MT6261x.S.obj
 .debug_info    0x00000022     0x1316 CMakeFiles/bootloader.elf.dir/src/Bootloader/DZ09_boot.c.obj
 .debug_info    0x00001338     0x1019 CMakeFiles/bootloader.elf.dir/src/Bootloader/sha-1.c.obj
 .debug_info    0x00002351      0x438 CMakeFiles/bootloader.elf.dir/src/Lib/bootheader.c.obj
 .debug_info    0x00002789       0x26 CMakeFiles/bootloader.elf.dir/src/System/asmutils.s.obj
 .debug_info    0x000027af       0x26 CMakeFiles/bootloader.elf.dir/src/System/exchandlers.s.obj
 .debug_info    0x000027d5      0xc9f CMakeFiles/bootloader.elf.dir/src/System/debug.c.obj
 .debug_info    0x00003474      0xd0b CMakeFiles/bootloader.elf.dir/src/System/utils.c.obj
 .debug_info    0x0000417f      0xd3d CMakeFiles/bootloader.elf.dir/src/Lib/MT6261/Drivers/emi.c.obj
 .debug_info    0x00004ebc     0x107c CMakeFiles/bootloader.elf.dir/src/Lib/MT6261/Drivers/gpio.c.obj
 .debug_info    0x00005f38     0x20c7 CMakeFiles/bootloader.elf.dir/src/Lib/MT6261/Drivers/nvic.c.obj
 .debug_info    0x00007fff      0xd28 CMakeFiles/bootloader.elf.dir/src/Lib/MT6261/Drivers/pll.c.obj
 .debug_info    0x00008d27      0xdc9 CMakeFiles/bootloader.elf.dir/src/Lib/MT6261/Drivers/rgu.c.obj
 .debug_info    0x00009af0      0xf5e CMakeFiles/bootloader.elf.dir/src/Lib/MT6261/Drivers/tcmcache.c.obj
 .debug_info    0x0000aa4e     0x1468 CMakeFiles/bootloader.elf.dir/src/Lib/MT6261/Drivers/usart.c.obj
 .debug_info    0x0000beb6      0xd4f CMakeFiles/bootloader.elf.dir/src/Lib/MT6261/Drivers/ustimer.c.obj

.debug_abbrev   0x00000000     0x2567
 .debug_abbrev  0x00000000       0x12 CMakeFiles/bootloader.elf.dir/src/startup_MT6261x.S.obj
 .debug_abbrev  0x00000012      0x2ff CMakeFiles/bootloader.elf.dir/src/Bootloader/DZ09_boot.c.obj
 .debug_abbrev  0x00000311      0x329 CMakeFiles/bootloader.elf.dir/src/Bootloader/sha-1.c.obj
 .debug_abbrev  0x0000063a       0xe5 CMakeFiles/bootloader.elf.dir/src/Lib/bootheader.c.obj
 .debug_abbrev  0x0000071f       0x14 CMakeFiles/bootloader.elf.dir/src/System/asmutils.s.obj
 .debug_abbrev  0x00000733       0x14 CMakeFiles/bootloader.elf.dir/src/System/exchandlers.s.obj
 .debug_abbrev  0x00000747      0x20e CMakeFiles/bootloader.elf.dir/src/System/debug.c.obj
 .debug_abbrev  0x00000955      0x262 CMakeFiles/bootloader.elf.dir/src/System/utils.c.obj
 .debug_abbrev  0x00000bb7      0x282 CMakeFiles/bootloader.elf.dir/src/Lib/MT6261/Drivers/emi.c.obj
 .debug_abbrev  0x00000e39      0x331 CMakeFiles/bootloader.elf.dir/src/Lib/MT6261/Drivers/gpio.c.obj
 .debug_abbrev  0x0000116a      0x498 CMakeFiles/bootloader.elf.dir/src/Lib/MT6261/Drivers/nvic.c.obj
 .debug_abbrev  0x00001602      0x280 CMakeFiles/bootloader.elf.dir/src/Lib/MT6261/Drivers/pll.c.obj
 .debug_abbrev  0x00001882      0x304 CMakeFiles/bootloader.elf.dir/src/Lib/MT6261/Drivers/rgu.c.obj
 .debug_abbrev  0x00001b86      0x30d CMakeFiles/bootloader.elf.dir/src/Lib/MT6261/Drivers/tcmcache.c.obj
 .debug_abbrev  0x00001e93      0x421 CMakeFiles/bootloader.elf.dir/src/Lib/MT6261/Drivers/usart.c.obj
 .debug_abbrev  0x000022b4      0x2b3 CMakeFiles/bootloader.elf.dir/src/Lib/MT6261/Drivers/ustimer.c.obj

.debug_aranges  0x00000000      0x3a0
 .debug_aranges
                0x00000000       0x30 CMakeFiles/bootloader.elf.dir/src/startup_MT6261x.S.obj
 .debug_aranges
                0x00000030       0x28 CMakeFiles/bootloader.elf.dir/src/Bootloader/DZ09_boot.c.obj
 .debug_aranges
                0x00000058       0x30 CMakeFiles/bootloader.elf.dir/src/Bootloader/sha-1.c.obj
 .debug_aranges
                0x00000088       0x18 CMakeFiles/bootloader.elf.dir/src/Lib/bootheader.c.obj
 .debug_aranges
                0x000000a0       0x20 CMakeFiles/bootloader.elf.dir/src/System/asmutils.s.obj
 .debug_aranges
                0x000000c0       0x20 CMakeFiles/bootloader.elf.dir/src/System/exchandlers.s.obj
 .debug_aranges
                0x000000e0       0x18 CMakeFiles/bootloader.elf.dir/src/System/debug.c.obj
 .debug_aranges
                0x000000f8       0x20 CMakeFiles/bootloader.elf.dir/src/System/utils.c.obj
 .debug_aranges
                0x00000118       0x20 CMakeFiles/bootloader.elf.dir/src/Lib/MT6261/Drivers/emi.c.obj
 .debug_aranges
                0x00000138       0x30 CMakeFiles/bootloader.elf.dir/src/Lib/MT6261/Drivers/gpio.c.obj
 .debug_aranges
                0x00000168       0xf0 CMakeFiles/bootloader.elf.dir/src/Lib/MT6261/Drivers/nvic.c.obj
 .debug_aranges
                0x00000258       0x20 CMakeFiles/bootloader.elf.dir/src/Lib/MT6261/Drivers/pll.c.obj
 .debug_aranges
                0x00000278       0x48 CMakeFiles/bootloader.elf.dir/src/Lib/MT6261/Drivers/rgu.c.obj
 .debug_aranges
                0x000002c0       0x40 CMakeFiles/bootloader.elf.dir/src/Lib/MT6261/Drivers/tcmcache.c.obj
 .debug_aranges
                0x00000300       0x68 CMakeFiles/bootloader.elf.dir/src/Lib/MT6261/Drivers/usart.c.obj
 .debug_aranges
                0x00000368       0x38 CMakeFiles/bootloader.elf.dir/src/Lib/MT6261/Drivers/ustimer.c.obj

.debug_str      0x00000000    0x21e27
 .debug_str     0x00000000       0x54 CMakeFiles/bootloader.elf.dir/src/startup_MT6261x.S.obj
 .debug_str     0x00000054    0x20f46 CMakeFiles/bootloader.elf.dir/src/Bootloader/DZ09_boot.c.obj
                              0x21360 (size before relaxing)
 .debug_str     0x00020f9a      0x225 CMakeFiles/bootloader.elf.dir/src/Bootloader/sha-1.c.obj
                              0x20eca (size before relaxing)
 .debug_str     0x000211bf      0x133 CMakeFiles/bootloader.elf.dir/src/Lib/bootheader.c.obj
                               0x3db3 (size before relaxing)
 .debug_str     0x000212f2       0x2b CMakeFiles/bootloader.elf.dir/src/System/asmutils.s.obj
                                 0x54 (size before relaxing)
 .debug_str     0x0002131d       0x2e CMakeFiles/bootloader.elf.dir/src/System/exchandlers.s.obj
                                 0x57 (size before relaxing)
 .debug_str     0x0002134b       0x28 CMakeFiles/bootloader.elf.dir/src/System/debug.c.obj
                              0x20c89 (size before relaxing)
 .debug_str     0x00021373       0x6a CMakeFiles/bootloader.elf.dir/src/System/utils.c.obj
                              0x20cd8 (size before relaxing)
 .debug_str     0x000213dd       0x6d CMakeFiles/bootloader.elf.dir/src/Lib/MT6261/Drivers/emi.c.obj
                              0x20d03 (size before relaxing)
 .debug_str     0x0002144a       0x63 CMakeFiles/bootloader.elf.dir/src/Lib/MT6261/Drivers/gpio.c.obj
                              0x20cc9 (size before relaxing)
 .debug_str     0x000214ad      0x3c4 CMakeFiles/bootloader.elf.dir/src/Lib/MT6261/Drivers/nvic.c.obj
                              0x2112a (size before relaxing)
 .debug_str     0x00021871       0x32 CMakeFiles/bootloader.elf.dir/src/Lib/MT6261/Drivers/pll.c.obj
                              0x20caf (size before relaxing)
 .debug_str     0x000218a3       0xba CMakeFiles/bootloader.elf.dir/src/Lib/MT6261/Drivers/rgu.c.obj
                              0x20d4d (size before relaxing)
 .debug_str     0x0002195d      0x10c CMakeFiles/bootloader.elf.dir/src/Lib/MT6261/Drivers/tcmcache.c.obj
                              0x20e85 (size before relaxing)
 .debug_str     0x00021a69      0x35b CMakeFiles/bootloader.elf.dir/src/Lib/MT6261/Drivers/usart.c.obj
                              0x210a7 (size before relaxing)
 .debug_str     0x00021dc4       0x63 CMakeFiles/bootloader.elf.dir/src/Lib/MT6261/Drivers/ustimer.c.obj
                              0x20ce2 (size before relaxing)

.debug_ranges   0x00000000      0x5a0
 .debug_ranges  0x00000000       0x28 CMakeFiles/bootloader.elf.dir/src/startup_MT6261x.S.obj
 .debug_ranges  0x00000028       0x60 CMakeFiles/bootloader.elf.dir/src/Bootloader/DZ09_boot.c.obj
 .debug_ranges  0x00000088       0x58 CMakeFiles/bootloader.elf.dir/src/Bootloader/sha-1.c.obj
 .debug_ranges  0x000000e0       0x10 CMakeFiles/bootloader.elf.dir/src/System/utils.c.obj
 .debug_ranges  0x000000f0       0x10 CMakeFiles/bootloader.elf.dir/src/Lib/MT6261/Drivers/emi.c.obj
 .debug_ranges  0x00000100       0x98 CMakeFiles/bootloader.elf.dir/src/Lib/MT6261/Drivers/gpio.c.obj
 .debug_ranges  0x00000198      0x210 CMakeFiles/bootloader.elf.dir/src/Lib/MT6261/Drivers/nvic.c.obj
 .debug_ranges  0x000003a8       0x10 CMakeFiles/bootloader.elf.dir/src/Lib/MT6261/Drivers/pll.c.obj
 .debug_ranges  0x000003b8       0x70 CMakeFiles/bootloader.elf.dir/src/Lib/MT6261/Drivers/rgu.c.obj
 .debug_ranges  0x00000428       0x30 CMakeFiles/bootloader.elf.dir/src/Lib/MT6261/Drivers/tcmcache.c.obj
 .debug_ranges  0x00000458      0x108 CMakeFiles/bootloader.elf.dir/src/Lib/MT6261/Drivers/usart.c.obj
 .debug_ranges  0x00000560       0x40 CMakeFiles/bootloader.elf.dir/src/Lib/MT6261/Drivers/ustimer.c.obj

.debug_loc      0x00000000     0x277d
 .debug_loc     0x00000000      0x15f CMakeFiles/bootloader.elf.dir/src/Bootloader/DZ09_boot.c.obj
 .debug_loc     0x0000015f      0x6c7 CMakeFiles/bootloader.elf.dir/src/Bootloader/sha-1.c.obj
 .debug_loc     0x00000826       0x66 CMakeFiles/bootloader.elf.dir/src/System/utils.c.obj
 .debug_loc     0x0000088c       0x3a CMakeFiles/bootloader.elf.dir/src/Lib/MT6261/Drivers/emi.c.obj
 .debug_loc     0x000008c6      0x3e3 CMakeFiles/bootloader.elf.dir/src/Lib/MT6261/Drivers/gpio.c.obj
 .debug_loc     0x00000ca9     0x14d5 CMakeFiles/bootloader.elf.dir/src/Lib/MT6261/Drivers/nvic.c.obj
 .debug_loc     0x0000217e       0x53 CMakeFiles/bootloader.elf.dir/src/Lib/MT6261/Drivers/rgu.c.obj
 .debug_loc     0x000021d1      0x171 CMakeFiles/bootloader.elf.dir/src/Lib/MT6261/Drivers/tcmcache.c.obj
 .debug_loc     0x00002342      0x43b CMakeFiles/bootloader.elf.dir/src/Lib/MT6261/Drivers/usart.c.obj

.debug_macro    0x00000000     0x8742
 .debug_macro   0x00000000      0x285 CMakeFiles/bootloader.elf.dir/src/Bootloader/DZ09_boot.c.obj
 .debug_macro   0x00000285      0xa7e CMakeFiles/bootloader.elf.dir/src/Bootloader/DZ09_boot.c.obj
 .debug_macro   0x00000d03      0x34e CMakeFiles/bootloader.elf.dir/src/Bootloader/DZ09_boot.c.obj
 .debug_macro   0x00001051       0x18 CMakeFiles/bootloader.elf.dir/src/Bootloader/DZ09_boot.c.obj
 .debug_macro   0x00001069       0x22 CMakeFiles/bootloader.elf.dir/src/Bootloader/DZ09_boot.c.obj
 .debug_macro   0x0000108b       0x5e CMakeFiles/bootloader.elf.dir/src/Bootloader/DZ09_boot.c.obj
 .debug_macro   0x000010e9       0x94 CMakeFiles/bootloader.elf.dir/src/Bootloader/DZ09_boot.c.obj
 .debug_macro   0x0000117d       0x35 CMakeFiles/bootloader.elf.dir/src/Bootloader/DZ09_boot.c.obj
 .debug_macro   0x000011b2       0x34 CMakeFiles/bootloader.elf.dir/src/Bootloader/DZ09_boot.c.obj
 .debug_macro   0x000011e6       0x16 CMakeFiles/bootloader.elf.dir/src/Bootloader/DZ09_boot.c.obj
 .debug_macro   0x000011fc      0x10e CMakeFiles/bootloader.elf.dir/src/Bootloader/DZ09_boot.c.obj
 .debug_macro   0x0000130a       0x8d CMakeFiles/bootloader.elf.dir/src/Bootloader/DZ09_boot.c.obj
 .debug_macro   0x00001397       0x16 CMakeFiles/bootloader.elf.dir/src/Bootloader/DZ09_boot.c.obj
 .debug_macro   0x000013ad       0x43 CMakeFiles/bootloader.elf.dir/src/Bootloader/DZ09_boot.c.obj
 .debug_macro   0x000013f0       0x57 CMakeFiles/bootloader.elf.dir/src/Bootloader/DZ09_boot.c.obj
 .debug_macro   0x00001447       0x34 CMakeFiles/bootloader.elf.dir/src/Bootloader/DZ09_boot.c.obj
 .debug_macro   0x0000147b       0x10 CMakeFiles/bootloader.elf.dir/src/Bootloader/DZ09_boot.c.obj
 .debug_macro   0x0000148b       0x58 CMakeFiles/bootloader.elf.dir/src/Bootloader/DZ09_boot.c.obj
 .debug_macro   0x000014e3      0x182 CMakeFiles/bootloader.elf.dir/src/Bootloader/DZ09_boot.c.obj
 .debug_macro   0x00001665      0x339 CMakeFiles/bootloader.elf.dir/src/Bootloader/DZ09_boot.c.obj
 .debug_macro   0x0000199e       0x16 CMakeFiles/bootloader.elf.dir/src/Bootloader/DZ09_boot.c.obj
 .debug_macro   0x000019b4       0x29 CMakeFiles/bootloader.elf.dir/src/Bootloader/DZ09_boot.c.obj
 .debug_macro   0x000019dd       0x16 CMakeFiles/bootloader.elf.dir/src/Bootloader/DZ09_boot.c.obj
 .debug_macro   0x000019f3       0x35 CMakeFiles/bootloader.elf.dir/src/Bootloader/DZ09_boot.c.obj
 .debug_macro   0x00001a28       0x34 CMakeFiles/bootloader.elf.dir/src/Bootloader/DZ09_boot.c.obj
 .debug_macro   0x00001a5c       0xe2 CMakeFiles/bootloader.elf.dir/src/Bootloader/DZ09_boot.c.obj
 .debug_macro   0x00001b3e      0x1ea CMakeFiles/bootloader.elf.dir/src/Bootloader/DZ09_boot.c.obj
 .debug_macro   0x00001d28      0x2a4 CMakeFiles/bootloader.elf.dir/src/Bootloader/DZ09_boot.c.obj
 .debug_macro   0x00001fcc       0xf4 CMakeFiles/bootloader.elf.dir/src/Bootloader/DZ09_boot.c.obj
 .debug_macro   0x000020c0      0x284 CMakeFiles/bootloader.elf.dir/src/Bootloader/DZ09_boot.c.obj
 .debug_macro   0x00002344      0x4c0 CMakeFiles/bootloader.elf.dir/src/Bootloader/DZ09_boot.c.obj
 .debug_macro   0x00002804      0xdee CMakeFiles/bootloader.elf.dir/src/Bootloader/DZ09_boot.c.obj
 .debug_macro   0x000035f2      0x27e CMakeFiles/bootloader.elf.dir/src/Bootloader/DZ09_boot.c.obj
 .debug_macro   0x00003870       0xa6 CMakeFiles/bootloader.elf.dir/src/Bootloader/DZ09_boot.c.obj
 .debug_macro   0x00003916     0x12bb CMakeFiles/bootloader.elf.dir/src/Bootloader/DZ09_boot.c.obj
 .debug_macro   0x00004bd1      0x31d CMakeFiles/bootloader.elf.dir/src/Bootloader/DZ09_boot.c.obj
 .debug_macro   0x00004eee      0x1de CMakeFiles/bootloader.elf.dir/src/Bootloader/DZ09_boot.c.obj
 .debug_macro   0x000050cc       0x16 CMakeFiles/bootloader.elf.dir/src/Bootloader/DZ09_boot.c.obj
 .debug_macro   0x000050e2      0x130 CMakeFiles/bootloader.elf.dir/src/Bootloader/DZ09_boot.c.obj
 .debug_macro   0x00005212       0x40 CMakeFiles/bootloader.elf.dir/src/Bootloader/DZ09_boot.c.obj
 .debug_macro   0x00005252       0x10 CMakeFiles/bootloader.elf.dir/src/Bootloader/DZ09_boot.c.obj
 .debug_macro   0x00005262      0x5b0 CMakeFiles/bootloader.elf.dir/src/Bootloader/DZ09_boot.c.obj
 .debug_macro   0x00005812      0x100 CMakeFiles/bootloader.elf.dir/src/Bootloader/DZ09_boot.c.obj
 .debug_macro   0x00005912      0x519 CMakeFiles/bootloader.elf.dir/src/Bootloader/DZ09_boot.c.obj
 .debug_macro   0x00005e2b       0x76 CMakeFiles/bootloader.elf.dir/src/Bootloader/DZ09_boot.c.obj
 .debug_macro   0x00005ea1      0x2fd CMakeFiles/bootloader.elf.dir/src/Bootloader/DZ09_boot.c.obj
 .debug_macro   0x0000619e      0x1b4 CMakeFiles/bootloader.elf.dir/src/Bootloader/DZ09_boot.c.obj
 .debug_macro   0x00006352      0x49d CMakeFiles/bootloader.elf.dir/src/Bootloader/DZ09_boot.c.obj
 .debug_macro   0x000067ef      0x1de CMakeFiles/bootloader.elf.dir/src/Bootloader/DZ09_boot.c.obj
 .debug_macro   0x000069cd       0x12 CMakeFiles/bootloader.elf.dir/src/Bootloader/DZ09_boot.c.obj
 .debug_macro   0x000069df       0xee CMakeFiles/bootloader.elf.dir/src/Bootloader/DZ09_boot.c.obj
 .debug_macro   0x00006acd       0xa0 CMakeFiles/bootloader.elf.dir/src/Bootloader/DZ09_boot.c.obj
 .debug_macro   0x00006b6d       0x22 CMakeFiles/bootloader.elf.dir/src/Bootloader/DZ09_boot.c.obj
 .debug_macro   0x00006b8f       0x22 CMakeFiles/bootloader.elf.dir/src/Bootloader/DZ09_boot.c.obj
 .debug_macro   0x00006bb1       0x64 CMakeFiles/bootloader.elf.dir/src/Bootloader/DZ09_boot.c.obj
 .debug_macro   0x00006c15       0x10 CMakeFiles/bootloader.elf.dir/src/Bootloader/DZ09_boot.c.obj
 .debug_macro   0x00006c25      0x2ae CMakeFiles/bootloader.elf.dir/src/Bootloader/sha-1.c.obj
 .debug_macro   0x00006ed3       0x2d CMakeFiles/bootloader.elf.dir/src/Lib/bootheader.c.obj
 .debug_macro   0x00006f00      0x26d CMakeFiles/bootloader.elf.dir/src/System/debug.c.obj
 .debug_macro   0x0000716d      0x26d CMakeFiles/bootloader.elf.dir/src/System/utils.c.obj
 .debug_macro   0x000073da      0x26d CMakeFiles/bootloader.elf.dir/src/Lib/MT6261/Drivers/emi.c.obj
 .debug_macro   0x00007647      0x26d CMakeFiles/bootloader.elf.dir/src/Lib/MT6261/Drivers/gpio.c.obj
 .debug_macro   0x000078b4      0x26d CMakeFiles/bootloader.elf.dir/src/Lib/MT6261/Drivers/nvic.c.obj
 .debug_macro   0x00007b21      0x26d CMakeFiles/bootloader.elf.dir/src/Lib/MT6261/Drivers/pll.c.obj
 .debug_macro   0x00007d8e      0x26d CMakeFiles/bootloader.elf.dir/src/Lib/MT6261/Drivers/rgu.c.obj
 .debug_macro   0x00007ffb      0x26d CMakeFiles/bootloader.elf.dir/src/Lib/MT6261/Drivers/tcmcache.c.obj
 .debug_macro   0x00008268      0x26d CMakeFiles/bootloader.elf.dir/src/Lib/MT6261/Drivers/usart.c.obj
 .debug_macro   0x000084d5      0x26d CMakeFiles/bootloader.elf.dir/src/Lib/MT6261/Drivers/ustimer.c.obj

.debug_frame    0x00000000      0x794
 .debug_frame   0x00000000       0x60 CMakeFiles/bootloader.elf.dir/src/Bootloader/DZ09_boot.c.obj
 .debug_frame   0x00000060       0x78 CMakeFiles/bootloader.elf.dir/src/Bootloader/sha-1.c.obj
 .debug_frame   0x000000d8       0x28 CMakeFiles/bootloader.elf.dir/src/System/utils.c.obj
 .debug_frame   0x00000100       0x2c CMakeFiles/bootloader.elf.dir/src/Lib/MT6261/Drivers/emi.c.obj
 .debug_frame   0x0000012c       0x48 CMakeFiles/bootloader.elf.dir/src/Lib/MT6261/Drivers/gpio.c.obj
 .debug_frame   0x00000174      0x2d4 CMakeFiles/bootloader.elf.dir/src/Lib/MT6261/Drivers/nvic.c.obj
 .debug_frame   0x00000448       0x34 CMakeFiles/bootloader.elf.dir/src/Lib/MT6261/Drivers/pll.c.obj
 .debug_frame   0x0000047c       0x70 CMakeFiles/bootloader.elf.dir/src/Lib/MT6261/Drivers/rgu.c.obj
 .debug_frame   0x000004ec       0x7c CMakeFiles/bootloader.elf.dir/src/Lib/MT6261/Drivers/tcmcache.c.obj
 .debug_frame   0x00000568       0xe8 CMakeFiles/bootloader.elf.dir/src/Lib/MT6261/Drivers/usart.c.obj
 .debug_frame   0x00000650       0x58 CMakeFiles/bootloader.elf.dir/src/Lib/MT6261/Drivers/ustimer.c.obj
 .debug_frame   0x000006a8       0x3c c:/projects/ultra700/gcc/bin/../lib/gcc/arm-none-eabi/9.3.1/../../../../arm-none-eabi/lib\libc.a(lib_a-memcpy-stub.o)
 .debug_frame   0x000006e4       0x50 c:/projects/ultra700/gcc/bin/../lib/gcc/arm-none-eabi/9.3.1/../../../../arm-none-eabi/lib\libc.a(lib_a-memset.o)
 .debug_frame   0x00000734       0x40 c:/projects/ultra700/gcc/bin/../lib/gcc/arm-none-eabi/9.3.1/../../../../arm-none-eabi/lib\libc.a(lib_a-strcmp.o)
 .debug_frame   0x00000774       0x20 c:/projects/ultra700/gcc/bin/../lib/gcc/arm-none-eabi/9.3.1\libgcc.a(_udivsi3.o)
