Archive member included to satisfy reference by file (symbol)

c:/projects/ultra700/gcc/bin/../lib/gcc/arm-none-eabi/9.3.1/../../../../arm-none-eabi/lib\libc.a(lib_a-fflush.o)
                              CMakeFiles/payload.elf.dir/src/System/debug.c.obj (fflush)
c:/projects/ultra700/gcc/bin/../lib/gcc/arm-none-eabi/9.3.1/../../../../arm-none-eabi/lib\libc.a(lib_a-findfp.o)
                              c:/projects/ultra700/gcc/bin/../lib/gcc/arm-none-eabi/9.3.1/../../../../arm-none-eabi/lib\libc.a(lib_a-fflush.o) (__sinit)
c:/projects/ultra700/gcc/bin/../lib/gcc/arm-none-eabi/9.3.1/../../../../arm-none-eabi/lib\libc.a(lib_a-freer.o)
                              c:/projects/ultra700/gcc/bin/../lib/gcc/arm-none-eabi/9.3.1/../../../../arm-none-eabi/lib\libc.a(lib_a-fflush.o) (_free_r)
c:/projects/ultra700/gcc/bin/../lib/gcc/arm-none-eabi/9.3.1/../../../../arm-none-eabi/lib\libc.a(lib_a-fwalk.o)
                              c:/projects/ultra700/gcc/bin/../lib/gcc/arm-none-eabi/9.3.1/../../../../arm-none-eabi/lib\libc.a(lib_a-findfp.o) (_fwalk)
c:/projects/ultra700/gcc/bin/../lib/gcc/arm-none-eabi/9.3.1/../../../../arm-none-eabi/lib\libc.a(lib_a-impure.o)
                              c:/projects/ultra700/gcc/bin/../lib/gcc/arm-none-eabi/9.3.1/../../../../arm-none-eabi/lib\libc.a(lib_a-fflush.o) (_global_impure_ptr)
c:/projects/ultra700/gcc/bin/../lib/gcc/arm-none-eabi/9.3.1/../../../../arm-none-eabi/lib\libc.a(lib_a-lock.o)
                              c:/projects/ultra700/gcc/bin/../lib/gcc/arm-none-eabi/9.3.1/../../../../arm-none-eabi/lib\libc.a(lib_a-findfp.o) (__retarget_lock_init_recursive)
c:/projects/ultra700/gcc/bin/../lib/gcc/arm-none-eabi/9.3.1/../../../../arm-none-eabi/lib\libc.a(lib_a-mallocr.o)
                              c:/projects/ultra700/gcc/bin/../lib/gcc/arm-none-eabi/9.3.1/../../../../arm-none-eabi/lib\libc.a(lib_a-findfp.o) (_malloc_r)
c:/projects/ultra700/gcc/bin/../lib/gcc/arm-none-eabi/9.3.1/../../../../arm-none-eabi/lib\libc.a(lib_a-memcmp.o)
                              CMakeFiles/payload.elf.dir/src/Lib/MT6261/Drivers/lcdif.c.obj (memcmp)
c:/projects/ultra700/gcc/bin/../lib/gcc/arm-none-eabi/9.3.1/../../../../arm-none-eabi/lib\libc.a(lib_a-memcpy-stub.o)
                              CMakeFiles/payload.elf.dir/src/System/evmngr.c.obj (memcpy)
c:/projects/ultra700/gcc/bin/../lib/gcc/arm-none-eabi/9.3.1/../../../../arm-none-eabi/lib\libc.a(lib_a-memset.o)
                              CMakeFiles/payload.elf.dir/src/System/dlist.c.obj (memset)
c:/projects/ultra700/gcc/bin/../lib/gcc/arm-none-eabi/9.3.1/../../../../arm-none-eabi/lib\libc.a(lib_a-mlock.o)
                              c:/projects/ultra700/gcc/bin/../lib/gcc/arm-none-eabi/9.3.1/../../../../arm-none-eabi/lib\libc.a(lib_a-freer.o) (__malloc_lock)
c:/projects/ultra700/gcc/bin/../lib/gcc/arm-none-eabi/9.3.1/../../../../arm-none-eabi/lib\libc.a(lib_a-printf.o)
                              CMakeFiles/payload.elf.dir/src/System/debug.c.obj (printf)
c:/projects/ultra700/gcc/bin/../lib/gcc/arm-none-eabi/9.3.1/../../../../arm-none-eabi/lib\libc.a(lib_a-sbrkr.o)
                              c:/projects/ultra700/gcc/bin/../lib/gcc/arm-none-eabi/9.3.1/../../../../arm-none-eabi/lib\libc.a(lib_a-freer.o) (_sbrk_r)
c:/projects/ultra700/gcc/bin/../lib/gcc/arm-none-eabi/9.3.1/../../../../arm-none-eabi/lib\libc.a(lib_a-stdio.o)
                              c:/projects/ultra700/gcc/bin/../lib/gcc/arm-none-eabi/9.3.1/../../../../arm-none-eabi/lib\libc.a(lib_a-findfp.o) (__sread)
c:/projects/ultra700/gcc/bin/../lib/gcc/arm-none-eabi/9.3.1/../../../../arm-none-eabi/lib\libc.a(lib_a-strcmp.o)
                              CMakeFiles/payload.elf.dir/src/Application/Drivers/fs_fat32.c.obj (strcmp)
c:/projects/ultra700/gcc/bin/../lib/gcc/arm-none-eabi/9.3.1/../../../../arm-none-eabi/lib\libc.a(lib_a-strlen-stub.o)
                              CMakeFiles/payload.elf.dir/src/GUI/guiobject.c.obj (strlen)
c:/projects/ultra700/gcc/bin/../lib/gcc/arm-none-eabi/9.3.1/../../../../arm-none-eabi/lib\libc.a(lib_a-vfprintf.o)
                              c:/projects/ultra700/gcc/bin/../lib/gcc/arm-none-eabi/9.3.1/../../../../arm-none-eabi/lib\libc.a(lib_a-printf.o) (_vfprintf_r)
c:/projects/ultra700/gcc/bin/../lib/gcc/arm-none-eabi/9.3.1/../../../../arm-none-eabi/lib\libc.a(lib_a-vsnprintf.o)
                              CMakeFiles/payload.elf.dir/src/Application/appinit.c.obj (vsnprintf)
c:/projects/ultra700/gcc/bin/../lib/gcc/arm-none-eabi/9.3.1/../../../../arm-none-eabi/lib\libc.a(lib_a-writer.o)
                              c:/projects/ultra700/gcc/bin/../lib/gcc/arm-none-eabi/9.3.1/../../../../arm-none-eabi/lib\libc.a(lib_a-stdio.o) (_write_r)
c:/projects/ultra700/gcc/bin/../lib/gcc/arm-none-eabi/9.3.1/../../../../arm-none-eabi/lib\libc.a(lib_a-wsetup.o)
                              c:/projects/ultra700/gcc/bin/../lib/gcc/arm-none-eabi/9.3.1/../../../../arm-none-eabi/lib\libc.a(lib_a-vfprintf.o) (__swsetup_r)
[...]
Memory Configuration

Name             Origin             Length             Attributes
ROM              0x10006000         0x007fa000         xr
RAM              0x00000000         0x00400000         xrw
TCM              0x70000000         0x0000b000         xrw
*default*        0x00000000         0xffffffff

Linker script and memory map

START GROUP
LOAD c:/projects/ultra700/gcc/bin/../lib/gcc/arm-none-eabi/9.3.1/../../../../arm-none-eabi/lib\libc.a
LOAD c:/projects/ultra700/gcc/bin/../lib/gcc/arm-none-eabi/9.3.1\libgcc.a
LOAD c:/projects/ultra700/gcc/bin/../lib/gcc/arm-none-eabi/9.3.1/../../../../arm-none-eabi/lib\libnosys.a
END GROUP
LOAD CMakeFiles/payload.elf.dir/src/startup_MT6261x.S.obj
LOAD CMakeFiles/payload.elf.dir/src/System/DZ09.c.obj
LOAD CMakeFiles/payload.elf.dir/src/Lib/appheader.c.obj
LOAD CMakeFiles/payload.elf.dir/src/System/asmutils.s.obj
LOAD CMakeFiles/payload.elf.dir/src/System/exchandlers.s.obj
LOAD CMakeFiles/payload.elf.dir/src/System/crc.c.obj
LOAD CMakeFiles/payload.elf.dir/src/System/debug.c.obj
LOAD CMakeFiles/payload.elf.dir/src/System/dlist.c.obj
LOAD CMakeFiles/payload.elf.dir/src/System/evmngr.c.obj
LOAD CMakeFiles/payload.elf.dir/src/System/fscache.c.obj
LOAD CMakeFiles/payload.elf.dir/src/System/init.c.obj
LOAD CMakeFiles/payload.elf.dir/src/System/lrtimer.c.obj
LOAD CMakeFiles/payload.elf.dir/src/System/memory.c.obj
LOAD CMakeFiles/payload.elf.dir/src/System/pmngr.c.obj
LOAD CMakeFiles/payload.elf.dir/src/System/resource.c.obj
LOAD CMakeFiles/payload.elf.dir/src/System/ringbuf.c.obj
LOAD CMakeFiles/payload.elf.dir/src/System/sf.c.obj
LOAD CMakeFiles/payload.elf.dir/src/System/tlsf.c.obj
LOAD CMakeFiles/payload.elf.dir/src/System/utils.c.obj
LOAD CMakeFiles/payload.elf.dir/src/Lib/MT6261/Drivers/auxadc.c.obj
LOAD CMakeFiles/payload.elf.dir/src/Lib/MT6261/Drivers/afe.c.obj
LOAD CMakeFiles/payload.elf.dir/src/Lib/MT6261/Drivers/emi.c.obj
LOAD CMakeFiles/payload.elf.dir/src/Lib/MT6261/Drivers/gpio.c.obj
LOAD CMakeFiles/payload.elf.dir/src/Lib/MT6261/Drivers/gpt.c.obj
LOAD CMakeFiles/payload.elf.dir/src/Lib/MT6261/Drivers/lcdif.c.obj
LOAD CMakeFiles/payload.elf.dir/src/Lib/MT6261/Drivers/msdc.c.obj
LOAD CMakeFiles/payload.elf.dir/src/Lib/MT6261/Drivers/nvic.c.obj
LOAD CMakeFiles/payload.elf.dir/src/Lib/MT6261/Drivers/pctl.c.obj
LOAD CMakeFiles/payload.elf.dir/src/Lib/MT6261/Drivers/pll.c.obj
LOAD CMakeFiles/payload.elf.dir/src/Lib/MT6261/Drivers/pmu.c.obj
LOAD CMakeFiles/payload.elf.dir/src/Lib/MT6261/Drivers/pwm.c.obj
LOAD CMakeFiles/payload.elf.dir/src/Lib/MT6261/Drivers/rgu.c.obj
LOAD CMakeFiles/payload.elf.dir/src/Lib/MT6261/Drivers/rtc.c.obj
LOAD CMakeFiles/payload.elf.dir/src/Lib/MT6261/Drivers/sfi.c.obj
LOAD CMakeFiles/payload.elf.dir/src/Lib/MT6261/Drivers/spi.c.obj
LOAD CMakeFiles/payload.elf.dir/src/Lib/MT6261/Drivers/tcmcache.c.obj
LOAD CMakeFiles/payload.elf.dir/src/Lib/MT6261/Drivers/usart.c.obj
LOAD CMakeFiles/payload.elf.dir/src/Lib/MT6261/Drivers/usb.c.obj
LOAD CMakeFiles/payload.elf.dir/src/Lib/MT6261/Drivers/ustimer.c.obj
LOAD CMakeFiles/payload.elf.dir/src/Lib/USB/usb9.c.obj
LOAD CMakeFiles/payload.elf.dir/src/GUI/gdi.c.obj
LOAD CMakeFiles/payload.elf.dir/src/GUI/gdifont.c.obj
LOAD CMakeFiles/payload.elf.dir/src/GUI/gdiutils.c.obj
LOAD CMakeFiles/payload.elf.dir/src/GUI/gui.c.obj
LOAD CMakeFiles/payload.elf.dir/src/GUI/guibutton.c.obj
LOAD CMakeFiles/payload.elf.dir/src/GUI/guilabel.c.obj
LOAD CMakeFiles/payload.elf.dir/src/GUI/guiobject.c.obj
LOAD CMakeFiles/payload.elf.dir/src/GUI/guiwin.c.obj
LOAD CMakeFiles/payload.elf.dir/src/Application/appinit.c.obj
LOAD CMakeFiles/payload.elf.dir/src/Application/audio_note.c.obj
LOAD CMakeFiles/payload.elf.dir/src/Application/Drivers/backlight.c.obj
LOAD CMakeFiles/payload.elf.dir/src/Application/Drivers/delay.c.obj
LOAD CMakeFiles/payload.elf.dir/src/Application/Drivers/dflib.c.obj
LOAD CMakeFiles/payload.elf.dir/src/Application/Drivers/ft6236.c.obj
LOAD CMakeFiles/payload.elf.dir/src/Application/Drivers/ili9341.c.obj
LOAD CMakeFiles/payload.elf.dir/src/Application/Drivers/simple_keypad.c.obj
LOAD CMakeFiles/payload.elf.dir/src/Application/Drivers/single_led.c.obj
LOAD CMakeFiles/payload.elf.dir/src/Application/Drivers/sdcard.c.obj
LOAD CMakeFiles/payload.elf.dir/src/Application/Drivers/sd_minimal.c.obj
LOAD CMakeFiles/payload.elf.dir/src/Application/Drivers/fs_fat32.c.obj
LOAD CMakeFiles/payload.elf.dir/src/Application/pcm_player.c.obj
LOAD CMakeFiles/payload.elf.dir/src/Application/Drivers/usbdevice_cdc.c.obj
LOAD c:/projects/ultra700/gcc/bin/../lib/gcc/arm-none-eabi/9.3.1/../../../../arm-none-eabi/lib\libc.a
LOAD c:/projects/ultra700/gcc/bin/../lib/gcc/arm-none-eabi/9.3.1\libgcc.a
LOAD c:/projects/ultra700/gcc/bin/../lib/gcc/arm-none-eabi/9.3.1/../../../../arm-none-eabi/lib\libnosys.a
LOAD C:/Projects/ultra700/src/GUI/Resource/fontlib.a
START GROUP
LOAD c:/projects/ultra700/gcc/bin/../lib/gcc/arm-none-eabi/9.3.1\libgcc.a
LOAD c:/projects/ultra700/gcc/bin/../lib/gcc/arm-none-eabi/9.3.1/../../../../arm-none-eabi/lib\libg.a
LOAD c:/projects/ultra700/gcc/bin/../lib/gcc/arm-none-eabi/9.3.1/../../../../arm-none-eabi/lib\libc.a
END GROUP

.text           0x10006000    0x1c76c
                0x10006000                __app_header_base = .
 *(.app_header)
 .app_header    0x10006000       0x44 CMakeFiles/payload.elf.dir/src/Lib/appheader.c.obj
                0x10006000                app_header
                0x10006044                __app_header_end = .
 *(.reset_handler)
 .reset_handler
                0x10006044       0x98 CMakeFiles/payload.elf.dir/src/startup_MT6261x.S.obj
                0x10006044                __reset_handler
 *(.text*)
 .text          0x100060dc       0x18 CMakeFiles/payload.elf.dir/src/startup_MT6261x.S.obj
                0x100060dc                __undefined_handler
                0x100060e0                __swi_handler
                0x100060e4                __prefetch_handler
                0x100060e8                __abort_handler
 .text.startup.main
                0x100060f4       0x18 CMakeFiles/payload.elf.dir/src/System/DZ09.c.obj
                0x100060f4                main
 .text          0x1000610c      0x1a4 CMakeFiles/payload.elf.dir/src/System/asmutils.s.obj
                0x1000610c                __enable_interrupts
                0x10006124                __disable_interrupts
                0x1000613c                __restore_interrupts
                0x10006158                __ctz
                0x100061bc                __clz
                0x1000622c                __get_cpu_freq_ticks
                0x10006260                __freq_loops_cycles
                0x10006268                __secure_memset
                0x1000628c                __is_in_isr_mode
 .text          0x100062b0       0x48 CMakeFiles/payload.elf.dir/src/System/exchandlers.s.obj
                0x100062b0                __nvic_irq_handler
                0x100062d4                __nvic_fiq_handler
 .text.DBG_Initialize
                0x100062f8       0x38 CMakeFiles/payload.elf.dir/src/System/debug.c.obj
                0x100062f8                DBG_Initialize
 .text._write   0x10006330       0x5c CMakeFiles/payload.elf.dir/src/System/debug.c.obj
                0x10006330                _write
 .text.DL_ItemByData
                0x1000638c       0x80 CMakeFiles/payload.elf.dir/src/System/dlist.c.obj
 .text.DL_IndexOfItem
                0x1000640c       0x38 CMakeFiles/payload.elf.dir/src/System/dlist.c.obj
 .text.DL_ItemByIndex
                0x10006444       0x68 CMakeFiles/payload.elf.dir/src/System/dlist.c.obj
 .text.DL_Create
                0x100064ac       0x28 CMakeFiles/payload.elf.dir/src/System/dlist.c.obj
                0x100064ac                DL_Create
 .text.DL_Delete
                0x100064d4       0xb4 CMakeFiles/payload.elf.dir/src/System/dlist.c.obj
                0x100064d4                DL_Delete
 .text.DL_GetItemsCount
                0x10006588       0x20 CMakeFiles/payload.elf.dir/src/System/dlist.c.obj
                0x10006588                DL_GetItemsCount
 .text.DL_GetFirstItem
                0x100065a8       0x20 CMakeFiles/payload.elf.dir/src/System/dlist.c.obj
                0x100065a8                DL_GetFirstItem
 .text.DL_GetLastItem
                0x100065c8       0x20 CMakeFiles/payload.elf.dir/src/System/dlist.c.obj
                0x100065c8                DL_GetLastItem
 .text.DL_GetPrevItem
                0x100065e8       0x20 CMakeFiles/payload.elf.dir/src/System/dlist.c.obj
                0x100065e8                DL_GetPrevItem
 .text.DL_GetNextItem
                0x10006608       0x20 CMakeFiles/payload.elf.dir/src/System/dlist.c.obj
                0x10006608                DL_GetNextItem
 .text.DL_GetItemIndex
                0x10006628       0x34 CMakeFiles/payload.elf.dir/src/System/dlist.c.obj
                0x10006628                DL_GetItemIndex
 .text.DL_FindItemByData
                0x1000665c       0x3c CMakeFiles/payload.elf.dir/src/System/dlist.c.obj
                0x1000665c                DL_FindItemByData
 .text.DL_FindItemByDataReverse
                0x10006698       0x9c CMakeFiles/payload.elf.dir/src/System/dlist.c.obj
                0x10006698                DL_FindItemByDataReverse
 .text.DL_AddItemPtr
                0x10006734       0x6c CMakeFiles/payload.elf.dir/src/System/dlist.c.obj
                0x10006734                DL_AddItemPtr
 .text.DL_AddItemAtIndexPtr
                0x100067a0       0x8c CMakeFiles/payload.elf.dir/src/System/dlist.c.obj
                0x100067a0                DL_AddItemAtIndexPtr
 .text.DL_InsertItemBeforePtr
                0x1000682c       0x70 CMakeFiles/payload.elf.dir/src/System/dlist.c.obj
                0x1000682c                DL_InsertItemBeforePtr
 .text.DL_ExcludeItem
                0x1000689c       0x68 CMakeFiles/payload.elf.dir/src/System/dlist.c.obj
                0x1000689c                DL_ExcludeItem
 .text.DL_DeleteItem
                0x10006904       0x44 CMakeFiles/payload.elf.dir/src/System/dlist.c.obj
                0x10006904                DL_DeleteItem
 .text.DL_DeleteLastItem
                0x10006948       0x60 CMakeFiles/payload.elf.dir/src/System/dlist.c.obj
                0x10006948                DL_DeleteLastItem
 .text.DL_MoveItemToIndex
                0x100069a8       0xd4 CMakeFiles/payload.elf.dir/src/System/dlist.c.obj
                0x100069a8                DL_MoveItemToIndex
 .text.EM_Initialize
                0x10006a7c       0x30 CMakeFiles/payload.elf.dir/src/System/evmngr.c.obj
                0x10006a7c                EM_Initialize
 .text.EM_PostEvent
                0x10006aac       0x80 CMakeFiles/payload.elf.dir/src/System/evmngr.c.obj
                0x10006aac                EM_PostEvent
 .text.EM_ProcessEvents
                0x10006b2c      0x108 CMakeFiles/payload.elf.dir/src/System/evmngr.c.obj
                0x10006b2c                EM_ProcessEvents
 .text.Init     0x10006c34      0x1a4 CMakeFiles/payload.elf.dir/src/System/init.c.obj
                0x10006c34                Init
 .text.LRT_GPTHandler
                0x10006dd8      0x114 CMakeFiles/payload.elf.dir/src/System/lrtimer.c.obj
                0x10006dd8                LRT_GPTHandler
 .text.LRT_Initialize
                0x10006eec       0xa4 CMakeFiles/payload.elf.dir/src/System/lrtimer.c.obj
                0x10006eec                LRT_Initialize
 .text.LRT_Create
                0x10006f90       0xa0 CMakeFiles/payload.elf.dir/src/System/lrtimer.c.obj
                0x10006f90                LRT_Create
 .text.LRT_Destroy
                0x10007030       0x88 CMakeFiles/payload.elf.dir/src/System/lrtimer.c.obj
                0x10007030                LRT_Destroy
 .text.LRT_Start
                0x100070b8       0x68 CMakeFiles/payload.elf.dir/src/System/lrtimer.c.obj
                0x100070b8                LRT_Start
 .text.LRT_Stop
                0x10007120       0x5c CMakeFiles/payload.elf.dir/src/System/lrtimer.c.obj
                0x10007120                LRT_Stop
 .text.LRT_SetInterval
                0x1000717c       0x50 CMakeFiles/payload.elf.dir/src/System/lrtimer.c.obj
                0x1000717c                LRT_SetInterval
 .text.InitializeMemoryPool
                0x100071cc       0x3c CMakeFiles/payload.elf.dir/src/System/memory.c.obj
                0x100071cc                InitializeMemoryPool
 .text.malloc   0x10007208       0x2c CMakeFiles/payload.elf.dir/src/System/memory.c.obj
                0x10007208                malloc
 .text.free     0x10007234       0x24 CMakeFiles/payload.elf.dir/src/System/memory.c.obj
                0x10007234                free
 .text.IsDynamicMemory
                0x10007258       0x30 CMakeFiles/payload.elf.dir/src/System/memory.c.obj
                0x10007258                IsDynamicMemory
 .text.GetTotalUsedMemory
                0x10007288        0xc CMakeFiles/payload.elf.dir/src/System/memory.c.obj
                0x10007288                GetTotalUsedMemory
 .text.RB_Create
                0x10007294       0x70 CMakeFiles/payload.elf.dir/src/System/ringbuf.c.obj
                0x10007294                RB_Create
 .text.RB_Destroy
                0x10007304       0x5c CMakeFiles/payload.elf.dir/src/System/ringbuf.c.obj
                0x10007304                RB_Destroy
 .text.RB_WriteData
                0x10007360      0x150 CMakeFiles/payload.elf.dir/src/System/ringbuf.c.obj
                0x10007360                RB_WriteData
 .text.RB_GetCurrentDataCount
                0x100074b0       0x20 CMakeFiles/payload.elf.dir/src/System/ringbuf.c.obj
                0x100074b0                RB_GetCurrentDataCount
 .text.RB_FlashBuffer
                0x100074d0       0x28 CMakeFiles/payload.elf.dir/src/System/ringbuf.c.obj
                0x100074d0                RB_FlashBuffer
 .text.SF_Initialize
                0x100074f8      0x208 CMakeFiles/payload.elf.dir/src/System/sf.c.obj
                0x100074f8                SF_Initialize
 .text.ls_bit   0x10007700       0x44 CMakeFiles/payload.elf.dir/src/System/tlsf.c.obj
 .text.ms_bit   0x10007744       0x3c CMakeFiles/payload.elf.dir/src/System/tlsf.c.obj
 .text.set_bit  0x10007780       0x1c CMakeFiles/payload.elf.dir/src/System/tlsf.c.obj
 .text.clear_bit
                0x1000779c       0x1c CMakeFiles/payload.elf.dir/src/System/tlsf.c.obj
 .text.MAPPING_INSERT
                0x100077b8       0x50 CMakeFiles/payload.elf.dir/src/System/tlsf.c.obj
 .text.get_used_size
                0x10007808        0x8 CMakeFiles/payload.elf.dir/src/System/tlsf.c.obj
                0x10007808                get_used_size
 .text.destroy_memory_pool
                0x10007810        0xc CMakeFiles/payload.elf.dir/src/System/tlsf.c.obj
                0x10007810                destroy_memory_pool
 .text.malloc_ex
                0x1000781c      0x21c CMakeFiles/payload.elf.dir/src/System/tlsf.c.obj
                0x1000781c                malloc_ex
 .text.tlsf_malloc
                0x10007a38       0x10 CMakeFiles/payload.elf.dir/src/System/tlsf.c.obj
                0x10007a38                tlsf_malloc
 .text.free_ex  0x10007a48      0x238 CMakeFiles/payload.elf.dir/src/System/tlsf.c.obj
                0x10007a48                free_ex
 .text.init_memory_pool
                0x10007c80      0x100 CMakeFiles/payload.elf.dir/src/System/tlsf.c.obj
                0x10007c80                init_memory_pool
 .text.tlsf_free
                0x10007d80       0x10 CMakeFiles/payload.elf.dir/src/System/tlsf.c.obj
                0x10007d80                tlsf_free
 .text.GetCPUFrequency
                0x10007d90       0x24 CMakeFiles/payload.elf.dir/src/System/utils.c.obj
                0x10007d90                GetCPUFrequency
 .text.AUXADC_WaitBusy
                0x10007db4       0x4c CMakeFiles/payload.elf.dir/src/Lib/MT6261/Drivers/auxadc.c.obj
 .text.AUXADC_Disable
                0x10007e00       0x20 CMakeFiles/payload.elf.dir/src/Lib/MT6261/Drivers/auxadc.c.obj
                0x10007e00                AUXADC_Disable
 .text.AUXADC_Enable
                0x10007e20       0x60 CMakeFiles/payload.elf.dir/src/Lib/MT6261/Drivers/auxadc.c.obj
                0x10007e20                AUXADC_Enable
 .text.AUXADC_MeasureMultiple
                0x10007e80       0x7c CMakeFiles/payload.elf.dir/src/Lib/MT6261/Drivers/auxadc.c.obj
                0x10007e80                AUXADC_MeasureMultiple
 .text.AFE_SetSpeakerVolume
                0x10007efc       0x24 CMakeFiles/payload.elf.dir/src/Lib/MT6261/Drivers/afe.c.obj
                0x10007efc                AFE_SetSpeakerVolume
 .text.AFE_SetAudioSampleRate
                0x10007f20       0x4c CMakeFiles/payload.elf.dir/src/Lib/MT6261/Drivers/afe.c.obj
                0x10007f20                AFE_SetAudioSampleRate
 .text.AFE_initialize
                0x10007f6c      0x344 CMakeFiles/payload.elf.dir/src/Lib/MT6261/Drivers/afe.c.obj
                0x10007f6c                AFE_initialize
 .text.Beep     0x100082b0       0x38 CMakeFiles/payload.elf.dir/src/Lib/MT6261/Drivers/afe.c.obj
                0x100082b0                Beep
 .text.AFE_Unmute
                0x100082e8       0x64 CMakeFiles/payload.elf.dir/src/Lib/MT6261/Drivers/afe.c.obj
                0x100082e8                AFE_Unmute
 .text.AFE_EnsureOutputPath
                0x1000834c       0x54 CMakeFiles/payload.elf.dir/src/Lib/MT6261/Drivers/afe.c.obj
                0x1000834c                AFE_EnsureOutputPath
 .text.GPIO_Setup.part.0
                0x100083a0      0x38c CMakeFiles/payload.elf.dir/src/Lib/MT6261/Drivers/gpio.c.obj
 .text.GPIO_Initialize
                0x1000872c       0xb4 CMakeFiles/payload.elf.dir/src/Lib/MT6261/Drivers/gpio.c.obj
                0x1000872c                GPIO_Initialize
 .text.GPIO_Setup
                0x100087e0        0xc CMakeFiles/payload.elf.dir/src/Lib/MT6261/Drivers/gpio.c.obj
                0x100087e0                GPIO_Setup
 .text.GPT_UpdatePowerState
                0x100087ec       0x24 CMakeFiles/payload.elf.dir/src/Lib/MT6261/Drivers/gpt.c.obj
 .text.GPT_InterruptHandler
                0x10008810       0x6c CMakeFiles/payload.elf.dir/src/Lib/MT6261/Drivers/gpt.c.obj
 .text.GPT_RegisterInterrupt
                0x1000887c       0x48 CMakeFiles/payload.elf.dir/src/Lib/MT6261/Drivers/gpt.c.obj
 .text.GPT_TryUnregisterInterrupt
                0x100088c4       0x70 CMakeFiles/payload.elf.dir/src/Lib/MT6261/Drivers/gpt.c.obj
 .text.GPT_InitializeTimers
                0x10008934       0x94 CMakeFiles/payload.elf.dir/src/Lib/MT6261/Drivers/gpt.c.obj
                0x10008934                GPT_InitializeTimers
 .text.GPT_StartTimer
                0x100089c8       0xe4 CMakeFiles/payload.elf.dir/src/Lib/MT6261/Drivers/gpt.c.obj
                0x100089c8                GPT_StartTimer
 .text.GPT_SetupTimer
                0x10008aac      0x28c CMakeFiles/payload.elf.dir/src/Lib/MT6261/Drivers/gpt.c.obj
                0x10008aac                GPT_SetupTimer
 .text.LCDIF_WriteCommand
                0x10008d38       0x10 CMakeFiles/payload.elf.dir/src/Lib/MT6261/Drivers/lcdif.c.obj
                0x10008d38                LCDIF_WriteCommand
 .text.LCDIF_WriteData
                0x10008d48       0x10 CMakeFiles/payload.elf.dir/src/Lib/MT6261/Drivers/lcdif.c.obj
                0x10008d48                LCDIF_WriteData
 .text.LCDIF_SetClock
                0x10008d58       0x24 CMakeFiles/payload.elf.dir/src/Lib/MT6261/Drivers/lcdif.c.obj
                0x10008d58                LCDIF_SetClock
 .text.LCDIF_StartLCDTransfer
                0x10008d7c       0x1c CMakeFiles/payload.elf.dir/src/Lib/MT6261/Drivers/lcdif.c.obj
                0x10008d7c                LCDIF_StartLCDTransfer
 .text.LCDIF_DeleteCommandFromQueue
                0x10008d98       0x38 CMakeFiles/payload.elf.dir/src/Lib/MT6261/Drivers/lcdif.c.obj
                0x10008d98                LCDIF_DeleteCommandFromQueue
 .text.LCDIF_GetCommandFromQueue
                0x10008dd0      0x12c CMakeFiles/payload.elf.dir/src/Lib/MT6261/Drivers/lcdif.c.obj
                0x10008dd0                LCDIF_GetCommandFromQueue
 .text.LCDIF_ISR
                0x10008efc       0x58 CMakeFiles/payload.elf.dir/src/Lib/MT6261/Drivers/lcdif.c.obj
                0x10008efc                LCDIF_ISR
 .text.LCDIF_RestartQueue
                0x10008f54       0x3c CMakeFiles/payload.elf.dir/src/Lib/MT6261/Drivers/lcdif.c.obj
                0x10008f54                LCDIF_RestartQueue
 .text.LCDIF_AddCommandToQueue
                0x10008f90       0xc8 CMakeFiles/payload.elf.dir/src/Lib/MT6261/Drivers/lcdif.c.obj
                0x10008f90                LCDIF_AddCommandToQueue
 .text.LCDIF_RegisterISR
                0x10009058       0x28 CMakeFiles/payload.elf.dir/src/Lib/MT6261/Drivers/lcdif.c.obj
                0x10009058                LCDIF_RegisterISR
 .text.LCDIF_UnregisterISR
                0x10009080        0x8 CMakeFiles/payload.elf.dir/src/Lib/MT6261/Drivers/lcdif.c.obj
                0x10009080                LCDIF_UnregisterISR
 .text.LCDIF_DisableInterface
                0x10009088       0x60 CMakeFiles/payload.elf.dir/src/Lib/MT6261/Drivers/lcdif.c.obj
                0x10009088                LCDIF_DisableInterface
 .text.LCDIF_Initialize
                0x100090e8      0x240 CMakeFiles/payload.elf.dir/src/Lib/MT6261/Drivers/lcdif.c.obj
                0x100090e8                LCDIF_Initialize
 .text.LCDIF_SetupLayer
                0x10009328      0x1dc CMakeFiles/payload.elf.dir/src/Lib/MT6261/Drivers/lcdif.c.obj
                0x10009328                LCDIF_SetupLayer
 .text.LCDIF_IsLayerInitialized
                0x10009504       0x30 CMakeFiles/payload.elf.dir/src/Lib/MT6261/Drivers/lcdif.c.obj
                0x10009504                LCDIF_IsLayerInitialized
 .text.LCDIF_UpdateRectangle
                0x10009534       0x54 CMakeFiles/payload.elf.dir/src/Lib/MT6261/Drivers/lcdif.c.obj
                0x10009534                LCDIF_UpdateRectangle
 .text.LCDIF_SetLayerEnabled
                0x10009588      0x10c CMakeFiles/payload.elf.dir/src/Lib/MT6261/Drivers/lcdif.c.obj
                0x10009588                LCDIF_SetLayerEnabled
 .text.LCDIF_UpdateRectangleBlocked
                0x10009694       0x40 CMakeFiles/payload.elf.dir/src/Lib/MT6261/Drivers/lcdif.c.obj
                0x10009694                LCDIF_UpdateRectangleBlocked
 .text.NVIC_UnmaskIRQ2
                0x100096d4       0x58 CMakeFiles/payload.elf.dir/src/Lib/MT6261/Drivers/nvic.c.obj
 .text.NVIC_MaskIRQ2
                0x1000972c       0x58 CMakeFiles/payload.elf.dir/src/Lib/MT6261/Drivers/nvic.c.obj
 .text.NVIC_SetIRQSenseEdge
                0x10009784       0x58 CMakeFiles/payload.elf.dir/src/Lib/MT6261/Drivers/nvic.c.obj
 .text.NVIC_SetIRQSenseLevel
                0x100097dc       0x58 CMakeFiles/payload.elf.dir/src/Lib/MT6261/Drivers/nvic.c.obj
 .text.NVIC_UnmaskEINT2
                0x10009834       0x48 CMakeFiles/payload.elf.dir/src/Lib/MT6261/Drivers/nvic.c.obj
 .text.NVIC_MaskEINT2
                0x1000987c       0x48 CMakeFiles/payload.elf.dir/src/Lib/MT6261/Drivers/nvic.c.obj
 .text.NVIC_SetEINTSenseEdge
                0x100098c4       0x48 CMakeFiles/payload.elf.dir/src/Lib/MT6261/Drivers/nvic.c.obj
 .text.NVIC_SetEINTSenseLevel
                0x1000990c       0x48 CMakeFiles/payload.elf.dir/src/Lib/MT6261/Drivers/nvic.c.obj
 .text.NVIC_SetEINTPolarity
                0x10009954       0xa0 CMakeFiles/payload.elf.dir/src/Lib/MT6261/Drivers/nvic.c.obj
 .text.NVIC_EnableEINT_D0Event2
                0x100099f4       0x54 CMakeFiles/payload.elf.dir/src/Lib/MT6261/Drivers/nvic.c.obj
 .text.NVIC_DisableEINT_D0Event2
                0x10009a48       0x4c CMakeFiles/payload.elf.dir/src/Lib/MT6261/Drivers/nvic.c.obj
 .text.NVIC_SetEINTDebounce
                0x10009a94      0x10c CMakeFiles/payload.elf.dir/src/Lib/MT6261/Drivers/nvic.c.obj
 .text.NVIC_ADIE_C_IRQ_Handler
                0x10009ba0       0x68 CMakeFiles/payload.elf.dir/src/Lib/MT6261/Drivers/nvic.c.obj
                0x10009ba0                NVIC_ADIE_C_IRQ_Handler
 .text.NVIC_AEINTCHandler
                0x10009c08       0x7c CMakeFiles/payload.elf.dir/src/Lib/MT6261/Drivers/nvic.c.obj
                0x10009c08                NVIC_AEINTCHandler
 .text.NVIC_EINTCHandler
                0x10009c84       0x7c CMakeFiles/payload.elf.dir/src/Lib/MT6261/Drivers/nvic.c.obj
                0x10009c84                NVIC_EINTCHandler
 .text.NVIC_ChangeInterruptMode
                0x10009d00       0xac CMakeFiles/payload.elf.dir/src/Lib/MT6261/Drivers/nvic.c.obj
                0x10009d00                NVIC_ChangeInterruptMode
 .text.NVIC_C_IRQ_Handler
                0x10009dac       0x70 CMakeFiles/payload.elf.dir/src/Lib/MT6261/Drivers/nvic.c.obj
                0x10009dac                NVIC_C_IRQ_Handler
 .text.NVIC_C_FIQ_Handler
                0x10009e1c       0x70 CMakeFiles/payload.elf.dir/src/Lib/MT6261/Drivers/nvic.c.obj
                0x10009e1c                NVIC_C_FIQ_Handler
 .text.NVIC_UnregisterIRQ
                0x10009e8c       0x78 CMakeFiles/payload.elf.dir/src/Lib/MT6261/Drivers/nvic.c.obj
                0x10009e8c                NVIC_UnregisterIRQ
 .text.NVIC_RegisterIRQ
                0x10009f04       0xfc CMakeFiles/payload.elf.dir/src/Lib/MT6261/Drivers/nvic.c.obj
                0x10009f04                NVIC_RegisterIRQ
 .text.NVIC_Initialize
                0x1000a000      0x1d4 CMakeFiles/payload.elf.dir/src/Lib/MT6261/Drivers/nvic.c.obj
                0x1000a000                NVIC_Initialize
 .text.NVIC_UnregisterEINT
                0x1000a1d4       0x80 CMakeFiles/payload.elf.dir/src/Lib/MT6261/Drivers/nvic.c.obj
                0x1000a1d4                NVIC_UnregisterEINT
 .text.NVIC_RegisterEINT
                0x1000a254      0x150 CMakeFiles/payload.elf.dir/src/Lib/MT6261/Drivers/nvic.c.obj
                0x1000a254                NVIC_RegisterEINT
 .text.NVIC_EnableEINT
                0x1000a3a4       0x40 CMakeFiles/payload.elf.dir/src/Lib/MT6261/Drivers/nvic.c.obj
                0x1000a3a4                NVIC_EnableEINT
 .text.NVIC_EnableIRQ
                0x1000a3e4       0x40 CMakeFiles/payload.elf.dir/src/Lib/MT6261/Drivers/nvic.c.obj
                0x1000a3e4                NVIC_EnableIRQ
 .text.NVIC_DisableIRQ
                0x1000a424       0x40 CMakeFiles/payload.elf.dir/src/Lib/MT6261/Drivers/nvic.c.obj
                0x1000a424                NVIC_DisableIRQ
 .text.PCTL_Initialize
                0x1000a464       0x94 CMakeFiles/payload.elf.dir/src/Lib/MT6261/Drivers/pctl.c.obj
                0x1000a464                PCTL_Initialize
 .text.PCTL_GetPeripheralPowerStatus
                0x1000a4f8       0x48 CMakeFiles/payload.elf.dir/src/Lib/MT6261/Drivers/pctl.c.obj
                0x1000a4f8                PCTL_GetPeripheralPowerStatus
 .text.PMU_PWRKeyInterruptHandler
                0x1000a540       0x2c CMakeFiles/payload.elf.dir/src/Lib/MT6261/Drivers/pmu.c.obj
 .text.PMU_InterruptHandler
                0x1000a56c       0x20 CMakeFiles/payload.elf.dir/src/Lib/MT6261/Drivers/pmu.c.obj
 .text.PMU_FilterADCMeasures.constprop.0
                0x1000a58c       0xcc CMakeFiles/payload.elf.dir/src/Lib/MT6261/Drivers/pmu.c.obj
 .text.PMU_MeasureChargeParams
                0x1000a658      0x184 CMakeFiles/payload.elf.dir/src/Lib/MT6261/Drivers/pmu.c.obj
 .text.PMU_SetPWRKEYLongPressFunction
                0x1000a7dc       0xf8 CMakeFiles/payload.elf.dir/src/Lib/MT6261/Drivers/pmu.c.obj
                0x1000a7dc                PMU_SetPWRKEYLongPressFunction
 .text.PMU_SetChargerWDTEnabled
                0x1000a8d4       0x50 CMakeFiles/payload.elf.dir/src/Lib/MT6261/Drivers/pmu.c.obj
                0x1000a8d4                PMU_SetChargerWDTEnabled
 .text.PMU_IsChargerConnected
                0x1000a924       0x18 CMakeFiles/payload.elf.dir/src/Lib/MT6261/Drivers/pmu.c.obj
                0x1000a924                PMU_IsChargerConnected
 .text.PMU_ChargerEnable
                0x1000a93c      0x148 CMakeFiles/payload.elf.dir/src/Lib/MT6261/Drivers/pmu.c.obj
 .text.PMU_ChargerTimerHandler
                0x1000aa84      0x218 CMakeFiles/payload.elf.dir/src/Lib/MT6261/Drivers/pmu.c.obj
 .text.PMU_DisableUSBDLMode
                0x1000ac9c       0x34 CMakeFiles/payload.elf.dir/src/Lib/MT6261/Drivers/pmu.c.obj
                0x1000ac9c                PMU_DisableUSBDLMode
 .text.PMU_SetISINKMode
                0x1000acd0       0x1c CMakeFiles/payload.elf.dir/src/Lib/MT6261/Drivers/pmu.c.obj
                0x1000acd0                PMU_SetISINKMode
 .text.PMU_SetISINKOutput
                0x1000acec       0x58 CMakeFiles/payload.elf.dir/src/Lib/MT6261/Drivers/pmu.c.obj
                0x1000acec                PMU_SetISINKOutput
 .text.PMU_DisableISINKs
                0x1000ad44       0x20 CMakeFiles/payload.elf.dir/src/Lib/MT6261/Drivers/pmu.c.obj
                0x1000ad44                PMU_DisableISINKs
 .text.PMU_SetISINKParameters
                0x1000ad64       0xa0 CMakeFiles/payload.elf.dir/src/Lib/MT6261/Drivers/pmu.c.obj
                0x1000ad64                PMU_SetISINKParameters
 .text.PMU_TurnOnVUSB
                0x1000ae04       0x2c CMakeFiles/payload.elf.dir/src/Lib/MT6261/Drivers/pmu.c.obj
                0x1000ae04                PMU_TurnOnVUSB
 .text.PMU_Initialize
                0x1000ae30      0x1f0 CMakeFiles/payload.elf.dir/src/Lib/MT6261/Drivers/pmu.c.obj
                0x1000ae30                PMU_Initialize
 .text.PWM_SetPowerDown
                0x1000b020      0x12c CMakeFiles/payload.elf.dir/src/Lib/MT6261/Drivers/pwm.c.obj
                0x1000b020                PWM_SetPowerDown
 .text.PWM_SetupChannel
                0x1000b14c       0xc4 CMakeFiles/payload.elf.dir/src/Lib/MT6261/Drivers/pwm.c.obj
                0x1000b14c                PWM_SetupChannel
 .text.PWM_SetDutyCycle
                0x1000b210       0xb0 CMakeFiles/payload.elf.dir/src/Lib/MT6261/Drivers/pwm.c.obj
                0x1000b210                PWM_SetDutyCycle
 .text.RGU_RestartWDT
                0x1000b2c0       0x18 CMakeFiles/payload.elf.dir/src/Lib/MT6261/Drivers/rgu.c.obj
                0x1000b2c0                RGU_RestartWDT
 .text.RTC_WaitCBUSY
                0x1000b2d8       0x18 CMakeFiles/payload.elf.dir/src/Lib/MT6261/Drivers/rtc.c.obj
 .text.RTC_UpdateContext
                0x1000b2f0       0x14 CMakeFiles/payload.elf.dir/src/Lib/MT6261/Drivers/rtc.c.obj
 .text.RTC_DayOfWeek
                0x1000b304       0x88 CMakeFiles/payload.elf.dir/src/Lib/MT6261/Drivers/rtc.c.obj
 .text.RTC_IsValidState
                0x1000b38c       0x4c CMakeFiles/payload.elf.dir/src/Lib/MT6261/Drivers/rtc.c.obj
                0x1000b38c                RTC_IsValidState
 .text.RTC_SetDateTime
                0x1000b3d8      0x128 CMakeFiles/payload.elf.dir/src/Lib/MT6261/Drivers/rtc.c.obj
                0x1000b3d8                RTC_SetDateTime
 .text.RTC_SetAlarmDateTime
                0x1000b500      0x15c CMakeFiles/payload.elf.dir/src/Lib/MT6261/Drivers/rtc.c.obj
                0x1000b500                RTC_SetAlarmDateTime
 .text.RTC_Initialize
                0x1000b65c      0x15c CMakeFiles/payload.elf.dir/src/Lib/MT6261/Drivers/rtc.c.obj
                0x1000b65c                RTC_Initialize
 .text.MPU_AddRegion
                0x1000b7b8      0x15c CMakeFiles/payload.elf.dir/src/Lib/MT6261/Drivers/tcmcache.c.obj
                0x1000b7b8                MPU_AddRegion
 .text.MPU_Initialize
                0x1000b914       0x78 CMakeFiles/payload.elf.dir/src/Lib/MT6261/Drivers/tcmcache.c.obj
                0x1000b914                MPU_Initialize
 .text.USART_GetPDCode
                0x1000b98c       0x20 CMakeFiles/payload.elf.dir/src/Lib/MT6261/Drivers/usart.c.obj
                0x1000b98c                USART_GetPDCode
 .text.USART_GetContext
                0x1000b9ac       0x1c CMakeFiles/payload.elf.dir/src/Lib/MT6261/Drivers/usart.c.obj
                0x1000b9ac                USART_GetContext
 .text.USART_EnableInterrupts
                0x1000b9c8       0x7c CMakeFiles/payload.elf.dir/src/Lib/MT6261/Drivers/usart.c.obj
                0x1000b9c8                USART_EnableInterrupts
 .text.USART_Initialize
                0x1000ba44      0x254 CMakeFiles/payload.elf.dir/src/Lib/MT6261/Drivers/usart.c.obj
                0x1000ba44                USART_Initialize
 .text.USART_DisableInterrupts
                0x1000bc98       0x7c CMakeFiles/payload.elf.dir/src/Lib/MT6261/Drivers/usart.c.obj
                0x1000bc98                USART_DisableInterrupts
 .text.USART_SendBufferPoll
                0x1000bd14       0x98 CMakeFiles/payload.elf.dir/src/Lib/MT6261/Drivers/usart.c.obj
                0x1000bd14                USART_SendBufferPoll
 .text.USB_EPFIFORead
                0x1000bdac       0x38 CMakeFiles/payload.elf.dir/src/Lib/MT6261/Drivers/usb.c.obj
 .text.USB_EPDefaultHandler
                0x1000bde4       0x64 CMakeFiles/payload.elf.dir/src/Lib/MT6261/Drivers/usb.c.obj
 .text.USB_SetDeviceState
                0x1000be48       0x50 CMakeFiles/payload.elf.dir/src/Lib/MT6261/Drivers/usb.c.obj
                0x1000be48                USB_SetDeviceState
 .text.USB_EnableDevice
                0x1000be98       0xa0 CMakeFiles/payload.elf.dir/src/Lib/MT6261/Drivers/usb.c.obj
                0x1000be98                USB_EnableDevice
 .text.USB_DisableDevice
                0x1000bf38       0x9c CMakeFiles/payload.elf.dir/src/Lib/MT6261/Drivers/usb.c.obj
                0x1000bf38                USB_DisableDevice
 .text.USB_Initialize
                0x1000bfd4       0x60 CMakeFiles/payload.elf.dir/src/Lib/MT6261/Drivers/usb.c.obj
                0x1000bfd4                USB_Initialize
 .text.USB_SetDeviceAddress
                0x1000c034       0x14 CMakeFiles/payload.elf.dir/src/Lib/MT6261/Drivers/usb.c.obj
                0x1000c034                USB_SetDeviceAddress
 .text.USB_GetDeviceState
                0x1000c048       0x10 CMakeFiles/payload.elf.dir/src/Lib/MT6261/Drivers/usb.c.obj
                0x1000c048                USB_GetDeviceState
 .text.USB_SetupEndpoint
                0x1000c058      0x11c CMakeFiles/payload.elf.dir/src/Lib/MT6261/Drivers/usb.c.obj
                0x1000c058                USB_SetupEndpoint
 .text.USB_SetEndpointEnabled
                0x1000c174      0x170 CMakeFiles/payload.elf.dir/src/Lib/MT6261/Drivers/usb.c.obj
                0x1000c174                USB_SetEndpointEnabled
 .text.USB_ResetDevice
                0x1000c2e4       0xac CMakeFiles/payload.elf.dir/src/Lib/MT6261/Drivers/usb.c.obj
 .text.USB_InterruptHandler
                0x1000c390      0x110 CMakeFiles/payload.elf.dir/src/Lib/MT6261/Drivers/usb.c.obj
 .text.USB_OnCableDisconnect
                0x1000c4a0       0x18 CMakeFiles/payload.elf.dir/src/Lib/MT6261/Drivers/usb.c.obj
                0x1000c4a0                USB_OnCableDisconnect
 .text.USB_GetOUTDataLength
                0x1000c4b8       0x74 CMakeFiles/payload.elf.dir/src/Lib/MT6261/Drivers/usb.c.obj
                0x1000c4b8                USB_GetOUTDataLength
 .text.USB_UpdateEPState
                0x1000c52c       0xcc CMakeFiles/payload.elf.dir/src/Lib/MT6261/Drivers/usb.c.obj
                0x1000c52c                USB_UpdateEPState
 .text.USB_DataReceive.part.0
                0x1000c5f8       0xc0 CMakeFiles/payload.elf.dir/src/Lib/MT6261/Drivers/usb.c.obj
 .text.USB_DataTransmit.part.0
                0x1000c6b8       0xac CMakeFiles/payload.elf.dir/src/Lib/MT6261/Drivers/usb.c.obj
 .text.USB_EP0Handler
                0x1000c764       0xb8 CMakeFiles/payload.elf.dir/src/Lib/MT6261/Drivers/usb.c.obj
 .text.USB_ControlEPStall
                0x1000c81c      0x15c CMakeFiles/payload.elf.dir/src/Lib/MT6261/Drivers/usb.c.obj
                0x1000c81c                USB_ControlEPStall
 .text.USB_PrepareDataReceive
                0x1000c978       0x58 CMakeFiles/payload.elf.dir/src/Lib/MT6261/Drivers/usb.c.obj
                0x1000c978                USB_PrepareDataReceive
 .text.USB_DataReceive
                0x1000c9d0       0x38 CMakeFiles/payload.elf.dir/src/Lib/MT6261/Drivers/usb.c.obj
                0x1000c9d0                USB_DataReceive
 .text.USB_PrepareDataTransmit
                0x1000ca08       0x58 CMakeFiles/payload.elf.dir/src/Lib/MT6261/Drivers/usb.c.obj
                0x1000ca08                USB_PrepareDataTransmit
 .text.USB_DataTransmit
                0x1000ca60       0x38 CMakeFiles/payload.elf.dir/src/Lib/MT6261/Drivers/usb.c.obj
                0x1000ca60                USB_DataTransmit
 .text.USB_GetDataAmount
                0x1000ca98       0x48 CMakeFiles/payload.elf.dir/src/Lib/MT6261/Drivers/usb.c.obj
                0x1000ca98                USB_GetDataAmount
 .text.USB_GetEPStage
                0x1000cae0       0x34 CMakeFiles/payload.elf.dir/src/Lib/MT6261/Drivers/usb.c.obj
                0x1000cae0                USB_GetEPStage
 .text.USB_SetEPStage
                0x1000cb14       0x44 CMakeFiles/payload.elf.dir/src/Lib/MT6261/Drivers/usb.c.obj
                0x1000cb14                USB_SetEPStage
 .text.USC_StartCounter
                0x1000cb58       0x18 CMakeFiles/payload.elf.dir/src/Lib/MT6261/Drivers/ustimer.c.obj
                0x1000cb58                USC_StartCounter
 .text.USC_GetCurrentTicks
                0x1000cb70       0x10 CMakeFiles/payload.elf.dir/src/Lib/MT6261/Drivers/ustimer.c.obj
                0x1000cb70                USC_GetCurrentTicks
 .text.USC_Pause_us
                0x1000cb80       0x3c CMakeFiles/payload.elf.dir/src/Lib/MT6261/Drivers/ustimer.c.obj
                0x1000cb80                USC_Pause_us
 .text.USB9_HandleSetupRequest
                0x1000cbbc      0x3c0 CMakeFiles/payload.elf.dir/src/Lib/USB/usb9.c.obj
                0x1000cbbc                USB9_HandleSetupRequest
 .text.USB9_InterfaceInitialize
                0x1000cf7c       0x20 CMakeFiles/payload.elf.dir/src/Lib/USB/usb9.c.obj
                0x1000cf7c                USB9_InterfaceInitialize
 .text.GDI_FillRectangle
                0x1000cf9c       0x6c CMakeFiles/payload.elf.dir/src/GUI/gdi.c.obj
                0x1000cf9c                GDI_FillRectangle
 .text.GDI_DrawFrame
                0x1000d008      0x1e0 CMakeFiles/payload.elf.dir/src/GUI/gdi.c.obj
                0x1000d008                GDI_DrawFrame
 .text.GDI_Draw3DFrame
                0x1000d1e8      0x1f8 CMakeFiles/payload.elf.dir/src/GUI/gdi.c.obj
                0x1000d1e8                GDI_Draw3DFrame
 .text.GDI_GetFontCharInfo
                0x1000d3e0       0x44 CMakeFiles/payload.elf.dir/src/GUI/gdifont.c.obj
 .text.TextColor
                0x1000d424        0x8 CMakeFiles/payload.elf.dir/src/GUI/gdifont.c.obj
                0x1000d424                TextColor
 .text.GDI_UpdateTextExtent
                0x1000d42c       0x80 CMakeFiles/payload.elf.dir/src/GUI/gdifont.c.obj
                0x1000d42c                GDI_UpdateTextExtent
 .text.Text     0x1000d4ac       0x54 CMakeFiles/payload.elf.dir/src/GUI/gdifont.c.obj
                0x1000d4ac                Text
 .text.GDI_GetStringPosByXShift
                0x1000d500       0xa4 CMakeFiles/payload.elf.dir/src/GUI/gdifont.c.obj
                0x1000d500                GDI_GetStringPosByXShift
 .text.GDI_DrawText32
                0x1000d5a4      0x328 CMakeFiles/payload.elf.dir/src/GUI/gdifont.c.obj
 .text.GDI_DrawText16
                0x1000d8cc      0x380 CMakeFiles/payload.elf.dir/src/GUI/gdifont.c.obj
 .text.GDI_DrawText
                0x1000dc4c      0x118 CMakeFiles/payload.elf.dir/src/GUI/gdifont.c.obj
                0x1000dc4c                GDI_DrawText
 .text.Point    0x1000dd64       0x18 CMakeFiles/payload.elf.dir/src/GUI/gdiutils.c.obj
                0x1000dd64                Point
 .text.Rect     0x1000dd7c       0x18 CMakeFiles/payload.elf.dir/src/GUI/gdiutils.c.obj
                0x1000dd7c                Rect
 .text.IsRectsOverlaps
                0x1000dd94       0x98 CMakeFiles/payload.elf.dir/src/GUI/gdiutils.c.obj
                0x1000dd94                IsRectsOverlaps
 .text.IsPointInRect
                0x1000de2c       0x64 CMakeFiles/payload.elf.dir/src/GUI/gdiutils.c.obj
                0x1000de2c                IsPointInRect
 .text.IsRectCollapsed
                0x1000de90       0x38 CMakeFiles/payload.elf.dir/src/GUI/gdiutils.c.obj
                0x1000de90                IsRectCollapsed
 .text.GDI_CreateRList
                0x1000dec8       0x1c CMakeFiles/payload.elf.dir/src/GUI/gdiutils.c.obj
                0x1000dec8                GDI_CreateRList
 .text.GDI_DeleteRList
                0x1000dee4       0x10 CMakeFiles/payload.elf.dir/src/GUI/gdiutils.c.obj
                0x1000dee4                GDI_DeleteRList
 .text.GDI_GlobalToLocalPt
                0x1000def4       0x54 CMakeFiles/payload.elf.dir/src/GUI/gdiutils.c.obj
                0x1000def4                GDI_GlobalToLocalPt
 .text.GDI_LocalToGlobalRct
                0x1000df48       0x84 CMakeFiles/payload.elf.dir/src/GUI/gdiutils.c.obj
                0x1000df48                GDI_LocalToGlobalRct
 .text.GDI_GlobalToLocalRct
                0x1000dfcc       0x84 CMakeFiles/payload.elf.dir/src/GUI/gdiutils.c.obj
                0x1000dfcc                GDI_GlobalToLocalRct
 .text.GDI_ScreenToLayerPt
                0x1000e050       0x9c CMakeFiles/payload.elf.dir/src/GUI/gdiutils.c.obj
                0x1000e050                GDI_ScreenToLayerPt
 .text.GDI_ANDRectangles
                0x1000e0ec       0x90 CMakeFiles/payload.elf.dir/src/GUI/gdiutils.c.obj
                0x1000e0ec                GDI_ANDRectangles
 .text.GDI_SUBRectangles
                0x1000e17c      0x1cc CMakeFiles/payload.elf.dir/src/GUI/gdiutils.c.obj
                0x1000e17c                GDI_SUBRectangles
 .text.GDI_SUBRectFromRegion
                0x1000e348      0x208 CMakeFiles/payload.elf.dir/src/GUI/gdiutils.c.obj
                0x1000e348                GDI_SUBRectFromRegion
 .text.GDI_GetPixelPtr
                0x1000e550       0x38 CMakeFiles/payload.elf.dir/src/GUI/gdiutils.c.obj
                0x1000e550                GDI_GetPixelPtr
 .text.GDI_FillRectangleX
                0x1000e588      0x110 CMakeFiles/payload.elf.dir/src/GUI/gdiutils.c.obj
                0x1000e588                GDI_FillRectangleX
 .text.GUI_UpdateObjectByRegion
                0x1000e698      0x104 CMakeFiles/payload.elf.dir/src/GUI/gui.c.obj
 .text.GUI_UpdateChildTree
                0x1000e79c       0xf0 CMakeFiles/payload.elf.dir/src/GUI/gui.c.obj
 .text.GUI_DestroyChildTree
                0x1000e88c       0x98 CMakeFiles/payload.elf.dir/src/GUI/gui.c.obj
 .text.GUI_SetLockState
                0x1000e924       0x10 CMakeFiles/payload.elf.dir/src/GUI/gui.c.obj
                0x1000e924                GUI_SetLockState
 .text.GUI_Initialize
                0x1000e934       0x9c CMakeFiles/payload.elf.dir/src/GUI/gui.c.obj
                0x1000e934                GUI_Initialize
 .text.GUI_Invalidate
                0x1000e9d0      0x1cc CMakeFiles/payload.elf.dir/src/GUI/gui.c.obj
                0x1000e9d0                GUI_Invalidate
 .text.GUI_OnPaintHandler
                0x1000eb9c      0x1f4 CMakeFiles/payload.elf.dir/src/GUI/gui.c.obj
                0x1000eb9c                GUI_OnPaintHandler
 .text.GUI_OnPenPressHandler
                0x1000ed90       0xe8 CMakeFiles/payload.elf.dir/src/GUI/gui.c.obj
                0x1000ed90                GUI_OnPenPressHandler
 .text.GUI_OnPenReleaseHandler
                0x1000ee78       0xf8 CMakeFiles/payload.elf.dir/src/GUI/gui.c.obj
                0x1000ee78                GUI_OnPenReleaseHandler
 .text.GUI_OnPenMoveHandler
                0x1000ef70       0xd0 CMakeFiles/payload.elf.dir/src/GUI/gui.c.obj
                0x1000ef70                GUI_OnPenMoveHandler
 .text.GUI_OnDestroyHandler
                0x1000f040      0x168 CMakeFiles/payload.elf.dir/src/GUI/gui.c.obj
                0x1000f040                GUI_OnDestroyHandler
 .text.GUI_DisableButtonTimer
                0x1000f1a8       0x34 CMakeFiles/payload.elf.dir/src/GUI/guibutton.c.obj
 .text.GUI_ButtonTimerHandler
                0x1000f1dc       0x8c CMakeFiles/payload.elf.dir/src/GUI/guibutton.c.obj
 .text.GUI_DestroyButton
                0x1000f268       0x6c CMakeFiles/payload.elf.dir/src/GUI/guibutton.c.obj
                0x1000f268                GUI_DestroyButton
 .text.GUI_CalcClientAreaButton
                0x1000f2d4       0x40 CMakeFiles/payload.elf.dir/src/GUI/guibutton.c.obj
                0x1000f2d4                GUI_CalcClientAreaButton
 .text.GUI_DrawDefaultButton
                0x1000f314      0x144 CMakeFiles/payload.elf.dir/src/GUI/guibutton.c.obj
                0x1000f314                GUI_DrawDefaultButton
 .text.GUI_SetActiveButton
                0x1000f458       0x8c CMakeFiles/payload.elf.dir/src/GUI/guibutton.c.obj
                0x1000f458                GUI_SetActiveButton
 .text.GUI_GetActiveButton
                0x1000f4e4       0x1c CMakeFiles/payload.elf.dir/src/GUI/guibutton.c.obj
                0x1000f4e4                GUI_GetActiveButton
 .text.GUI_DrawDefaultLabel
                0x1000f500      0x108 CMakeFiles/payload.elf.dir/src/GUI/guilabel.c.obj
                0x1000f500                GUI_DrawDefaultLabel
 .text.GUI_DestroyLabel
                0x1000f608       0x6c CMakeFiles/payload.elf.dir/src/GUI/guilabel.c.obj
                0x1000f608                GUI_DestroyLabel
 .text.GUI_GetObjectRecursive
                0x1000f674       0x84 CMakeFiles/payload.elf.dir/src/GUI/guiobject.c.obj
 .text.GUI_CalculateClientArea
                0x1000f6f8       0x9c CMakeFiles/payload.elf.dir/src/GUI/guiobject.c.obj
                0x1000f6f8                GUI_CalculateClientArea
 .text.GUI_GetObjectFromPoint
                0x1000f794       0xf8 CMakeFiles/payload.elf.dir/src/GUI/guiobject.c.obj
                0x1000f794                GUI_GetObjectFromPoint
 .text.GUI_GetObjectActive
                0x1000f88c       0x10 CMakeFiles/payload.elf.dir/src/GUI/guiobject.c.obj
                0x1000f88c                GUI_GetObjectActive
 .text.GUI_SetObjectActive
                0x1000f89c       0xac CMakeFiles/payload.elf.dir/src/GUI/guiobject.c.obj
                0x1000f89c                GUI_SetObjectActive
 .text.GUI_UpdateChildTreeInheritance
                0x1000f948       0xcc CMakeFiles/payload.elf.dir/src/GUI/guiobject.c.obj
 .text.GUI_SetObjectVisibility
                0x1000fa14       0xcc CMakeFiles/payload.elf.dir/src/GUI/guiobject.c.obj
                0x1000fa14                GUI_SetObjectVisibility
 .text.GUI_UpdateActiveState
                0x1000fae0       0x80 CMakeFiles/payload.elf.dir/src/GUI/guiobject.c.obj
                0x1000fae0                GUI_UpdateActiveState
 .text.GUI_DrawObjectDefault
                0x1000fb60       0x40 CMakeFiles/payload.elf.dir/src/GUI/guiobject.c.obj
                0x1000fb60                GUI_DrawObjectDefault
 .text.GUI_CreateLayer
                0x1000fba0      0x128 CMakeFiles/payload.elf.dir/src/GUI/guiwin.c.obj
                0x1000fba0                GUI_CreateLayer
 .text.GUI_DestroyWindow
                0x1000fcc8        0x4 CMakeFiles/payload.elf.dir/src/GUI/guiwin.c.obj
                0x1000fcc8                GUI_DestroyWindow
 .text.GUI_IsWindowObject
                0x1000fccc       0x18 CMakeFiles/payload.elf.dir/src/GUI/guiwin.c.obj
                0x1000fccc                GUI_IsWindowObject
 .text.GUI_IsLayerObject
                0x1000fce4       0x54 CMakeFiles/payload.elf.dir/src/GUI/guiwin.c.obj
                0x1000fce4                GUI_IsLayerObject
 .text.GUI_MoveWindowTreeToTop
                0x1000fd38      0x114 CMakeFiles/payload.elf.dir/src/GUI/guiwin.c.obj
                0x1000fd38                GUI_MoveWindowTreeToTop
 .text.GUI_CalcClientAreaWindow
                0x1000fe4c       0x68 CMakeFiles/payload.elf.dir/src/GUI/guiwin.c.obj
                0x1000fe4c                GUI_CalcClientAreaWindow
 .text.GUI_DrawDefaultWindow
                0x1000feb4       0xa4 CMakeFiles/payload.elf.dir/src/GUI/guiwin.c.obj
                0x1000feb4                GUI_DrawDefaultWindow
 .text.CDC_StatusChangeHandler
                0x1000ff58       0x2c CMakeFiles/payload.elf.dir/src/Application/appinit.c.obj
 .text.CDC_DataReceivedHandler
                0x1000ff84        0x4 CMakeFiles/payload.elf.dir/src/Application/appinit.c.obj
 .text.CDC_DataTransmittedHandler
                0x1000ff88        0x4 CMakeFiles/payload.elf.dir/src/Application/appinit.c.obj
 .text.USB_Print
                0x1000ff8c       0x6c CMakeFiles/payload.elf.dir/src/Application/appinit.c.obj
                0x1000ff8c                USB_Print
 .text.USB_Printf
                0x1000fff8       0x6c CMakeFiles/payload.elf.dir/src/Application/appinit.c.obj
                0x1000fff8                USB_Printf
 .text.fat32_list_print_cb
                0x10010064       0x20 CMakeFiles/payload.elf.dir/src/Application/appinit.c.obj
 .text.APP_Initialize
                0x10010084      0x310 CMakeFiles/payload.elf.dir/src/Application/appinit.c.obj
                0x10010084                APP_Initialize
 .text.APP_ProcessEvents
                0x10010394      0x650 CMakeFiles/payload.elf.dir/src/Application/appinit.c.obj
                0x10010394                APP_ProcessEvents
 .text.AudioNote_Initialize
                0x100109e4       0x28 CMakeFiles/payload.elf.dir/src/Application/audio_note.c.obj
                0x100109e4                AudioNote_Initialize
 .text.AudioNote_PlayTone
                0x10010a0c       0xac CMakeFiles/payload.elf.dir/src/Application/audio_note.c.obj
                0x10010a0c                AudioNote_PlayTone
 .text.PMUBL_UpdateValues
                0x10010ab8       0xf0 CMakeFiles/payload.elf.dir/src/Application/Drivers/backlight.c.obj
 .text.PMUBL_HideTimerHandler
                0x10010ba8       0x6c CMakeFiles/payload.elf.dir/src/Application/Drivers/backlight.c.obj
 .text.PMUBL_TurnOn.part.0
                0x10010c14       0x44 CMakeFiles/payload.elf.dir/src/Application/Drivers/backlight.c.obj
 .text.PMUBL_SetupValue
                0x10010c58       0x60 CMakeFiles/payload.elf.dir/src/Application/Drivers/backlight.c.obj
                0x10010c58                PMUBL_SetupValue
 .text.PMUBL_Initialize
                0x10010cb8       0x74 CMakeFiles/payload.elf.dir/src/Application/Drivers/backlight.c.obj
                0x10010cb8                PMUBL_Initialize
 .text.PMUBL_RestartBacklightTimer
                0x10010d2c       0x68 CMakeFiles/payload.elf.dir/src/Application/Drivers/backlight.c.obj
                0x10010d2c                PMUBL_RestartBacklightTimer
 .text.PMUBL_TurnOn
                0x10010d94       0x14 CMakeFiles/payload.elf.dir/src/Application/Drivers/backlight.c.obj
                0x10010d94                PMUBL_TurnOn
 .text.delay_us
                0x10010da8       0x1c CMakeFiles/payload.elf.dir/src/Application/Drivers/delay.c.obj
                0x10010da8                delay_us
 .text.delay_ms.part.0
                0x10010dc4       0x30 CMakeFiles/payload.elf.dir/src/Application/Drivers/delay.c.obj
 .text.delay_ms
                0x10010df4        0xc CMakeFiles/payload.elf.dir/src/Application/Drivers/delay.c.obj
                0x10010df4                delay_ms
 .text.delayMs  0x10010e00        0x4 CMakeFiles/payload.elf.dir/src/Application/Drivers/delay.c.obj
                0x10010e00                delayMs
 .text.ILI9341_SetOutputWindow.part.0
                0x10010e04       0xa8 CMakeFiles/payload.elf.dir/src/Application/Drivers/ili9341.c.obj
 .text.ILI9341_Initialize
                0x10010eac       0xb4 CMakeFiles/payload.elf.dir/src/Application/Drivers/ili9341.c.obj
                0x10010eac                ILI9341_Initialize
 .text.ILI9341_SleepLCD
                0x10010f60       0x18 CMakeFiles/payload.elf.dir/src/Application/Drivers/ili9341.c.obj
                0x10010f60                ILI9341_SleepLCD
 .text.ILI9341_SetOutputWindow
                0x10010f78       0x24 CMakeFiles/payload.elf.dir/src/Application/Drivers/ili9341.c.obj
                0x10010f78                ILI9341_SetOutputWindow
 .text.Keypad_TimerHandler
                0x10010f9c      0x2d4 CMakeFiles/payload.elf.dir/src/Application/Drivers/simple_keypad.c.obj
 .text.Keypad_Initialize
                0x10011270       0xe4 CMakeFiles/payload.elf.dir/src/Application/Drivers/simple_keypad.c.obj
                0x10011270                Keypad_Initialize
 .text.Keypad_StartScanning
                0x10011354       0x54 CMakeFiles/payload.elf.dir/src/Application/Drivers/simple_keypad.c.obj
                0x10011354                Keypad_StartScanning
 .text.Keypad_GetKeyEvent
                0x100113a8       0x4c CMakeFiles/payload.elf.dir/src/Application/Drivers/simple_keypad.c.obj
                0x100113a8                Keypad_GetKeyEvent
 .text.Keypad_GetKeyName
                0x100113f4       0x1c CMakeFiles/payload.elf.dir/src/Application/Drivers/simple_keypad.c.obj
                0x100113f4                Keypad_GetKeyName
 .text.SingleLED_Initialize
                0x10011410       0x6c CMakeFiles/payload.elf.dir/src/Application/Drivers/single_led.c.obj
                0x10011410                SingleLED_Initialize
 .text.msdc_reset_fifo_base
                0x1001147c       0x2c CMakeFiles/payload.elf.dir/src/Application/Drivers/sd_minimal.c.obj
 .text.msdc_dump_regs
                0x100114a8       0x5c CMakeFiles/payload.elf.dir/src/Application/Drivers/sd_minimal.c.obj
 .text.delay_ms_local
                0x10011504       0x1c CMakeFiles/payload.elf.dir/src/Application/Drivers/sd_minimal.c.obj
 .text.send_cmd_base
                0x10011520      0x14c CMakeFiles/payload.elf.dir/src/Application/Drivers/sd_minimal.c.obj
 .text.msdc_set_clock_khz_base.part.0
                0x1001166c       0xa4 CMakeFiles/payload.elf.dir/src/Application/Drivers/sd_minimal.c.obj
 .text.try_init_base
                0x10011710      0x4dc CMakeFiles/payload.elf.dir/src/Application/Drivers/sd_minimal.c.obj
 .text.SDM_Init
                0x10011bec       0x50 CMakeFiles/payload.elf.dir/src/Application/Drivers/sd_minimal.c.obj
                0x10011bec                SDM_Init
 .text.SDM_ReadBlock
                0x10011c3c      0x118 CMakeFiles/payload.elf.dir/src/Application/Drivers/sd_minimal.c.obj
                0x10011c3c                SDM_ReadBlock
 .text.SDM_ReadBlock0
                0x10011d54        0xc CMakeFiles/payload.elf.dir/src/Application/Drivers/sd_minimal.c.obj
                0x10011d54                SDM_ReadBlock0
 .text.SDM_GetCardType
                0x10011d60       0x10 CMakeFiles/payload.elf.dir/src/Application/Drivers/sd_minimal.c.obj
                0x10011d60                SDM_GetCardType
 .text.SDM_GetLastFailStage
                0x10011d70       0x10 CMakeFiles/payload.elf.dir/src/Application/Drivers/sd_minimal.c.obj
                0x10011d70                SDM_GetLastFailStage
 .text.SDM_GetCapacityMB
                0x10011d80       0x10 CMakeFiles/payload.elf.dir/src/Application/Drivers/sd_minimal.c.obj
                0x10011d80                SDM_GetCapacityMB
 .text.rd32     0x10011d90       0x20 CMakeFiles/payload.elf.dir/src/Application/Drivers/fs_fat32.c.obj
 .text.FAT32_Mount
                0x10011db0      0x188 CMakeFiles/payload.elf.dir/src/Application/Drivers/fs_fat32.c.obj
                0x10011db0                FAT32_Mount
 .text.FAT32_ListDirectory
                0x10011f38      0x1e8 CMakeFiles/payload.elf.dir/src/Application/Drivers/fs_fat32.c.obj
                0x10011f38                FAT32_ListDirectory
 .text.FAT32_ListRoot
                0x10012120       0x10 CMakeFiles/payload.elf.dir/src/Application/Drivers/fs_fat32.c.obj
                0x10012120                FAT32_ListRoot
 .text.fifo_wait_space
                0x10012130       0x28 CMakeFiles/payload.elf.dir/src/Application/pcm_player.c.obj
 .text.AFE_TurnOn8K
                0x10012158       0x38 CMakeFiles/payload.elf.dir/src/Application/pcm_player.c.obj
                0x10012158                AFE_TurnOn8K
 .text.pcm_hw_enable
                0x10012190       0x64 CMakeFiles/payload.elf.dir/src/Application/pcm_player.c.obj
 .text.AFE_TurnOff8K
                0x100121f4       0x34 CMakeFiles/payload.elf.dir/src/Application/pcm_player.c.obj
                0x100121f4                AFE_TurnOff8K
 .text.PCM_Player_PlayBuffer.part.0
                0x10012228       0x80 CMakeFiles/payload.elf.dir/src/Application/pcm_player.c.obj
 .text.PCM_Player_PlayTestTone
                0x100122a8       0xec CMakeFiles/payload.elf.dir/src/Application/pcm_player.c.obj
                0x100122a8                PCM_Player_PlayTestTone
 .text.PCM_Player_PlaySample
                0x10012394       0x28 CMakeFiles/payload.elf.dir/src/Application/pcm_player.c.obj
                0x10012394                PCM_Player_PlaySample
 .text.USB_CDC_GetStringDescriptor
                0x100123bc       0x18 CMakeFiles/payload.elf.dir/src/Application/Drivers/usbdevice_cdc.c.obj
 .text.USB_CDC_SetConfiguration
                0x100123d4       0x10 CMakeFiles/payload.elf.dir/src/Application/Drivers/usbdevice_cdc.c.obj
 .text.USB_CDC_CtlHandler
                0x100123e4        0x4 CMakeFiles/payload.elf.dir/src/Application/Drivers/usbdevice_cdc.c.obj
 .text.USB_CDC_StopTXTimeout
                0x100123e8       0x38 CMakeFiles/payload.elf.dir/src/Application/Drivers/usbdevice_cdc.c.obj
 .text.USB_CDC_SetConnectedStatus
                0x10012420       0x5c CMakeFiles/payload.elf.dir/src/Application/Drivers/usbdevice_cdc.c.obj
 .text.USB_CDC_RestartTXTimeout
                0x1001247c       0x38 CMakeFiles/payload.elf.dir/src/Application/Drivers/usbdevice_cdc.c.obj
 .text.USB_CDC_DataHandler
                0x100124b4      0x13c CMakeFiles/payload.elf.dir/src/Application/Drivers/usbdevice_cdc.c.obj
 .text.USB_CDC_VendorReqHandler
                0x100125f0       0x98 CMakeFiles/payload.elf.dir/src/Application/Drivers/usbdevice_cdc.c.obj
 .text.USB_CDC_WaitTXIdle
                0x10012688       0x68 CMakeFiles/payload.elf.dir/src/Application/Drivers/usbdevice_cdc.c.obj
 .text.USB_CDC_IntFlashTXBuffer
                0x100126f0       0x3c CMakeFiles/payload.elf.dir/src/Application/Drivers/usbdevice_cdc.c.obj
 .text.USB_CDC_InterfaceReqHandler
                0x1001272c       0xc8 CMakeFiles/payload.elf.dir/src/Application/Drivers/usbdevice_cdc.c.obj
 .text.USB_CDC_Initialize
                0x100127f4      0x184 CMakeFiles/payload.elf.dir/src/Application/Drivers/usbdevice_cdc.c.obj
                0x100127f4                USB_CDC_Initialize
 .text.USB_CDC_Open
                0x10012978       0xcc CMakeFiles/payload.elf.dir/src/Application/Drivers/usbdevice_cdc.c.obj
                0x10012978                USB_CDC_Open
 .text.USB_CDC_Write
                0x10012a44       0xa4 CMakeFiles/payload.elf.dir/src/Application/Drivers/usbdevice_cdc.c.obj
                0x10012a44                USB_CDC_Write
 .text.USB_CDC_FlashTXBuffer
                0x10012ae8       0x58 CMakeFiles/payload.elf.dir/src/Application/Drivers/usbdevice_cdc.c.obj
                0x10012ae8                USB_CDC_FlashTXBuffer
 .text.USB_CDC_TXTimeoutHandler
                0x10012b40       0x20 CMakeFiles/payload.elf.dir/src/Application/Drivers/usbdevice_cdc.c.obj
 .text.__sflush_r
                0x10012b60      0x248 c:/projects/ultra700/gcc/bin/../lib/gcc/arm-none-eabi/9.3.1/../../../../arm-none-eabi/lib\libc.a(lib_a-fflush.o)
                0x10012b60                __sflush_r
 .text._fflush_r
                0x10012da8       0x9c c:/projects/ultra700/gcc/bin/../lib/gcc/arm-none-eabi/9.3.1/../../../../arm-none-eabi/lib\libc.a(lib_a-fflush.o)
                0x10012da8                _fflush_r
 .text.fflush   0x10012e44       0x38 c:/projects/ultra700/gcc/bin/../lib/gcc/arm-none-eabi/9.3.1/../../../../arm-none-eabi/lib\libc.a(lib_a-fflush.o)
                0x10012e44                fflush
 .text.std      0x10012e7c       0x84 c:/projects/ultra700/gcc/bin/../lib/gcc/arm-none-eabi/9.3.1/../../../../arm-none-eabi/lib\libc.a(lib_a-findfp.o)
 .text._cleanup_r
                0x10012f00       0x18 c:/projects/ultra700/gcc/bin/../lib/gcc/arm-none-eabi/9.3.1/../../../../arm-none-eabi/lib\libc.a(lib_a-findfp.o)
                0x10012f00                _cleanup_r
 .text.__sinit  0x10012f18       0x94 c:/projects/ultra700/gcc/bin/../lib/gcc/arm-none-eabi/9.3.1/../../../../arm-none-eabi/lib\libc.a(lib_a-findfp.o)
                0x10012f18                __sinit
 .text.__sfp_lock_acquire
                0x10012fac       0x18 c:/projects/ultra700/gcc/bin/../lib/gcc/arm-none-eabi/9.3.1/../../../../arm-none-eabi/lib\libc.a(lib_a-findfp.o)
                0x10012fac                __sfp_lock_acquire
 .text.__sfp_lock_release
                0x10012fc4       0x18 c:/projects/ultra700/gcc/bin/../lib/gcc/arm-none-eabi/9.3.1/../../../../arm-none-eabi/lib\libc.a(lib_a-findfp.o)
                0x10012fc4                __sfp_lock_release
 .text._malloc_trim_r
                0x10012fdc      0x100 c:/projects/ultra700/gcc/bin/../lib/gcc/arm-none-eabi/9.3.1/../../../../arm-none-eabi/lib\libc.a(lib_a-freer.o)
                0x10012fdc                _malloc_trim_r
 .text._free_r  0x100130dc      0x2ec c:/projects/ultra700/gcc/bin/../lib/gcc/arm-none-eabi/9.3.1/../../../../arm-none-eabi/lib\libc.a(lib_a-freer.o)
                0x100130dc                _free_r
 .text._fwalk_reent
                0x100133c8       0x78 c:/projects/ultra700/gcc/bin/../lib/gcc/arm-none-eabi/9.3.1/../../../../arm-none-eabi/lib\libc.a(lib_a-fwalk.o)
                0x100133c8                _fwalk_reent
 .text.__retarget_lock_init_recursive
                0x10013440        0x4 c:/projects/ultra700/gcc/bin/../lib/gcc/arm-none-eabi/9.3.1/../../../../arm-none-eabi/lib\libc.a(lib_a-lock.o)
                0x10013440                __retarget_lock_init_recursive
 .text.__retarget_lock_close_recursive
                0x10013444        0x4 c:/projects/ultra700/gcc/bin/../lib/gcc/arm-none-eabi/9.3.1/../../../../arm-none-eabi/lib\libc.a(lib_a-lock.o)
                0x10013444                __retarget_lock_close_recursive
 .text.__retarget_lock_acquire_recursive
                0x10013448        0x4 c:/projects/ultra700/gcc/bin/../lib/gcc/arm-none-eabi/9.3.1/../../../../arm-none-eabi/lib\libc.a(lib_a-lock.o)
                0x10013448                __retarget_lock_acquire_recursive
 .text.__retarget_lock_release_recursive
                0x1001344c        0x4 c:/projects/ultra700/gcc/bin/../lib/gcc/arm-none-eabi/9.3.1/../../../../arm-none-eabi/lib\libc.a(lib_a-lock.o)
                0x1001344c                __retarget_lock_release_recursive
 .text._malloc_r
                0x10013450      0x7d4 c:/projects/ultra700/gcc/bin/../lib/gcc/arm-none-eabi/9.3.1/../../../../arm-none-eabi/lib\libc.a(lib_a-mallocr.o)
                0x10013450                _malloc_r
 .text.memcpy   0x10013c24      0x124 c:/projects/ultra700/gcc/bin/../lib/gcc/arm-none-eabi/9.3.1/../../../../arm-none-eabi/lib\libc.a(lib_a-memcpy-stub.o)
                0x10013c24                memcpy
 .text.memset   0x10013d48      0x11c c:/projects/ultra700/gcc/bin/../lib/gcc/arm-none-eabi/9.3.1/../../../../arm-none-eabi/lib\libc.a(lib_a-memset.o)
                0x10013d48                memset
 .text.__malloc_lock
                0x10013e64       0x18 c:/projects/ultra700/gcc/bin/../lib/gcc/arm-none-eabi/9.3.1/../../../../arm-none-eabi/lib\libc.a(lib_a-mlock.o)
                0x10013e64                __malloc_lock
 .text.__malloc_unlock
                0x10013e7c       0x18 c:/projects/ultra700/gcc/bin/../lib/gcc/arm-none-eabi/9.3.1/../../../../arm-none-eabi/lib\libc.a(lib_a-mlock.o)
                0x10013e7c                __malloc_unlock
 .text.printf   0x10013e94       0x3c c:/projects/ultra700/gcc/bin/../lib/gcc/arm-none-eabi/9.3.1/../../../../arm-none-eabi/lib\libc.a(lib_a-printf.o)
                0x10013e94                printf
 .text._sbrk_r  0x10013ed0       0x44 c:/projects/ultra700/gcc/bin/../lib/gcc/arm-none-eabi/9.3.1/../../../../arm-none-eabi/lib\libc.a(lib_a-sbrkr.o)
                0x10013ed0                _sbrk_r
 .text.__sread  0x10013f14       0x34 c:/projects/ultra700/gcc/bin/../lib/gcc/arm-none-eabi/9.3.1/../../../../arm-none-eabi/lib\libc.a(lib_a-stdio.o)
                0x10013f14                __sread
 .text.__swrite
                0x10013f48       0x5c c:/projects/ultra700/gcc/bin/../lib/gcc/arm-none-eabi/9.3.1/../../../../arm-none-eabi/lib\libc.a(lib_a-stdio.o)
                0x10013f48                __swrite
 .text.__sseek  0x10013fa4       0x30 c:/projects/ultra700/gcc/bin/../lib/gcc/arm-none-eabi/9.3.1/../../../../arm-none-eabi/lib\libc.a(lib_a-stdio.o)
                0x10013fa4                __sseek
 .text.__sclose
                0x10013fd4       0x14 c:/projects/ultra700/gcc/bin/../lib/gcc/arm-none-eabi/9.3.1/../../../../arm-none-eabi/lib\libc.a(lib_a-stdio.o)
                0x10013fd4                __sclose
 .text.strlen   0x10013fe8       0x60 c:/projects/ultra700/gcc/bin/../lib/gcc/arm-none-eabi/9.3.1/../../../../arm-none-eabi/lib\libc.a(lib_a-strlen-stub.o)
                0x10013fe8                strlen
 .text._vfprintf_r
                0x10014048     0x2918 c:/projects/ultra700/gcc/bin/../lib/gcc/arm-none-eabi/9.3.1/../../../../arm-none-eabi/lib\libc.a(lib_a-vfprintf.o)
                0x10014048                _vfprintf_r
 .text.__sbprintf
                0x10016960       0xd4 c:/projects/ultra700/gcc/bin/../lib/gcc/arm-none-eabi/9.3.1/../../../../arm-none-eabi/lib\libc.a(lib_a-vfprintf.o)
 .text._vsnprintf_r
                0x10016a34       0xac c:/projects/ultra700/gcc/bin/../lib/gcc/arm-none-eabi/9.3.1/../../../../arm-none-eabi/lib\libc.a(lib_a-vsnprintf.o)
                0x10016a34                _vsnprintf_r
 .text.vsnprintf
                0x10016ae0       0x3c c:/projects/ultra700/gcc/bin/../lib/gcc/arm-none-eabi/9.3.1/../../../../arm-none-eabi/lib\libc.a(lib_a-vsnprintf.o)
                0x10016ae0                vsnprintf
 .text._write_r
                0x10016b1c       0x4c c:/projects/ultra700/gcc/bin/../lib/gcc/arm-none-eabi/9.3.1/../../../../arm-none-eabi/lib\libc.a(lib_a-writer.o)
                0x10016b1c                _write_r
 .text.__swsetup_r
                0x10016b68      0x170 c:/projects/ultra700/gcc/bin/../lib/gcc/arm-none-eabi/9.3.1/../../../../arm-none-eabi/lib\libc.a(lib_a-wsetup.o)
                0x10016b68                __swsetup_r
 .text._close_r
                0x10016cd8       0x3c c:/projects/ultra700/gcc/bin/../lib/gcc/arm-none-eabi/9.3.1/../../../../arm-none-eabi/lib\libc.a(lib_a-closer.o)
                0x10016cd8                _close_r
 .text.quorem   0x10016d14      0x1c0 c:/projects/ultra700/gcc/bin/../lib/gcc/arm-none-eabi/9.3.1/../../../../arm-none-eabi/lib\libc.a(lib_a-dtoa.o)
 *fill*         0x10016ed4        0x4 
 .text._dtoa_r  0x10016ed8     0x1740 c:/projects/ultra700/gcc/bin/../lib/gcc/arm-none-eabi/9.3.1/../../../../arm-none-eabi/lib\libc.a(lib_a-dtoa.o)
                0x10016ed8                _dtoa_r
 .text._fclose_r
                0x10018618      0x16c c:/projects/ultra700/gcc/bin/../lib/gcc/arm-none-eabi/9.3.1/../../../../arm-none-eabi/lib\libc.a(lib_a-fclose.o)
                0x10018618                _fclose_r
 .text._localeconv_r
                0x10018784        0xc c:/projects/ultra700/gcc/bin/../lib/gcc/arm-none-eabi/9.3.1/../../../../arm-none-eabi/lib\libc.a(lib_a-localeconv.o)
                0x10018784                _localeconv_r
 .text._lseek_r
                0x10018790       0x4c c:/projects/ultra700/gcc/bin/../lib/gcc/arm-none-eabi/9.3.1/../../../../arm-none-eabi/lib\libc.a(lib_a-lseekr.o)
                0x10018790                _lseek_r
 .text.__swhatbuf_r
                0x100187dc       0xa0 c:/projects/ultra700/gcc/bin/../lib/gcc/arm-none-eabi/9.3.1/../../../../arm-none-eabi/lib\libc.a(lib_a-makebuf.o)
                0x100187dc                __swhatbuf_r
 .text.__smakebuf_r
                0x1001887c      0x100 c:/projects/ultra700/gcc/bin/../lib/gcc/arm-none-eabi/9.3.1/../../../../arm-none-eabi/lib\libc.a(lib_a-makebuf.o)
                0x1001887c                __smakebuf_r
 .text.memchr   0x1001897c       0xf8 c:/projects/ultra700/gcc/bin/../lib/gcc/arm-none-eabi/9.3.1/../../../../arm-none-eabi/lib\libc.a(lib_a-memchr-stub.o)
                0x1001897c                memchr
 .text._Balloc  0x10018a74       0x8c c:/projects/ultra700/gcc/bin/../lib/gcc/arm-none-eabi/9.3.1/../../../../arm-none-eabi/lib\libc.a(lib_a-mprec.o)
                0x10018a74                _Balloc
 .text._Bfree   0x10018b00       0x1c c:/projects/ultra700/gcc/bin/../lib/gcc/arm-none-eabi/9.3.1/../../../../arm-none-eabi/lib\libc.a(lib_a-mprec.o)
                0x10018b00                _Bfree
 .text.__multadd
                0x10018b1c      0x100 c:/projects/ultra700/gcc/bin/../lib/gcc/arm-none-eabi/9.3.1/../../../../arm-none-eabi/lib\libc.a(lib_a-mprec.o)
                0x10018b1c                __multadd
 .text.__hi0bits
                0x10018c1c       0x58 c:/projects/ultra700/gcc/bin/../lib/gcc/arm-none-eabi/9.3.1/../../../../arm-none-eabi/lib\libc.a(lib_a-mprec.o)
                0x10018c1c                __hi0bits
 .text.__lo0bits
                0x10018c74       0xa0 c:/projects/ultra700/gcc/bin/../lib/gcc/arm-none-eabi/9.3.1/../../../../arm-none-eabi/lib\libc.a(lib_a-mprec.o)
                0x10018c74                __lo0bits
 .text.__i2b    0x10018d14       0x44 c:/projects/ultra700/gcc/bin/../lib/gcc/arm-none-eabi/9.3.1/../../../../arm-none-eabi/lib\libc.a(lib_a-mprec.o)
                0x10018d14                __i2b
 .text.__multiply
                0x10018d58      0x214 c:/projects/ultra700/gcc/bin/../lib/gcc/arm-none-eabi/9.3.1/../../../../arm-none-eabi/lib\libc.a(lib_a-mprec.o)
                0x10018d58                __multiply
 .text.__pow5mult
                0x10018f6c       0xf4 c:/projects/ultra700/gcc/bin/../lib/gcc/arm-none-eabi/9.3.1/../../../../arm-none-eabi/lib\libc.a(lib_a-mprec.o)
                0x10018f6c                __pow5mult
 .text.__lshift
                0x10019060      0x140 c:/projects/ultra700/gcc/bin/../lib/gcc/arm-none-eabi/9.3.1/../../../../arm-none-eabi/lib\libc.a(lib_a-mprec.o)
                0x10019060                __lshift
 .text.__mcmp   0x100191a0       0x60 c:/projects/ultra700/gcc/bin/../lib/gcc/arm-none-eabi/9.3.1/../../../../arm-none-eabi/lib\libc.a(lib_a-mprec.o)
                0x100191a0                __mcmp
 .text.__mdiff  0x10019200      0x1f4 c:/projects/ultra700/gcc/bin/../lib/gcc/arm-none-eabi/9.3.1/../../../../arm-none-eabi/lib\libc.a(lib_a-mprec.o)
                0x10019200                __mdiff
 .text.__d2b    0x100193f4      0x13c c:/projects/ultra700/gcc/bin/../lib/gcc/arm-none-eabi/9.3.1/../../../../arm-none-eabi/lib\libc.a(lib_a-mprec.o)
                0x100193f4                __d2b
 .text._read_r  0x10019530       0x4c c:/projects/ultra700/gcc/bin/../lib/gcc/arm-none-eabi/9.3.1/../../../../arm-none-eabi/lib\libc.a(lib_a-readr.o)
                0x10019530                _read_r
 .text.frexp    0x1001957c       0xa4 c:/projects/ultra700/gcc/bin/../lib/gcc/arm-none-eabi/9.3.1/../../../../arm-none-eabi/lib\libc.a(lib_a-s_frexp.o)
                0x1001957c                frexp
 .text.strncpy  0x10019620       0xcc c:/projects/ultra700/gcc/bin/../lib/gcc/arm-none-eabi/9.3.1/../../../../arm-none-eabi/lib\libc.a(lib_a-strncpy.o)
                0x10019620                strncpy
 .text._svfprintf_r
                0x100196ec     0x27a0 c:/projects/ultra700/gcc/bin/../lib/gcc/arm-none-eabi/9.3.1/../../../../arm-none-eabi/lib\libc.a(lib_a-svfprintf.o)
                0x100196ec                _svfprintf_r
 .text.__sprint_r.part.0
                0x1001be8c       0xb0 c:/projects/ultra700/gcc/bin/../lib/gcc/arm-none-eabi/9.3.1/../../../../arm-none-eabi/lib\libc.a(lib_a-vfiprintf.o)
 .text.__sprint_r
                0x1001bf3c       0x18 c:/projects/ultra700/gcc/bin/../lib/gcc/arm-none-eabi/9.3.1/../../../../arm-none-eabi/lib\libc.a(lib_a-vfiprintf.o)
                0x1001bf3c                __sprint_r
 .text._vfiprintf_r
                0x1001bf54     0x13e0 c:/projects/ultra700/gcc/bin/../lib/gcc/arm-none-eabi/9.3.1/../../../../arm-none-eabi/lib\libc.a(lib_a-vfiprintf.o)
                0x1001bf54                _vfiprintf_r
 .text.__sbprintf
                0x1001d334       0xd4 c:/projects/ultra700/gcc/bin/../lib/gcc/arm-none-eabi/9.3.1/../../../../arm-none-eabi/lib\libc.a(lib_a-vfiprintf.o)
 .text.__assert_func
                0x1001d408       0x54 c:/projects/ultra700/gcc/bin/../lib/gcc/arm-none-eabi/9.3.1/../../../../arm-none-eabi/lib\libc.a(lib_a-assert.o)
                0x1001d408                __assert_func
 .text._calloc_r
                0x1001d45c       0x9c c:/projects/ultra700/gcc/bin/../lib/gcc/arm-none-eabi/9.3.1/../../../../arm-none-eabi/lib\libc.a(lib_a-callocr.o)
                0x1001d45c                _calloc_r
 .text.fiprintf
                0x1001d4f8       0x3c c:/projects/ultra700/gcc/bin/../lib/gcc/arm-none-eabi/9.3.1/../../../../arm-none-eabi/lib\libc.a(lib_a-fiprintf.o)
                0x1001d4f8                fiprintf
 .text.__fputwc
                0x1001d534      0x114 c:/projects/ultra700/gcc/bin/../lib/gcc/arm-none-eabi/9.3.1/../../../../arm-none-eabi/lib\libc.a(lib_a-fputwc.o)
                0x1001d534                __fputwc
 .text._fputwc_r
                0x1001d648       0xc0 c:/projects/ultra700/gcc/bin/../lib/gcc/arm-none-eabi/9.3.1/../../../../arm-none-eabi/lib\libc.a(lib_a-fputwc.o)
                0x1001d648                _fputwc_r
 .text._fstat_r
                0x1001d708       0x44 c:/projects/ultra700/gcc/bin/../lib/gcc/arm-none-eabi/9.3.1/../../../../arm-none-eabi/lib\libc.a(lib_a-fstatr.o)
                0x1001d708                _fstat_r
 .text.__sfvwrite_r
                0x1001d74c      0x4bc c:/projects/ultra700/gcc/bin/../lib/gcc/arm-none-eabi/9.3.1/../../../../arm-none-eabi/lib\libc.a(lib_a-fvwrite.o)
                0x1001d74c                __sfvwrite_r
 .text._isatty_r
                0x1001dc08       0x3c c:/projects/ultra700/gcc/bin/../lib/gcc/arm-none-eabi/9.3.1/../../../../arm-none-eabi/lib\libc.a(lib_a-isattyr.o)
                0x1001dc08                _isatty_r
 .text.__locale_mb_cur_max
                0x1001dc44       0x10 c:/projects/ultra700/gcc/bin/../lib/gcc/arm-none-eabi/9.3.1/../../../../arm-none-eabi/lib\libc.a(lib_a-locale.o)
                0x1001dc44                __locale_mb_cur_max
 .text.__ascii_mbtowc
                0x1001dc54       0x44 c:/projects/ultra700/gcc/bin/../lib/gcc/arm-none-eabi/9.3.1/../../../../arm-none-eabi/lib\libc.a(lib_a-mbtowc_r.o)
                0x1001dc54                __ascii_mbtowc
 .text.memmove  0x1001dc98      0x158 c:/projects/ultra700/gcc/bin/../lib/gcc/arm-none-eabi/9.3.1/../../../../arm-none-eabi/lib\libc.a(lib_a-memmove.o)
                0x1001dc98                memmove
 .text._realloc_r
                0x1001ddf0      0x594 c:/projects/ultra700/gcc/bin/../lib/gcc/arm-none-eabi/9.3.1/../../../../arm-none-eabi/lib\libc.a(lib_a-reallocr.o)
                0x1001ddf0                _realloc_r
 .text.__ssprint_r
                0x1001e384      0x1a4 c:/projects/ultra700/gcc/bin/../lib/gcc/arm-none-eabi/9.3.1/../../../../arm-none-eabi/lib\libc.a(lib_a-svfiprintf.o)
                0x1001e384                __ssprint_r
 .text.__swbuf_r
                0x1001e528      0x134 c:/projects/ultra700/gcc/bin/../lib/gcc/arm-none-eabi/9.3.1/../../../../arm-none-eabi/lib\libc.a(lib_a-wbuf.o)
                0x1001e528                __swbuf_r
 .text._wcrtomb_r
                0x1001e65c       0x58 c:/projects/ultra700/gcc/bin/../lib/gcc/arm-none-eabi/9.3.1/../../../../arm-none-eabi/lib\libc.a(lib_a-wcrtomb.o)
                0x1001e65c                _wcrtomb_r
 .text.__ascii_wctomb
                0x1001e6b4       0x30 c:/projects/ultra700/gcc/bin/../lib/gcc/arm-none-eabi/9.3.1/../../../../arm-none-eabi/lib\libc.a(lib_a-wctomb_r.o)
                0x1001e6b4                __ascii_wctomb
 .text.abort    0x1001e6e4       0x14 c:/projects/ultra700/gcc/bin/../lib/gcc/arm-none-eabi/9.3.1/../../../../arm-none-eabi/lib\libc.a(lib_a-abort.o)
                0x1001e6e4                abort
 .text._raise_r
                0x1001e6f8       0x98 c:/projects/ultra700/gcc/bin/../lib/gcc/arm-none-eabi/9.3.1/../../../../arm-none-eabi/lib\libc.a(lib_a-signal.o)
                0x1001e6f8                _raise_r
 .text.raise    0x1001e790       0x14 c:/projects/ultra700/gcc/bin/../lib/gcc/arm-none-eabi/9.3.1/../../../../arm-none-eabi/lib\libc.a(lib_a-signal.o)
                0x1001e790                raise
 .text._kill_r  0x1001e7a4       0x44 c:/projects/ultra700/gcc/bin/../lib/gcc/arm-none-eabi/9.3.1/../../../../arm-none-eabi/lib\libc.a(lib_a-signalr.o)
                0x1001e7a4                _kill_r
 .text._getpid_r
                0x1001e7e8       0x10 c:/projects/ultra700/gcc/bin/../lib/gcc/arm-none-eabi/9.3.1/../../../../arm-none-eabi/lib\libc.a(lib_a-signalr.o)
                0x1001e7e8                _getpid_r
 .text          0x1001e7f8      0x114 c:/projects/ultra700/gcc/bin/../lib/gcc/arm-none-eabi/9.3.1\libgcc.a(_udivsi3.o)
                0x1001e7f8                __aeabi_uidiv
                0x1001e7f8                __udivsi3
                0x1001e8ec                __aeabi_uidivmod
 .text          0x1001e90c      0x148 c:/projects/ultra700/gcc/bin/../lib/gcc/arm-none-eabi/9.3.1\libgcc.a(_divsi3.o)
                0x1001e90c                __divsi3
                0x1001e90c                __aeabi_idiv
                0x1001ea34                __aeabi_idivmod
 .text          0x1001ea54        0x4 c:/projects/ultra700/gcc/bin/../lib/gcc/arm-none-eabi/9.3.1\libgcc.a(_dvmd_tls.o)
                0x1001ea54                __aeabi_idiv0
                0x1001ea54                __aeabi_ldiv0
 .text          0x1001ea58      0x424 c:/projects/ultra700/gcc/bin/../lib/gcc/arm-none-eabi/9.3.1\libgcc.a(_arm_addsubdf3.o)
                0x1001ea58                __aeabi_drsub
                0x1001ea60                __aeabi_dsub
                0x1001ea60                __subdf3
                0x1001ea64                __aeabi_dadd
                0x1001ea64                __adddf3
                0x1001ed74                __floatunsidf
                0x1001ed74                __aeabi_ui2d
                0x1001ed98                __floatsidf
                0x1001ed98                __aeabi_i2d
                0x1001edc0                __aeabi_f2d
                0x1001edc0                __extendsfdf2
                0x1001ee08                __floatundidf
                0x1001ee08                __aeabi_ul2d
                0x1001ee1c                __floatdidf
                0x1001ee1c                __aeabi_l2d
 .text          0x1001ee7c      0x49c c:/projects/ultra700/gcc/bin/../lib/gcc/arm-none-eabi/9.3.1\libgcc.a(_arm_muldivdf3.o)
                0x1001ee7c                __aeabi_dmul
                0x1001ee7c                __muldf3
                0x1001f10c                __divdf3
                0x1001f10c                __aeabi_ddiv
 .text          0x1001f318      0x144 c:/projects/ultra700/gcc/bin/../lib/gcc/arm-none-eabi/9.3.1\libgcc.a(_arm_cmpdf2.o)
                0x1001f318                __gtdf2
                0x1001f318                __gedf2
                0x1001f320                __ltdf2
                0x1001f320                __ledf2
                0x1001f328                __nedf2
                0x1001f328                __eqdf2
                0x1001f328                __cmpdf2
                0x1001f3b0                __aeabi_cdrcmple
                0x1001f3cc                __aeabi_cdcmpeq
                0x1001f3cc                __aeabi_cdcmple
                0x1001f3e4                __aeabi_dcmpeq
                0x1001f3fc                __aeabi_dcmplt
                0x1001f414                __aeabi_dcmple
                0x1001f42c                __aeabi_dcmpge
                0x1001f444                __aeabi_dcmpgt
 .text          0x1001f45c       0x38 c:/projects/ultra700/gcc/bin/../lib/gcc/arm-none-eabi/9.3.1\libgcc.a(_arm_unorddf2.o)
                0x1001f45c                __unorddf2
                0x1001f45c                __aeabi_dcmpun
 .text          0x1001f494       0x5c c:/projects/ultra700/gcc/bin/../lib/gcc/arm-none-eabi/9.3.1\libgcc.a(_arm_fixdfsi.o)
                0x1001f494                __aeabi_d2iz
                0x1001f494                __fixdfsi
 .text          0x1001f4f0       0x3c c:/projects/ultra700/gcc/bin/../lib/gcc/arm-none-eabi/9.3.1\libgcc.a(_aeabi_uldivmod.o)
                0x1001f4f0                __aeabi_uldivmod
 .text          0x1001f52c      0x130 c:/projects/ultra700/gcc/bin/../lib/gcc/arm-none-eabi/9.3.1\libgcc.a(_udivmoddi4.o)
                0x1001f52c                __udivmoddi4
 .text          0x1001f65c       0x28 c:/projects/ultra700/gcc/bin/../lib/gcc/arm-none-eabi/9.3.1\libgcc.a(_clzdi2.o)
                0x1001f65c                __clzdi2
 .text          0x1001f684       0x48 c:/projects/ultra700/gcc/bin/../lib/gcc/arm-none-eabi/9.3.1\libgcc.a(_clzsi2.o)
                0x1001f684                __clzsi2
 .text._close   0x1001f6cc       0x18 c:/projects/ultra700/gcc/bin/../lib/gcc/arm-none-eabi/9.3.1/../../../../arm-none-eabi/lib\libnosys.a(close.o)
                0x1001f6cc                _close
 .text._fstat   0x1001f6e4       0x18 c:/projects/ultra700/gcc/bin/../lib/gcc/arm-none-eabi/9.3.1/../../../../arm-none-eabi/lib\libnosys.a(fstat.o)
                0x1001f6e4                _fstat
 .text._getpid  0x1001f6fc       0x18 c:/projects/ultra700/gcc/bin/../lib/gcc/arm-none-eabi/9.3.1/../../../../arm-none-eabi/lib\libnosys.a(getpid.o)
                0x1001f6fc                _getpid
 .text._isatty  0x1001f714       0x18 c:/projects/ultra700/gcc/bin/../lib/gcc/arm-none-eabi/9.3.1/../../../../arm-none-eabi/lib\libnosys.a(isatty.o)
                0x1001f714                _isatty
 .text._kill    0x1001f72c       0x18 c:/projects/ultra700/gcc/bin/../lib/gcc/arm-none-eabi/9.3.1/../../../../arm-none-eabi/lib\libnosys.a(kill.o)
                0x1001f72c                _kill
 .text._lseek   0x1001f744       0x18 c:/projects/ultra700/gcc/bin/../lib/gcc/arm-none-eabi/9.3.1/../../../../arm-none-eabi/lib\libnosys.a(lseek.o)
                0x1001f744                _lseek
 .text._read    0x1001f75c       0x18 c:/projects/ultra700/gcc/bin/../lib/gcc/arm-none-eabi/9.3.1/../../../../arm-none-eabi/lib\libnosys.a(read.o)
                0x1001f75c                _read
 .text._sbrk    0x1001f774       0x2c c:/projects/ultra700/gcc/bin/../lib/gcc/arm-none-eabi/9.3.1/../../../../arm-none-eabi/lib\libnosys.a(sbrk.o)
                0x1001f774                _sbrk
 .text._exit    0x1001f7a0        0x4 c:/projects/ultra700/gcc/bin/../lib/gcc/arm-none-eabi/9.3.1/../../../../arm-none-eabi/lib\libnosys.a(_exit.o)
                0x1001f7a0                _exit
 *fill*         0x1001f7a4        0x4 
 .text._exit.__stub
                0x1001f7a8       0x18 linker stubs
 *(.init)
 *(.fini)
 *crtbegin.o(.ctors)
 *crtbegin?.o(.ctors)
 *(EXCLUDE_FILE(*crtend.o *crtend?.o) .ctors)
 *(SORT_BY_NAME(.ctors.*))
 *(.ctors)
 *crtbegin.o(.dtors)
 *crtbegin?.o(.dtors)
 *(EXCLUDE_FILE(*crtend.o *crtend?.o) .dtors)
 *(SORT_BY_NAME(.dtors.*))
 *(.dtors)
 *(.rodata*)
 .rodata.Init.str1.1
                0x1001f7c0      0x123 CMakeFiles/payload.elf.dir/src/System/init.c.obj
                                0x12d (size before relaxing)
 .rodata.SF_Initialize.str1.1
                0x1001f8e3      0x168 CMakeFiles/payload.elf.dir/src/System/sf.c.obj
                                0x174 (size before relaxing)
 *fill*         0x1001fa4b        0x1 
 .rodata.table  0x1001fa4c      0x400 CMakeFiles/payload.elf.dir/src/System/tlsf.c.obj
 .rodata.LCDIF_ISR.str1.1
                0x1001fe4c       0x2b CMakeFiles/payload.elf.dir/src/Lib/MT6261/Drivers/lcdif.c.obj
 .rodata.LCDIF_Initialize.str1.1
                0x1001fe77       0x8a CMakeFiles/payload.elf.dir/src/Lib/MT6261/Drivers/lcdif.c.obj
                                 0x96 (size before relaxing)
 .rodata.CFormatToBPP
                0x1001ff01        0x7 CMakeFiles/payload.elf.dir/src/Lib/MT6261/Drivers/lcdif.c.obj
                0x1001ff01                CFormatToBPP
 .rodata.NVIC_ADIE_C_IRQ_Handler.str1.1
                0x1001ff08       0x18 CMakeFiles/payload.elf.dir/src/Lib/MT6261/Drivers/nvic.c.obj
 .rodata.NVIC_AEINTCHandler.str1.1
                0x1001ff20       0x19 CMakeFiles/payload.elf.dir/src/Lib/MT6261/Drivers/nvic.c.obj
 .rodata.NVIC_EINTCHandler.str1.1
                0x1001ff39       0x18 CMakeFiles/payload.elf.dir/src/Lib/MT6261/Drivers/nvic.c.obj
 .rodata.NVIC_C_IRQ_Handler.str1.1
                0x1001ff51       0x17 CMakeFiles/payload.elf.dir/src/Lib/MT6261/Drivers/nvic.c.obj
 .rodata.NVIC_C_FIQ_Handler.str1.1
                0x1001ff68       0x17 CMakeFiles/payload.elf.dir/src/Lib/MT6261/Drivers/nvic.c.obj
 .rodata.PMU_SetPWRKEYLongPressFunction.str1.1
                0x1001ff7f       0x3b CMakeFiles/payload.elf.dir/src/Lib/MT6261/Drivers/pmu.c.obj
                                 0x40 (size before relaxing)
 .rodata.PMU_ChargerTimerHandler.str1.1
                0x1001ffba       0x68 CMakeFiles/payload.elf.dir/src/Lib/MT6261/Drivers/pmu.c.obj
                                 0x72 (size before relaxing)
 .rodata.PMU_Initialize.str1.1
                0x10020022       0xb9 CMakeFiles/payload.elf.dir/src/Lib/MT6261/Drivers/pmu.c.obj
                                 0xd3 (size before relaxing)
 *fill*         0x100200db        0x1 
 .rodata.BatCurrentLimits
                0x100200dc       0x40 CMakeFiles/payload.elf.dir/src/Lib/MT6261/Drivers/pmu.c.obj
                0x100200dc                BatCurrentLimits
 .rodata.RTC_Initialize.str1.1
                0x1002011c       0x24 CMakeFiles/payload.elf.dir/src/Lib/MT6261/Drivers/rtc.c.obj
                                 0x30 (size before relaxing)
 .rodata.DayInMonth
                0x10020140        0xd CMakeFiles/payload.elf.dir/src/Lib/MT6261/Drivers/rtc.c.obj
 .rodata.MPU_AddRegion.str1.1
                0x1002014d       0x65 CMakeFiles/payload.elf.dir/src/Lib/MT6261/Drivers/tcmcache.c.obj
 .rodata.str1.1
                0x100201b2       0x3d CMakeFiles/payload.elf.dir/src/Lib/MT6261/Drivers/tcmcache.c.obj
 .rodata.USB_EnableDevice.str1.1
                0x100201ef       0x16 CMakeFiles/payload.elf.dir/src/Lib/MT6261/Drivers/usb.c.obj
 .rodata.USB_DisableDevice.str1.1
                0x10020205       0x17 CMakeFiles/payload.elf.dir/src/Lib/MT6261/Drivers/usb.c.obj
 .rodata.USB_Initialize.str1.1
                0x1002021c       0x1d CMakeFiles/payload.elf.dir/src/Lib/MT6261/Drivers/usb.c.obj
 .rodata.USB_ResetDevice.str1.1
                0x10020239       0x2b CMakeFiles/payload.elf.dir/src/Lib/MT6261/Drivers/usb.c.obj
 .rodata.EPFIFOSize
                0x10020264        0x7 CMakeFiles/payload.elf.dir/src/Lib/MT6261/Drivers/usb.c.obj
                0x10020264                EPFIFOSize
 *fill*         0x1002026b        0x1 
 .rodata.DrawText.7295
                0x1002026c       0x1c CMakeFiles/payload.elf.dir/src/GUI/gdifont.c.obj
 .rodata.GUI_Initialize.str1.1
                0x10020288       0x5e CMakeFiles/payload.elf.dir/src/GUI/gui.c.obj
 *fill*         0x100202e6        0x2 
 .rodata.DestroyObject.7181
                0x100202e8       0x10 CMakeFiles/payload.elf.dir/src/GUI/gui.c.obj
 .rodata.CalcClientArea.7168
                0x100202f8       0x10 CMakeFiles/payload.elf.dir/src/GUI/guiobject.c.obj
 .rodata.DrawDefault.7363
                0x10020308       0x10 CMakeFiles/payload.elf.dir/src/GUI/guiobject.c.obj
 .rodata.GetActive.7356
                0x10020318       0x10 CMakeFiles/payload.elf.dir/src/GUI/guiobject.c.obj
 .rodata.SetActive.7347
                0x10020328       0x10 CMakeFiles/payload.elf.dir/src/GUI/guiobject.c.obj
 .rodata.fat32_list_print_cb.str1.1
                0x10020338       0x13 CMakeFiles/payload.elf.dir/src/Application/appinit.c.obj
 .rodata.APP_Initialize.str1.1
                0x1002034b      0x2b5 CMakeFiles/payload.elf.dir/src/Application/appinit.c.obj
 .rodata.APP_ProcessEvents.str1.1
                0x10020600      0x22e CMakeFiles/payload.elf.dir/src/Application/appinit.c.obj
                                0x236 (size before relaxing)
 .rodata        0x1002082e       0x20 CMakeFiles/payload.elf.dir/src/Application/appinit.c.obj
 .rodata.map_keys.7358
                0x1002084e        0xc CMakeFiles/payload.elf.dir/src/Application/appinit.c.obj
 .rodata.song.7398
                0x1002085a       0x40 CMakeFiles/payload.elf.dir/src/Application/appinit.c.obj
 .rodata.sine256
                0x1002089a      0x236 CMakeFiles/payload.elf.dir/src/Application/audio_note.c.obj
 .rodata.str1.1
                0x10020ad0        0x9 CMakeFiles/payload.elf.dir/src/Application/Drivers/dflib.c.obj
 *fill*         0x10020ad9        0x3 
 .rodata.DFConfigList
                0x10020adc       0x70 CMakeFiles/payload.elf.dir/src/Application/Drivers/dflib.c.obj
                0x10020adc                DFConfigList
 .rodata.Keypad_Initialize.str1.1
                0x10020b4c       0x24 CMakeFiles/payload.elf.dir/src/Application/Drivers/simple_keypad.c.obj
 .rodata.Keypad_StartScanning.str1.1
                0x10020b70       0x21 CMakeFiles/payload.elf.dir/src/Application/Drivers/simple_keypad.c.obj
 .rodata.Keypad_GetKeyName.str1.1
                0x10020b91        0x8 CMakeFiles/payload.elf.dir/src/Application/Drivers/simple_keypad.c.obj
 .rodata.str1.1
                0x10020b99       0xba CMakeFiles/payload.elf.dir/src/Application/Drivers/simple_keypad.c.obj
                                 0xef (size before relaxing)
 *fill*         0x10020c53        0x1 
 .rodata.cols   0x10020c54       0x14 CMakeFiles/payload.elf.dir/src/Application/Drivers/simple_keypad.c.obj
 .rodata.key_names
                0x10020c68      0x140 CMakeFiles/payload.elf.dir/src/Application/Drivers/simple_keypad.c.obj
 .rodata.rows   0x10020da8       0x14 CMakeFiles/payload.elf.dir/src/Application/Drivers/simple_keypad.c.obj
 .rodata.SingleLED_Initialize.str1.1
                0x10020dbc       0x32 CMakeFiles/payload.elf.dir/src/Application/Drivers/single_led.c.obj
 .rodata.msdc_dump_regs.str1.1
                0x10020dee       0x7e CMakeFiles/payload.elf.dir/src/Application/Drivers/sd_minimal.c.obj
 .rodata.send_cmd_base.str1.1
                0x10020e6c       0xf8 CMakeFiles/payload.elf.dir/src/Application/Drivers/sd_minimal.c.obj
 .rodata.msdc_set_clock_khz_base.part.0.str1.1
                0x10020f64       0x23 CMakeFiles/payload.elf.dir/src/Application/Drivers/sd_minimal.c.obj
 .rodata.try_init_base.str1.1
                0x10020f87      0x1dd CMakeFiles/payload.elf.dir/src/Application/Drivers/sd_minimal.c.obj
 .rodata.SDM_ReadBlock.str1.1
                0x10021164       0x3c CMakeFiles/payload.elf.dir/src/Application/Drivers/sd_minimal.c.obj
 .rodata.PCM_Player_PlayTestTone.str1.1
                0x100211a0       0x15 CMakeFiles/payload.elf.dir/src/Application/pcm_player.c.obj
 *fill*         0x100211b5        0x1 
 .rodata.demo_pcm
                0x100211b6       0x60 CMakeFiles/payload.elf.dir/src/Application/pcm_player.c.obj
 .rodata.CFG_DESC_CDC
                0x10021216       0x28 CMakeFiles/payload.elf.dir/src/Application/Drivers/usbdevice_cdc.c.obj
 .rodata.DEV_DESC_CDC
                0x1002123e       0x12 CMakeFiles/payload.elf.dir/src/Application/Drivers/usbdevice_cdc.c.obj
 .rodata.STR_DATA_CDC
                0x10021250        0xc CMakeFiles/payload.elf.dir/src/Application/Drivers/usbdevice_cdc.c.obj
 .rodata.VReq   0x1002125c       0x1c CMakeFiles/payload.elf.dir/src/Application/Drivers/usbdevice_cdc.c.obj
 .rodata.sd00_cdc
                0x10021278        0x4 CMakeFiles/payload.elf.dir/src/Application/Drivers/usbdevice_cdc.c.obj
                0x10021278                sd00_cdc
 .rodata.sd01_cdc
                0x1002127c       0x34 CMakeFiles/payload.elf.dir/src/Application/Drivers/usbdevice_cdc.c.obj
                0x1002127c                sd01_cdc
 .rodata.sd02_cdc
                0x100212b0       0x30 CMakeFiles/payload.elf.dir/src/Application/Drivers/usbdevice_cdc.c.obj
                0x100212b0                sd02_cdc
 .rodata._global_impure_ptr
                0x100212e0        0x4 c:/projects/ultra700/gcc/bin/../lib/gcc/arm-none-eabi/9.3.1/../../../../arm-none-eabi/lib\libc.a(lib_a-impure.o)
                0x100212e0                _global_impure_ptr
 .rodata._vfprintf_r.str1.4
                0x100212e4       0x42 c:/projects/ultra700/gcc/bin/../lib/gcc/arm-none-eabi/9.3.1/../../../../arm-none-eabi/lib\libc.a(lib_a-vfprintf.o)
 *fill*         0x10021326        0x2 
 .rodata.blanks.7350
                0x10021328       0x10 c:/projects/ultra700/gcc/bin/../lib/gcc/arm-none-eabi/9.3.1/../../../../arm-none-eabi/lib\libc.a(lib_a-vfprintf.o)
 .rodata.zeroes.7351
                0x10021338       0x10 c:/projects/ultra700/gcc/bin/../lib/gcc/arm-none-eabi/9.3.1/../../../../arm-none-eabi/lib\libc.a(lib_a-vfprintf.o)
 .rodata._dtoa_r.str1.4
                0x10021348       0xa0 c:/projects/ultra700/gcc/bin/../lib/gcc/arm-none-eabi/9.3.1/../../../../arm-none-eabi/lib\libc.a(lib_a-dtoa.o)
                                 0xa4 (size before relaxing)
 .rodata.__multadd.str1.4
                0x100213e8       0x7d c:/projects/ultra700/gcc/bin/../lib/gcc/arm-none-eabi/9.3.1/../../../../arm-none-eabi/lib\libc.a(lib_a-mprec.o)
                                 0x91 (size before relaxing)
 *fill*         0x10021465        0x3 
 .rodata.__mprec_bigtens
                0x10021468       0x28 c:/projects/ultra700/gcc/bin/../lib/gcc/arm-none-eabi/9.3.1/../../../../arm-none-eabi/lib\libc.a(lib_a-mprec.o)
                0x10021468                __mprec_bigtens
 .rodata.__mprec_tens
                0x10021490       0xc8 c:/projects/ultra700/gcc/bin/../lib/gcc/arm-none-eabi/9.3.1/../../../../arm-none-eabi/lib\libc.a(lib_a-mprec.o)
                0x10021490                __mprec_tens
 .rodata.p05.6122