Archive member included to satisfy reference by file (symbol)

c:/projects/ultra700/gcc/bin/../lib/gcc/arm-none-eabi/9.3.1/../../../../arm-none-eabi/lib\libc.a(lib_a-fflush.o)
                              CMakeFiles/payload.elf.dir/src/System/debug.c.obj (fflush)
c:/projects/ultra700/gcc/bin/../lib/gcc/arm-none-eabi/9.3.1/../../../../arm-none-eabi/lib\libc.a(lib_a-findfp.o)
                              c:/projects/ultra700/gcc/bin/../lib/gcc/arm-none-eabi/9.3.1/../../../../arm-none-eabi/lib\libc.a(lib_a-fflush.o) (__sinit)
c:/projects/ultra700/gcc/bin/../lib/gcc/arm-none-eabi/9.3.1/../../../../arm-none-eabi/lib\libc.a(lib_a-freer.o)
                              c:/projects/ultra700/gcc/bin/../lib/gcc/arm-none-eabi/9.3.1/../../../../arm-none-eabi/lib\libc.a(lib_a-fflush.o) (_free_r)
c:/projects/ultra700/gcc/bin/../lib/gcc/arm-none-eabi/9.3.1/../../../../arm-none-eabi/lib\libc.a(lib_a-fwalk.o)
                              c:/projects/ultra700/gcc/bin/../lib/gcc/arm-none-eabi/9.3.1/../../../../arm-none-eabi/lib\libc.a(lib_a-findfp.o) (_fwalk)
c:/projects/ultra700/gcc/bin/../lib/gcc/arm-none-eabi/9.3.1/../../../../arm-none-eabi/lib\libc.a(lib_a-impure.o)
                              c:/projects/ultra700/gcc/bin/../lib/gcc/arm-none-eabi/9.3.1/../../../../arm-none-eabi/lib\libc.a(lib_a-fflush.o) (_global_impure_ptr)
c:/projects/ultra700/gcc/bin/../lib/gcc/arm-none-eabi/9.3.1/../../../../arm-none-eabi/lib\libc.a(lib_a-lock.o)
                              c:/projects/ultra700/gcc/bin/../lib/gcc/arm-none-eabi/9.3.1/../../../../arm-none-eabi/lib\libc.a(lib_a-findfp.o) (__retarget_lock_init_recursive)
c:/projects/ultra700/gcc/bin/../lib/gcc/arm-none-eabi/9.3.1/../../../../arm-none-eabi/lib\libc.a(lib_a-mallocr.o)
                              c:/projects/ultra700/gcc/bin/../lib/gcc/arm-none-eabi/9.3.1/../../../../arm-none-eabi/lib\libc.a(lib_a-findfp.o) (_malloc_r)
c:/projects/ultra700/gcc/bin/../lib/gcc/arm-none-eabi/9.3.1/../../../../arm-none-eabi/lib\libc.a(lib_a-memcmp.o)
                              CMakeFiles/payload.elf.dir/src/Lib/MT6261/Drivers/lcdif.c.obj (memcmp)
c:/projects/ultra700/gcc/bin/../lib/gcc/arm-none-eabi/9.3.1/../../../../arm-none-eabi/lib\libc.a(lib_a-memcpy-stub.o)
                              CMakeFiles/payload.elf.dir/src/System/evmngr.c.obj (memcpy)
c:/projects/ultra700/gcc/bin/../lib/gcc/arm-none-eabi/9.3.1/../../../../arm-none-eabi/lib\libc.a(lib_a-memset.o)
                              CMakeFiles/payload.elf.dir/src/System/dlist.c.obj (memset)
c:/projects/ultra700/gcc/bin/../lib/gcc/arm-none-eabi/9.3.1/../../../../arm-none-eabi/lib\libc.a(lib_a-mlock.o)
                              c:/projects/ultra700/gcc/bin/../lib/gcc/arm-none-eabi/9.3.1/../../../../arm-none-eabi/lib\libc.a(lib_a-freer.o) (__malloc_lock)
c:/projects/ultra700/gcc/bin/../lib/gcc/arm-none-eabi/9.3.1/../../../../arm-none-eabi/lib\libc.a(lib_a-printf.o)
                              CMakeFiles/payload.elf.dir/src/System/debug.c.obj (printf)
c:/projects/ultra700/gcc/bin/../lib/gcc/arm-none-eabi/9.3.1/../../../../arm-none-eabi/lib\libc.a(lib_a-sbrkr.o)
                              c:/projects/ultra700/gcc/bin/../lib/gcc/arm-none-eabi/9.3.1/../../../../arm-none-eabi/lib\libc.a(lib_a-freer.o) (_sbrk_r)
c:/projects/ultra700/gcc/bin/../lib/gcc/arm-none-eabi/9.3.1/../../../../arm-none-eabi/lib\libc.a(lib_a-stdio.o)
                              c:/projects/ultra700/gcc/bin/../lib/gcc/arm-none-eabi/9.3.1/../../../../arm-none-eabi/lib\libc.a(lib_a-findfp.o) (__sread)
c:/projects/ultra700/gcc/bin/../lib/gcc/arm-none-eabi/9.3.1/../../../../arm-none-eabi/lib\libc.a(lib_a-strchr.o)
                              CMakeFiles/payload.elf.dir/src/Application/Drivers/ff.c.obj (strchr)
c:/projects/ultra700/gcc/bin/../lib/gcc/arm-none-eabi/9.3.1/../../../../arm-none-eabi/lib\libc.a(lib_a-strcmp.o)
                              CMakeFiles/payload.elf.dir/src/Application/Drivers/fs_fat32.c.obj (strcmp)
c:/projects/ultra700/gcc/bin/../lib/gcc/arm-none-eabi/9.3.1/../../../../arm-none-eabi/lib\libc.a(lib_a-strlen-stub.o)
                              CMakeFiles/payload.elf.dir/src/GUI/guiobject.c.obj (strlen)
c:/projects/ultra700/gcc/bin/../lib/gcc/arm-none-eabi/9.3.1/../../../../arm-none-eabi/lib\libc.a(lib_a-vfprintf.o)
                              c:/projects/ultra700/gcc/bin/../lib/gcc/arm-none-eabi/9.3.1/../../../../arm-none-eabi/lib\libc.a(lib_a-printf.o) (_vfprintf_r)
c:/projects/ultra700/gcc/bin/../lib/gcc/arm-none-eabi/9.3.1/../../../../arm-none-eabi/lib\libc.a(lib_a-vsnprintf.o)
                              CMakeFiles/payload.elf.dir/src/Application/appinit.c.obj (vsnprintf)
c:/projects/ultra700/gcc/bin/../lib/gcc/arm-none-eabi/9.3.1/../../../../arm-none-eabi/lib\libc.a(lib_a-writer.o)
                              c:/projects/ultra700/gcc/bin/../lib/gcc/arm-none-eabi/9.3.1/../../../../arm-none-eabi/lib\libc.a(lib_a-stdio.o) (_write_r)
[...]
Memory Configuration

Name             Origin             Length             Attributes
ROM              0x10006000         0x007fa000         xr
RAM              0x00000000         0x00400000         xrw
TCM              0x70000000         0x0000b000         xrw
*default*        0x00000000         0xffffffff

Linker script and memory map

START GROUP
LOAD c:/projects/ultra700/gcc/bin/../lib/gcc/arm-none-eabi/9.3.1/../../../../arm-none-eabi/lib\libc.a
LOAD c:/projects/ultra700/gcc/bin/../lib/gcc/arm-none-eabi/9.3.1\libgcc.a
LOAD c:/projects/ultra700/gcc/bin/../lib/gcc/arm-none-eabi/9.3.1/../../../../arm-none-eabi/lib\libnosys.a
END GROUP
LOAD CMakeFiles/payload.elf.dir/src/startup_MT6261x.S.obj
LOAD CMakeFiles/payload.elf.dir/src/System/DZ09.c.obj
LOAD CMakeFiles/payload.elf.dir/src/Lib/appheader.c.obj
LOAD CMakeFiles/payload.elf.dir/src/System/asmutils.s.obj
LOAD CMakeFiles/payload.elf.dir/src/System/exchandlers.s.obj
LOAD CMakeFiles/payload.elf.dir/src/System/crc.c.obj
LOAD CMakeFiles/payload.elf.dir/src/System/debug.c.obj
LOAD CMakeFiles/payload.elf.dir/src/System/dlist.c.obj
LOAD CMakeFiles/payload.elf.dir/src/System/evmngr.c.obj
LOAD CMakeFiles/payload.elf.dir/src/System/fscache.c.obj
LOAD CMakeFiles/payload.elf.dir/src/System/init.c.obj
LOAD CMakeFiles/payload.elf.dir/src/System/lrtimer.c.obj
LOAD CMakeFiles/payload.elf.dir/src/System/memory.c.obj
LOAD CMakeFiles/payload.elf.dir/src/System/pmngr.c.obj
LOAD CMakeFiles/payload.elf.dir/src/System/resource.c.obj
LOAD CMakeFiles/payload.elf.dir/src/System/ringbuf.c.obj
LOAD CMakeFiles/payload.elf.dir/src/System/sf.c.obj
LOAD CMakeFiles/payload.elf.dir/src/System/tlsf.c.obj
LOAD CMakeFiles/payload.elf.dir/src/System/utils.c.obj
LOAD CMakeFiles/payload.elf.dir/src/Lib/MT6261/Drivers/auxadc.c.obj
LOAD CMakeFiles/payload.elf.dir/src/Lib/MT6261/Drivers/afe.c.obj
LOAD CMakeFiles/payload.elf.dir/src/Lib/MT6261/Drivers/emi.c.obj
LOAD CMakeFiles/payload.elf.dir/src/Lib/MT6261/Drivers/gpio.c.obj
LOAD CMakeFiles/payload.elf.dir/src/Lib/MT6261/Drivers/gpt.c.obj
LOAD CMakeFiles/payload.elf.dir/src/Lib/MT6261/Drivers/lcdif.c.obj
LOAD CMakeFiles/payload.elf.dir/src/Lib/MT6261/Drivers/msdc.c.obj
LOAD CMakeFiles/payload.elf.dir/src/Lib/MT6261/Drivers/nvic.c.obj
LOAD CMakeFiles/payload.elf.dir/src/Lib/MT6261/Drivers/pctl.c.obj
LOAD CMakeFiles/payload.elf.dir/src/Lib/MT6261/Drivers/pll.c.obj
LOAD CMakeFiles/payload.elf.dir/src/Lib/MT6261/Drivers/pmu.c.obj
LOAD CMakeFiles/payload.elf.dir/src/Lib/MT6261/Drivers/pwm.c.obj
LOAD CMakeFiles/payload.elf.dir/src/Lib/MT6261/Drivers/rgu.c.obj
LOAD CMakeFiles/payload.elf.dir/src/Lib/MT6261/Drivers/rtc.c.obj
LOAD CMakeFiles/payload.elf.dir/src/Lib/MT6261/Drivers/sfi.c.obj
LOAD CMakeFiles/payload.elf.dir/src/Lib/MT6261/Drivers/spi.c.obj
LOAD CMakeFiles/payload.elf.dir/src/Lib/MT6261/Drivers/tcmcache.c.obj
LOAD CMakeFiles/payload.elf.dir/src/Lib/MT6261/Drivers/usart.c.obj
LOAD CMakeFiles/payload.elf.dir/src/Lib/MT6261/Drivers/usb.c.obj
LOAD CMakeFiles/payload.elf.dir/src/Lib/MT6261/Drivers/ustimer.c.obj
LOAD CMakeFiles/payload.elf.dir/src/Lib/USB/usb9.c.obj
LOAD CMakeFiles/payload.elf.dir/src/GUI/gdi.c.obj
LOAD CMakeFiles/payload.elf.dir/src/GUI/gdifont.c.obj
LOAD CMakeFiles/payload.elf.dir/src/GUI/gdiutils.c.obj
LOAD CMakeFiles/payload.elf.dir/src/GUI/gui.c.obj
LOAD CMakeFiles/payload.elf.dir/src/GUI/guibutton.c.obj
LOAD CMakeFiles/payload.elf.dir/src/GUI/guilabel.c.obj
LOAD CMakeFiles/payload.elf.dir/src/GUI/guiobject.c.obj
LOAD CMakeFiles/payload.elf.dir/src/GUI/guiwin.c.obj
LOAD CMakeFiles/payload.elf.dir/src/Application/appinit.c.obj
LOAD CMakeFiles/payload.elf.dir/src/Application/audio_note.c.obj
LOAD CMakeFiles/payload.elf.dir/src/Application/Drivers/backlight.c.obj
LOAD CMakeFiles/payload.elf.dir/src/Application/Drivers/delay.c.obj
LOAD CMakeFiles/payload.elf.dir/src/Application/Drivers/dflib.c.obj
LOAD CMakeFiles/payload.elf.dir/src/Application/Drivers/ft6236.c.obj
LOAD CMakeFiles/payload.elf.dir/src/Application/Drivers/ili9341.c.obj
LOAD CMakeFiles/payload.elf.dir/src/Application/Drivers/simple_keypad.c.obj
LOAD CMakeFiles/payload.elf.dir/src/Application/Drivers/single_led.c.obj
LOAD CMakeFiles/payload.elf.dir/src/Application/Drivers/sdcard.c.obj
LOAD CMakeFiles/payload.elf.dir/src/Application/Drivers/sd_minimal.c.obj
LOAD CMakeFiles/payload.elf.dir/src/Application/Drivers/fs_fat32.c.obj
LOAD CMakeFiles/payload.elf.dir/src/Application/Drivers/ff.c.obj
LOAD CMakeFiles/payload.elf.dir/src/Application/Drivers/ffunicode.c.obj
LOAD CMakeFiles/payload.elf.dir/src/Application/Drivers/ffsystem.c.obj
LOAD CMakeFiles/payload.elf.dir/src/Application/Drivers/diskio.c.obj
LOAD CMakeFiles/payload.elf.dir/src/Application/pcm_player.c.obj
LOAD CMakeFiles/payload.elf.dir/src/Application/Drivers/usbdevice_cdc.c.obj
LOAD c:/projects/ultra700/gcc/bin/../lib/gcc/arm-none-eabi/9.3.1/../../../../arm-none-eabi/lib\libc.a
LOAD c:/projects/ultra700/gcc/bin/../lib/gcc/arm-none-eabi/9.3.1\libgcc.a
LOAD c:/projects/ultra700/gcc/bin/../lib/gcc/arm-none-eabi/9.3.1/../../../../arm-none-eabi/lib\libnosys.a
LOAD C:/Projects/ultra700/src/GUI/Resource/fontlib.a
START GROUP
LOAD c:/projects/ultra700/gcc/bin/../lib/gcc/arm-none-eabi/9.3.1\libgcc.a
LOAD c:/projects/ultra700/gcc/bin/../lib/gcc/arm-none-eabi/9.3.1/../../../../arm-none-eabi/lib\libg.a
LOAD c:/projects/ultra700/gcc/bin/../lib/gcc/arm-none-eabi/9.3.1/../../../../arm-none-eabi/lib\libc.a
END GROUP

.text           0x10006000    0x1fdec
                0x10006000                __app_header_base = .
 *(.app_header)
 .app_header    0x10006000       0x44 CMakeFiles/payload.elf.dir/src/Lib/appheader.c.obj
                0x10006000                app_header
                0x10006044                __app_header_end = .
 *(.reset_handler)
 .reset_handler
                0x10006044       0x98 CMakeFiles/payload.elf.dir/src/startup_MT6261x.S.obj
                0x10006044                __reset_handler
 *(.text*)
 .text          0x100060dc       0x18 CMakeFiles/payload.elf.dir/src/startup_MT6261x.S.obj
                0x100060dc                __undefined_handler
                0x100060e0                __swi_handler
                0x100060e4                __prefetch_handler
                0x100060e8                __abort_handler
 .text.startup.main
                0x100060f4       0x18 CMakeFiles/payload.elf.dir/src/System/DZ09.c.obj
                0x100060f4                main
 .text          0x1000610c      0x1a4 CMakeFiles/payload.elf.dir/src/System/asmutils.s.obj
                0x1000610c                __enable_interrupts
                0x10006124                __disable_interrupts
                0x1000613c                __restore_interrupts
                0x10006158                __ctz
                0x100061bc                __clz
                0x1000622c                __get_cpu_freq_ticks
                0x10006260                __freq_loops_cycles
                0x10006268                __secure_memset
                0x1000628c                __is_in_isr_mode
 .text          0x100062b0       0x48 CMakeFiles/payload.elf.dir/src/System/exchandlers.s.obj
                0x100062b0                __nvic_irq_handler
                0x100062d4                __nvic_fiq_handler
 .text.DBG_Initialize
                0x100062f8       0x38 CMakeFiles/payload.elf.dir/src/System/debug.c.obj
                0x100062f8                DBG_Initialize
 .text._write   0x10006330       0x5c CMakeFiles/payload.elf.dir/src/System/debug.c.obj
                0x10006330                _write
 .text.DL_ItemByData
                0x1000638c       0x80 CMakeFiles/payload.elf.dir/src/System/dlist.c.obj
 .text.DL_IndexOfItem
                0x1000640c       0x38 CMakeFiles/payload.elf.dir/src/System/dlist.c.obj
 .text.DL_ItemByIndex
                0x10006444       0x68 CMakeFiles/payload.elf.dir/src/System/dlist.c.obj
 .text.DL_Create
                0x100064ac       0x28 CMakeFiles/payload.elf.dir/src/System/dlist.c.obj
                0x100064ac                DL_Create
 .text.DL_Delete
                0x100064d4       0xb4 CMakeFiles/payload.elf.dir/src/System/dlist.c.obj
                0x100064d4                DL_Delete
 .text.DL_GetItemsCount
                0x10006588       0x20 CMakeFiles/payload.elf.dir/src/System/dlist.c.obj
                0x10006588                DL_GetItemsCount
 .text.DL_GetFirstItem
                0x100065a8       0x20 CMakeFiles/payload.elf.dir/src/System/dlist.c.obj
                0x100065a8                DL_GetFirstItem
 .text.DL_GetLastItem
                0x100065c8       0x20 CMakeFiles/payload.elf.dir/src/System/dlist.c.obj
                0x100065c8                DL_GetLastItem
 .text.DL_GetPrevItem
                0x100065e8       0x20 CMakeFiles/payload.elf.dir/src/System/dlist.c.obj
                0x100065e8                DL_GetPrevItem
 .text.DL_GetNextItem
                0x10006608       0x20 CMakeFiles/payload.elf.dir/src/System/dlist.c.obj
                0x10006608                DL_GetNextItem
 .text.DL_GetItemIndex
                0x10006628       0x34 CMakeFiles/payload.elf.dir/src/System/dlist.c.obj
                0x10006628                DL_GetItemIndex
 .text.DL_FindItemByData
                0x1000665c       0x3c CMakeFiles/payload.elf.dir/src/System/dlist.c.obj
                0x1000665c                DL_FindItemByData
 .text.DL_FindItemByDataReverse
                0x10006698       0x9c CMakeFiles/payload.elf.dir/src/System/dlist.c.obj
                0x10006698                DL_FindItemByDataReverse
 .text.DL_AddItemPtr
                0x10006734       0x6c CMakeFiles/payload.elf.dir/src/System/dlist.c.obj
                0x10006734                DL_AddItemPtr
 .text.DL_AddItemAtIndexPtr
                0x100067a0       0x8c CMakeFiles/payload.elf.dir/src/System/dlist.c.obj
                0x100067a0                DL_AddItemAtIndexPtr
 .text.DL_InsertItemBeforePtr
                0x1000682c       0x70 CMakeFiles/payload.elf.dir/src/System/dlist.c.obj
                0x1000682c                DL_InsertItemBeforePtr
 .text.DL_ExcludeItem
                0x1000689c       0x68 CMakeFiles/payload.elf.dir/src/System/dlist.c.obj
                0x1000689c                DL_ExcludeItem
 .text.DL_DeleteItem
                0x10006904       0x44 CMakeFiles/payload.elf.dir/src/System/dlist.c.obj
                0x10006904                DL_DeleteItem
 .text.DL_DeleteLastItem
                0x10006948       0x60 CMakeFiles/payload.elf.dir/src/System/dlist.c.obj
                0x10006948                DL_DeleteLastItem
 .text.DL_MoveItemToIndex
                0x100069a8       0xd4 CMakeFiles/payload.elf.dir/src/System/dlist.c.obj
                0x100069a8                DL_MoveItemToIndex
 .text.EM_Initialize
                0x10006a7c       0x30 CMakeFiles/payload.elf.dir/src/System/evmngr.c.obj
                0x10006a7c                EM_Initialize
 .text.EM_PostEvent
                0x10006aac       0x80 CMakeFiles/payload.elf.dir/src/System/evmngr.c.obj
                0x10006aac                EM_PostEvent
 .text.EM_ProcessEvents
                0x10006b2c      0x108 CMakeFiles/payload.elf.dir/src/System/evmngr.c.obj
                0x10006b2c                EM_ProcessEvents
 .text.Init     0x10006c34      0x1a4 CMakeFiles/payload.elf.dir/src/System/init.c.obj
                0x10006c34                Init
 .text.LRT_GPTHandler
                0x10006dd8      0x114 CMakeFiles/payload.elf.dir/src/System/lrtimer.c.obj
                0x10006dd8                LRT_GPTHandler
 .text.LRT_Initialize
                0x10006eec       0xa4 CMakeFiles/payload.elf.dir/src/System/lrtimer.c.obj
                0x10006eec                LRT_Initialize
 .text.LRT_Create
                0x10006f90       0xa0 CMakeFiles/payload.elf.dir/src/System/lrtimer.c.obj
                0x10006f90                LRT_Create
 .text.LRT_Destroy
                0x10007030       0x88 CMakeFiles/payload.elf.dir/src/System/lrtimer.c.obj
                0x10007030                LRT_Destroy
 .text.LRT_Start
                0x100070b8       0x68 CMakeFiles/payload.elf.dir/src/System/lrtimer.c.obj
                0x100070b8                LRT_Start
 .text.LRT_Stop
                0x10007120       0x5c CMakeFiles/payload.elf.dir/src/System/lrtimer.c.obj
                0x10007120                LRT_Stop
 .text.LRT_SetInterval
                0x1000717c       0x50 CMakeFiles/payload.elf.dir/src/System/lrtimer.c.obj
                0x1000717c                LRT_SetInterval
 .text.InitializeMemoryPool
                0x100071cc       0x3c CMakeFiles/payload.elf.dir/src/System/memory.c.obj
                0x100071cc                InitializeMemoryPool
 .text.malloc   0x10007208       0x2c CMakeFiles/payload.elf.dir/src/System/memory.c.obj
                0x10007208                malloc
 .text.free     0x10007234       0x24 CMakeFiles/payload.elf.dir/src/System/memory.c.obj
                0x10007234                free
 .text.IsDynamicMemory
                0x10007258       0x30 CMakeFiles/payload.elf.dir/src/System/memory.c.obj
                0x10007258                IsDynamicMemory
 .text.GetTotalUsedMemory
                0x10007288        0xc CMakeFiles/payload.elf.dir/src/System/memory.c.obj
                0x10007288                GetTotalUsedMemory
 .text.RB_Create
                0x10007294       0x70 CMakeFiles/payload.elf.dir/src/System/ringbuf.c.obj
                0x10007294                RB_Create
 .text.RB_Destroy
                0x10007304       0x5c CMakeFiles/payload.elf.dir/src/System/ringbuf.c.obj
                0x10007304                RB_Destroy
 .text.RB_WriteData
                0x10007360      0x150 CMakeFiles/payload.elf.dir/src/System/ringbuf.c.obj
                0x10007360                RB_WriteData
 .text.RB_GetCurrentDataCount
                0x100074b0       0x20 CMakeFiles/payload.elf.dir/src/System/ringbuf.c.obj
                0x100074b0                RB_GetCurrentDataCount
 .text.RB_FlashBuffer
                0x100074d0       0x28 CMakeFiles/payload.elf.dir/src/System/ringbuf.c.obj
                0x100074d0                RB_FlashBuffer
 .text.SF_Initialize
                0x100074f8      0x208 CMakeFiles/payload.elf.dir/src/System/sf.c.obj
                0x100074f8                SF_Initialize
 .text.ls_bit   0x10007700       0x44 CMakeFiles/payload.elf.dir/src/System/tlsf.c.obj
 .text.ms_bit   0x10007744       0x3c CMakeFiles/payload.elf.dir/src/System/tlsf.c.obj
 .text.set_bit  0x10007780       0x1c CMakeFiles/payload.elf.dir/src/System/tlsf.c.obj
 .text.clear_bit
                0x1000779c       0x1c CMakeFiles/payload.elf.dir/src/System/tlsf.c.obj
 .text.MAPPING_INSERT
                0x100077b8       0x50 CMakeFiles/payload.elf.dir/src/System/tlsf.c.obj
 .text.get_used_size
                0x10007808        0x8 CMakeFiles/payload.elf.dir/src/System/tlsf.c.obj
                0x10007808                get_used_size
 .text.destroy_memory_pool
                0x10007810        0xc CMakeFiles/payload.elf.dir/src/System/tlsf.c.obj
                0x10007810                destroy_memory_pool
 .text.malloc_ex
                0x1000781c      0x21c CMakeFiles/payload.elf.dir/src/System/tlsf.c.obj
                0x1000781c                malloc_ex
 .text.tlsf_malloc
                0x10007a38       0x10 CMakeFiles/payload.elf.dir/src/System/tlsf.c.obj
                0x10007a38                tlsf_malloc
 .text.free_ex  0x10007a48      0x238 CMakeFiles/payload.elf.dir/src/System/tlsf.c.obj
                0x10007a48                free_ex
 .text.init_memory_pool
                0x10007c80      0x100 CMakeFiles/payload.elf.dir/src/System/tlsf.c.obj
                0x10007c80                init_memory_pool
 .text.tlsf_free
                0x10007d80       0x10 CMakeFiles/payload.elf.dir/src/System/tlsf.c.obj
                0x10007d80                tlsf_free
 .text.GetCPUFrequency
                0x10007d90       0x24 CMakeFiles/payload.elf.dir/src/System/utils.c.obj
                0x10007d90                GetCPUFrequency
 .text.AUXADC_WaitBusy
                0x10007db4       0x4c CMakeFiles/payload.elf.dir/src/Lib/MT6261/Drivers/auxadc.c.obj
 .text.AUXADC_Disable
                0x10007e00       0x20 CMakeFiles/payload.elf.dir/src/Lib/MT6261/Drivers/auxadc.c.obj
                0x10007e00                AUXADC_Disable
 .text.AUXADC_Enable
                0x10007e20       0x60 CMakeFiles/payload.elf.dir/src/Lib/MT6261/Drivers/auxadc.c.obj
                0x10007e20                AUXADC_Enable
 .text.AUXADC_MeasureMultiple
                0x10007e80       0x7c CMakeFiles/payload.elf.dir/src/Lib/MT6261/Drivers/auxadc.c.obj
                0x10007e80                AUXADC_MeasureMultiple
 .text.AFE_SetSpeakerVolume
                0x10007efc       0x24 CMakeFiles/payload.elf.dir/src/Lib/MT6261/Drivers/afe.c.obj
                0x10007efc                AFE_SetSpeakerVolume
 .text.AFE_SetAudioSampleRate
                0x10007f20       0x4c CMakeFiles/payload.elf.dir/src/Lib/MT6261/Drivers/afe.c.obj
                0x10007f20                AFE_SetAudioSampleRate
 .text.AFE_initialize
                0x10007f6c      0x344 CMakeFiles/payload.elf.dir/src/Lib/MT6261/Drivers/afe.c.obj
                0x10007f6c                AFE_initialize
 .text.Beep     0x100082b0       0x38 CMakeFiles/payload.elf.dir/src/Lib/MT6261/Drivers/afe.c.obj
                0x100082b0                Beep
 .text.AFE_Unmute
                0x100082e8       0x64 CMakeFiles/payload.elf.dir/src/Lib/MT6261/Drivers/afe.c.obj
                0x100082e8                AFE_Unmute
 .text.AFE_EnsureOutputPath
                0x1000834c       0x54 CMakeFiles/payload.elf.dir/src/Lib/MT6261/Drivers/afe.c.obj
                0x1000834c                AFE_EnsureOutputPath
 .text.GPIO_Setup.part.0
                0x100083a0      0x38c CMakeFiles/payload.elf.dir/src/Lib/MT6261/Drivers/gpio.c.obj
 .text.GPIO_Initialize
                0x1000872c       0xb4 CMakeFiles/payload.elf.dir/src/Lib/MT6261/Drivers/gpio.c.obj
                0x1000872c                GPIO_Initialize
 .text.GPIO_Setup
                0x100087e0        0xc CMakeFiles/payload.elf.dir/src/Lib/MT6261/Drivers/gpio.c.obj
                0x100087e0                GPIO_Setup
 .text.GPT_UpdatePowerState
                0x100087ec       0x24 CMakeFiles/payload.elf.dir/src/Lib/MT6261/Drivers/gpt.c.obj
 .text.GPT_InterruptHandler
                0x10008810       0x6c CMakeFiles/payload.elf.dir/src/Lib/MT6261/Drivers/gpt.c.obj
 .text.GPT_RegisterInterrupt
                0x1000887c       0x48 CMakeFiles/payload.elf.dir/src/Lib/MT6261/Drivers/gpt.c.obj
 .text.GPT_TryUnregisterInterrupt
                0x100088c4       0x70 CMakeFiles/payload.elf.dir/src/Lib/MT6261/Drivers/gpt.c.obj
 .text.GPT_InitializeTimers
                0x10008934       0x94 CMakeFiles/payload.elf.dir/src/Lib/MT6261/Drivers/gpt.c.obj
                0x10008934                GPT_InitializeTimers
 .text.GPT_StartTimer
                0x100089c8       0xe4 CMakeFiles/payload.elf.dir/src/Lib/MT6261/Drivers/gpt.c.obj
                0x100089c8                GPT_StartTimer
 .text.GPT_SetupTimer
                0x10008aac      0x28c CMakeFiles/payload.elf.dir/src/Lib/MT6261/Drivers/gpt.c.obj
                0x10008aac                GPT_SetupTimer
 .text.LCDIF_WriteCommand
                0x10008d38       0x10 CMakeFiles/payload.elf.dir/src/Lib/MT6261/Drivers/lcdif.c.obj
                0x10008d38                LCDIF_WriteCommand
 .text.LCDIF_WriteData
                0x10008d48       0x10 CMakeFiles/payload.elf.dir/src/Lib/MT6261/Drivers/lcdif.c.obj
                0x10008d48                LCDIF_WriteData
 .text.LCDIF_SetClock
                0x10008d58       0x24 CMakeFiles/payload.elf.dir/src/Lib/MT6261/Drivers/lcdif.c.obj
                0x10008d58                LCDIF_SetClock
 .text.LCDIF_StartLCDTransfer
                0x10008d7c       0x1c CMakeFiles/payload.elf.dir/src/Lib/MT6261/Drivers/lcdif.c.obj
                0x10008d7c                LCDIF_StartLCDTransfer
 .text.LCDIF_DeleteCommandFromQueue
                0x10008d98       0x38 CMakeFiles/payload.elf.dir/src/Lib/MT6261/Drivers/lcdif.c.obj
                0x10008d98                LCDIF_DeleteCommandFromQueue
 .text.LCDIF_GetCommandFromQueue
                0x10008dd0      0x12c CMakeFiles/payload.elf.dir/src/Lib/MT6261/Drivers/lcdif.c.obj
                0x10008dd0                LCDIF_GetCommandFromQueue
 .text.LCDIF_ISR
                0x10008efc       0x58 CMakeFiles/payload.elf.dir/src/Lib/MT6261/Drivers/lcdif.c.obj
                0x10008efc                LCDIF_ISR
 .text.LCDIF_RestartQueue
                0x10008f54       0x3c CMakeFiles/payload.elf.dir/src/Lib/MT6261/Drivers/lcdif.c.obj
                0x10008f54                LCDIF_RestartQueue
 .text.LCDIF_AddCommandToQueue
                0x10008f90       0xc8 CMakeFiles/payload.elf.dir/src/Lib/MT6261/Drivers/lcdif.c.obj
                0x10008f90                LCDIF_AddCommandToQueue
 .text.LCDIF_RegisterISR
                0x10009058       0x28 CMakeFiles/payload.elf.dir/src/Lib/MT6261/Drivers/lcdif.c.obj
                0x10009058                LCDIF_RegisterISR
 .text.LCDIF_UnregisterISR
                0x10009080        0x8 CMakeFiles/payload.elf.dir/src/Lib/MT6261/Drivers/lcdif.c.obj
                0x10009080                LCDIF_UnregisterISR
 .text.LCDIF_DisableInterface
                0x10009088       0x60 CMakeFiles/payload.elf.dir/src/Lib/MT6261/Drivers/lcdif.c.obj
                0x10009088                LCDIF_DisableInterface
 .text.LCDIF_Initialize
                0x100090e8      0x240 CMakeFiles/payload.elf.dir/src/Lib/MT6261/Drivers/lcdif.c.obj
                0x100090e8                LCDIF_Initialize
 .text.LCDIF_SetupLayer
                0x10009328      0x1dc CMakeFiles/payload.elf.dir/src/Lib/MT6261/Drivers/lcdif.c.obj
                0x10009328                LCDIF_SetupLayer
 .text.LCDIF_IsLayerInitialized
                0x10009504       0x30 CMakeFiles/payload.elf.dir/src/Lib/MT6261/Drivers/lcdif.c.obj
                0x10009504                LCDIF_IsLayerInitialized
 .text.LCDIF_UpdateRectangle
                0x10009534       0x54 CMakeFiles/payload.elf.dir/src/Lib/MT6261/Drivers/lcdif.c.obj
                0x10009534                LCDIF_UpdateRectangle
 .text.LCDIF_SetLayerEnabled
                0x10009588      0x10c CMakeFiles/payload.elf.dir/src/Lib/MT6261/Drivers/lcdif.c.obj
                0x10009588                LCDIF_SetLayerEnabled
 .text.LCDIF_UpdateRectangleBlocked
                0x10009694       0x40 CMakeFiles/payload.elf.dir/src/Lib/MT6261/Drivers/lcdif.c.obj
                0x10009694                LCDIF_UpdateRectangleBlocked
 .text.NVIC_UnmaskIRQ2
                0x100096d4       0x58 CMakeFiles/payload.elf.dir/src/Lib/MT6261/Drivers/nvic.c.obj
 .text.NVIC_MaskIRQ2
                0x1000972c       0x58 CMakeFiles/payload.elf.dir/src/Lib/MT6261/Drivers/nvic.c.obj
 .text.NVIC_SetIRQSenseEdge
                0x10009784       0x58 CMakeFiles/payload.elf.dir/src/Lib/MT6261/Drivers/nvic.c.obj
 .text.NVIC_SetIRQSenseLevel
                0x100097dc       0x58 CMakeFiles/payload.elf.dir/src/Lib/MT6261/Drivers/nvic.c.obj
 .text.NVIC_UnmaskEINT2
                0x10009834       0x48 CMakeFiles/payload.elf.dir/src/Lib/MT6261/Drivers/nvic.c.obj
 .text.NVIC_MaskEINT2
                0x1000987c       0x48 CMakeFiles/payload.elf.dir/src/Lib/MT6261/Drivers/nvic.c.obj
 .text.NVIC_SetEINTSenseEdge
                0x100098c4       0x48 CMakeFiles/payload.elf.dir/src/Lib/MT6261/Drivers/nvic.c.obj
 .text.NVIC_SetEINTSenseLevel
                0x1000990c       0x48 CMakeFiles/payload.elf.dir/src/Lib/MT6261/Drivers/nvic.c.obj
 .text.NVIC_SetEINTPolarity
                0x10009954       0xa0 CMakeFiles/payload.elf.dir/src/Lib/MT6261/Drivers/nvic.c.obj
 .text.NVIC_EnableEINT_D0Event2
                0x100099f4       0x54 CMakeFiles/payload.elf.dir/src/Lib/MT6261/Drivers/nvic.c.obj
 .text.NVIC_DisableEINT_D0Event2
                0x10009a48       0x4c CMakeFiles/payload.elf.dir/src/Lib/MT6261/Drivers/nvic.c.obj
 .text.NVIC_SetEINTDebounce
                0x10009a94      0x10c CMakeFiles/payload.elf.dir/src/Lib/MT6261/Drivers/nvic.c.obj
 .text.NVIC_ADIE_C_IRQ_Handler
                0x10009ba0       0x68 CMakeFiles/payload.elf.dir/src/Lib/MT6261/Drivers/nvic.c.obj
                0x10009ba0                NVIC_ADIE_C_IRQ_Handler
 .text.NVIC_AEINTCHandler
                0x10009c08       0x7c CMakeFiles/payload.elf.dir/src/Lib/MT6261/Drivers/nvic.c.obj
                0x10009c08                NVIC_AEINTCHandler
 .text.NVIC_EINTCHandler
                0x10009c84       0x7c CMakeFiles/payload.elf.dir/src/Lib/MT6261/Drivers/nvic.c.obj
                0x10009c84                NVIC_EINTCHandler
 .text.NVIC_ChangeInterruptMode
                0x10009d00       0xac CMakeFiles/payload.elf.dir/src/Lib/MT6261/Drivers/nvic.c.obj
                0x10009d00                NVIC_ChangeInterruptMode
 .text.NVIC_C_IRQ_Handler
                0x10009dac       0x70 CMakeFiles/payload.elf.dir/src/Lib/MT6261/Drivers/nvic.c.obj
                0x10009dac                NVIC_C_IRQ_Handler
 .text.NVIC_C_FIQ_Handler
                0x10009e1c       0x70 CMakeFiles/payload.elf.dir/src/Lib/MT6261/Drivers/nvic.c.obj
                0x10009e1c                NVIC_C_FIQ_Handler
 .text.NVIC_UnregisterIRQ
                0x10009e8c       0x78 CMakeFiles/payload.elf.dir/src/Lib/MT6261/Drivers/nvic.c.obj
                0x10009e8c                NVIC_UnregisterIRQ
 .text.NVIC_RegisterIRQ
                0x10009f04       0xfc CMakeFiles/payload.elf.dir/src/Lib/MT6261/Drivers/nvic.c.obj
                0x10009f04                NVIC_RegisterIRQ
 .text.NVIC_Initialize
                0x1000a000      0x1d4 CMakeFiles/payload.elf.dir/src/Lib/MT6261/Drivers/nvic.c.obj
                0x1000a000                NVIC_Initialize
 .text.NVIC_UnregisterEINT
                0x1000a1d4       0x80 CMakeFiles/payload.elf.dir/src/Lib/MT6261/Drivers/nvic.c.obj
                0x1000a1d4                NVIC_UnregisterEINT
 .text.NVIC_RegisterEINT
                0x1000a254      0x150 CMakeFiles/payload.elf.dir/src/Lib/MT6261/Drivers/nvic.c.obj
                0x1000a254                NVIC_RegisterEINT
 .text.NVIC_EnableEINT
                0x1000a3a4       0x40 CMakeFiles/payload.elf.dir/src/Lib/MT6261/Drivers/nvic.c.obj
                0x1000a3a4                NVIC_EnableEINT
 .text.NVIC_EnableIRQ
                0x1000a3e4       0x40 CMakeFiles/payload.elf.dir/src/Lib/MT6261/Drivers/nvic.c.obj
                0x1000a3e4                NVIC_EnableIRQ
 .text.NVIC_DisableIRQ
                0x1000a424       0x40 CMakeFiles/payload.elf.dir/src/Lib/MT6261/Drivers/nvic.c.obj
                0x1000a424                NVIC_DisableIRQ
 .text.PCTL_Initialize
                0x1000a464       0x94 CMakeFiles/payload.elf.dir/src/Lib/MT6261/Drivers/pctl.c.obj
                0x1000a464                PCTL_Initialize
 .text.PCTL_GetPeripheralPowerStatus
                0x1000a4f8       0x48 CMakeFiles/payload.elf.dir/src/Lib/MT6261/Drivers/pctl.c.obj
                0x1000a4f8                PCTL_GetPeripheralPowerStatus
 .text.PMU_PWRKeyInterruptHandler
                0x1000a540       0x2c CMakeFiles/payload.elf.dir/src/Lib/MT6261/Drivers/pmu.c.obj
 .text.PMU_InterruptHandler
                0x1000a56c       0x20 CMakeFiles/payload.elf.dir/src/Lib/MT6261/Drivers/pmu.c.obj
 .text.PMU_FilterADCMeasures.constprop.0
                0x1000a58c       0xcc CMakeFiles/payload.elf.dir/src/Lib/MT6261/Drivers/pmu.c.obj
 .text.PMU_MeasureChargeParams
                0x1000a658      0x184 CMakeFiles/payload.elf.dir/src/Lib/MT6261/Drivers/pmu.c.obj
 .text.PMU_SetPWRKEYLongPressFunction
                0x1000a7dc       0xf8 CMakeFiles/payload.elf.dir/src/Lib/MT6261/Drivers/pmu.c.obj
                0x1000a7dc                PMU_SetPWRKEYLongPressFunction
 .text.PMU_SetChargerWDTEnabled
                0x1000a8d4       0x50 CMakeFiles/payload.elf.dir/src/Lib/MT6261/Drivers/pmu.c.obj
                0x1000a8d4                PMU_SetChargerWDTEnabled
 .text.PMU_IsChargerConnected
                0x1000a924       0x18 CMakeFiles/payload.elf.dir/src/Lib/MT6261/Drivers/pmu.c.obj
                0x1000a924                PMU_IsChargerConnected
 .text.PMU_ChargerEnable
                0x1000a93c      0x148 CMakeFiles/payload.elf.dir/src/Lib/MT6261/Drivers/pmu.c.obj
 .text.PMU_ChargerTimerHandler
                0x1000aa84      0x218 CMakeFiles/payload.elf.dir/src/Lib/MT6261/Drivers/pmu.c.obj
 .text.PMU_DisableUSBDLMode
                0x1000ac9c       0x34 CMakeFiles/payload.elf.dir/src/Lib/MT6261/Drivers/pmu.c.obj
                0x1000ac9c                PMU_DisableUSBDLMode
 .text.PMU_SetISINKMode
                0x1000acd0       0x1c CMakeFiles/payload.elf.dir/src/Lib/MT6261/Drivers/pmu.c.obj
                0x1000acd0                PMU_SetISINKMode
 .text.PMU_SetISINKOutput
                0x1000acec       0x58 CMakeFiles/payload.elf.dir/src/Lib/MT6261/Drivers/pmu.c.obj
                0x1000acec                PMU_SetISINKOutput
 .text.PMU_DisableISINKs
                0x1000ad44       0x20 CMakeFiles/payload.elf.dir/src/Lib/MT6261/Drivers/pmu.c.obj
                0x1000ad44                PMU_DisableISINKs
 .text.PMU_SetISINKParameters
                0x1000ad64       0xa0 CMakeFiles/payload.elf.dir/src/Lib/MT6261/Drivers/pmu.c.obj
                0x1000ad64                PMU_SetISINKParameters
 .text.PMU_TurnOnVUSB
                0x1000ae04       0x2c CMakeFiles/payload.elf.dir/src/Lib/MT6261/Drivers/pmu.c.obj
                0x1000ae04                PMU_TurnOnVUSB
 .text.PMU_Initialize
                0x1000ae30      0x1f0 CMakeFiles/payload.elf.dir/src/Lib/MT6261/Drivers/pmu.c.obj
                0x1000ae30                PMU_Initialize
 .text.PWM_SetPowerDown
                0x1000b020      0x12c CMakeFiles/payload.elf.dir/src/Lib/MT6261/Drivers/pwm.c.obj
                0x1000b020                PWM_SetPowerDown
 .text.PWM_SetupChannel
                0x1000b14c       0xc4 CMakeFiles/payload.elf.dir/src/Lib/MT6261/Drivers/pwm.c.obj
                0x1000b14c                PWM_SetupChannel
 .text.PWM_SetDutyCycle
                0x1000b210       0xb0 CMakeFiles/payload.elf.dir/src/Lib/MT6261/Drivers/pwm.c.obj
                0x1000b210                PWM_SetDutyCycle
 .text.RGU_RestartWDT
                0x1000b2c0       0x18 CMakeFiles/payload.elf.dir/src/Lib/MT6261/Drivers/rgu.c.obj
                0x1000b2c0                RGU_RestartWDT
 .text.RTC_WaitCBUSY
                0x1000b2d8       0x18 CMakeFiles/payload.elf.dir/src/Lib/MT6261/Drivers/rtc.c.obj
 .text.RTC_UpdateContext
                0x1000b2f0       0x14 CMakeFiles/payload.elf.dir/src/Lib/MT6261/Drivers/rtc.c.obj
 .text.RTC_DayOfWeek
                0x1000b304       0x88 CMakeFiles/payload.elf.dir/src/Lib/MT6261/Drivers/rtc.c.obj
 .text.RTC_IsValidState
                0x1000b38c       0x4c CMakeFiles/payload.elf.dir/src/Lib/MT6261/Drivers/rtc.c.obj
                0x1000b38c                RTC_IsValidState
 .text.RTC_SetDateTime
                0x1000b3d8      0x128 CMakeFiles/payload.elf.dir/src/Lib/MT6261/Drivers/rtc.c.obj
                0x1000b3d8                RTC_SetDateTime
 .text.RTC_SetAlarmDateTime
                0x1000b500      0x15c CMakeFiles/payload.elf.dir/src/Lib/MT6261/Drivers/rtc.c.obj
                0x1000b500                RTC_SetAlarmDateTime
 .text.RTC_Initialize
                0x1000b65c      0x15c CMakeFiles/payload.elf.dir/src/Lib/MT6261/Drivers/rtc.c.obj
                0x1000b65c                RTC_Initialize
 .text.MPU_AddRegion
                0x1000b7b8      0x15c CMakeFiles/payload.elf.dir/src/Lib/MT6261/Drivers/tcmcache.c.obj
                0x1000b7b8                MPU_AddRegion
 .text.MPU_Initialize
                0x1000b914       0x78 CMakeFiles/payload.elf.dir/src/Lib/MT6261/Drivers/tcmcache.c.obj
                0x1000b914                MPU_Initialize
 .text.USART_GetPDCode
                0x1000b98c       0x20 CMakeFiles/payload.elf.dir/src/Lib/MT6261/Drivers/usart.c.obj
                0x1000b98c                USART_GetPDCode
 .text.USART_GetContext
                0x1000b9ac       0x1c CMakeFiles/payload.elf.dir/src/Lib/MT6261/Drivers/usart.c.obj
                0x1000b9ac                USART_GetContext
 .text.USART_EnableInterrupts
                0x1000b9c8       0x7c CMakeFiles/payload.elf.dir/src/Lib/MT6261/Drivers/usart.c.obj
                0x1000b9c8                USART_EnableInterrupts
 .text.USART_Initialize
                0x1000ba44      0x254 CMakeFiles/payload.elf.dir/src/Lib/MT6261/Drivers/usart.c.obj
                0x1000ba44                USART_Initialize
 .text.USART_DisableInterrupts
                0x1000bc98       0x7c CMakeFiles/payload.elf.dir/src/Lib/MT6261/Drivers/usart.c.obj
                0x1000bc98                USART_DisableInterrupts
 .text.USART_SendBufferPoll
                0x1000bd14       0x98 CMakeFiles/payload.elf.dir/src/Lib/MT6261/Drivers/usart.c.obj
                0x1000bd14                USART_SendBufferPoll
 .text.USB_EPFIFORead
                0x1000bdac       0x38 CMakeFiles/payload.elf.dir/src/Lib/MT6261/Drivers/usb.c.obj
 .text.USB_EPDefaultHandler
                0x1000bde4       0x64 CMakeFiles/payload.elf.dir/src/Lib/MT6261/Drivers/usb.c.obj
 .text.USB_SetDeviceState
                0x1000be48       0x50 CMakeFiles/payload.elf.dir/src/Lib/MT6261/Drivers/usb.c.obj
                0x1000be48                USB_SetDeviceState
 .text.USB_EnableDevice
                0x1000be98       0xa0 CMakeFiles/payload.elf.dir/src/Lib/MT6261/Drivers/usb.c.obj
                0x1000be98                USB_EnableDevice
 .text.USB_DisableDevice
                0x1000bf38       0x9c CMakeFiles/payload.elf.dir/src/Lib/MT6261/Drivers/usb.c.obj
                0x1000bf38                USB_DisableDevice
 .text.USB_Initialize
                0x1000bfd4       0x60 CMakeFiles/payload.elf.dir/src/Lib/MT6261/Drivers/usb.c.obj
                0x1000bfd4                USB_Initialize
 .text.USB_SetDeviceAddress
                0x1000c034       0x14 CMakeFiles/payload.elf.dir/src/Lib/MT6261/Drivers/usb.c.obj
                0x1000c034                USB_SetDeviceAddress
 .text.USB_GetDeviceState
                0x1000c048       0x10 CMakeFiles/payload.elf.dir/src/Lib/MT6261/Drivers/usb.c.obj
                0x1000c048                USB_GetDeviceState
 .text.USB_SetupEndpoint
                0x1000c058      0x11c CMakeFiles/payload.elf.dir/src/Lib/MT6261/Drivers/usb.c.obj
                0x1000c058                USB_SetupEndpoint
 .text.USB_SetEndpointEnabled
                0x1000c174      0x170 CMakeFiles/payload.elf.dir/src/Lib/MT6261/Drivers/usb.c.obj
                0x1000c174                USB_SetEndpointEnabled
 .text.USB_ResetDevice
                0x1000c2e4       0xac CMakeFiles/payload.elf.dir/src/Lib/MT6261/Drivers/usb.c.obj
 .text.USB_InterruptHandler
                0x1000c390      0x110 CMakeFiles/payload.elf.dir/src/Lib/MT6261/Drivers/usb.c.obj
 .text.USB_OnCableDisconnect
                0x1000c4a0       0x18 CMakeFiles/payload.elf.dir/src/Lib/MT6261/Drivers/usb.c.obj
                0x1000c4a0                USB_OnCableDisconnect
 .text.USB_GetOUTDataLength
                0x1000c4b8       0x74 CMakeFiles/payload.elf.dir/src/Lib/MT6261/Drivers/usb.c.obj
                0x1000c4b8                USB_GetOUTDataLength
 .text.USB_UpdateEPState
                0x1000c52c       0xcc CMakeFiles/payload.elf.dir/src/Lib/MT6261/Drivers/usb.c.obj
                0x1000c52c                USB_UpdateEPState
 .text.USB_DataReceive.part.0
                0x1000c5f8       0xc0 CMakeFiles/payload.elf.dir/src/Lib/MT6261/Drivers/usb.c.obj
 .text.USB_DataTransmit.part.0
                0x1000c6b8       0xac CMakeFiles/payload.elf.dir/src/Lib/MT6261/Drivers/usb.c.obj
 .text.USB_EP0Handler
                0x1000c764       0xb8 CMakeFiles/payload.elf.dir/src/Lib/MT6261/Drivers/usb.c.obj
 .text.USB_ControlEPStall
                0x1000c81c      0x15c CMakeFiles/payload.elf.dir/src/Lib/MT6261/Drivers/usb.c.obj
                0x1000c81c                USB_ControlEPStall
 .text.USB_PrepareDataReceive
                0x1000c978       0x58 CMakeFiles/payload.elf.dir/src/Lib/MT6261/Drivers/usb.c.obj
                0x1000c978                USB_PrepareDataReceive
 .text.USB_DataReceive
                0x1000c9d0       0x38 CMakeFiles/payload.elf.dir/src/Lib/MT6261/Drivers/usb.c.obj
                0x1000c9d0                USB_DataReceive
 .text.USB_PrepareDataTransmit
                0x1000ca08       0x58 CMakeFiles/payload.elf.dir/src/Lib/MT6261/Drivers/usb.c.obj
                0x1000ca08                USB_PrepareDataTransmit
 .text.USB_DataTransmit
                0x1000ca60       0x38 CMakeFiles/payload.elf.dir/src/Lib/MT6261/Drivers/usb.c.obj
                0x1000ca60                USB_DataTransmit
 .text.USB_GetDataAmount
                0x1000ca98       0x48 CMakeFiles/payload.elf.dir/src/Lib/MT6261/Drivers/usb.c.obj
                0x1000ca98                USB_GetDataAmount
 .text.USB_GetEPStage
                0x1000cae0       0x34 CMakeFiles/payload.elf.dir/src/Lib/MT6261/Drivers/usb.c.obj
                0x1000cae0                USB_GetEPStage
 .text.USB_SetEPStage
                0x1000cb14       0x44 CMakeFiles/payload.elf.dir/src/Lib/MT6261/Drivers/usb.c.obj
                0x1000cb14                USB_SetEPStage
 .text.USC_StartCounter
                0x1000cb58       0x18 CMakeFiles/payload.elf.dir/src/Lib/MT6261/Drivers/ustimer.c.obj
                0x1000cb58                USC_StartCounter
 .text.USC_GetCurrentTicks
                0x1000cb70       0x10 CMakeFiles/payload.elf.dir/src/Lib/MT6261/Drivers/ustimer.c.obj
                0x1000cb70                USC_GetCurrentTicks
 .text.USC_Pause_us
                0x1000cb80       0x3c CMakeFiles/payload.elf.dir/src/Lib/MT6261/Drivers/ustimer.c.obj
                0x1000cb80                USC_Pause_us
 .text.USB9_HandleSetupRequest
                0x1000cbbc      0x3c0 CMakeFiles/payload.elf.dir/src/Lib/USB/usb9.c.obj
                0x1000cbbc                USB9_HandleSetupRequest
 .text.USB9_InterfaceInitialize
                0x1000cf7c       0x20 CMakeFiles/payload.elf.dir/src/Lib/USB/usb9.c.obj
                0x1000cf7c                USB9_InterfaceInitialize
 .text.GDI_FillRectangle
                0x1000cf9c       0x6c CMakeFiles/payload.elf.dir/src/GUI/gdi.c.obj
                0x1000cf9c                GDI_FillRectangle
 .text.GDI_DrawFrame
                0x1000d008      0x1e0 CMakeFiles/payload.elf.dir/src/GUI/gdi.c.obj
                0x1000d008                GDI_DrawFrame
 .text.GDI_Draw3DFrame
                0x1000d1e8      0x1f8 CMakeFiles/payload.elf.dir/src/GUI/gdi.c.obj
                0x1000d1e8                GDI_Draw3DFrame
 .text.GDI_GetFontCharInfo
                0x1000d3e0       0x44 CMakeFiles/payload.elf.dir/src/GUI/gdifont.c.obj
 .text.TextColor
                0x1000d424        0x8 CMakeFiles/payload.elf.dir/src/GUI/gdifont.c.obj
                0x1000d424                TextColor
 .text.GDI_UpdateTextExtent
                0x1000d42c       0x80 CMakeFiles/payload.elf.dir/src/GUI/gdifont.c.obj
                0x1000d42c                GDI_UpdateTextExtent
 .text.Text     0x1000d4ac       0x54 CMakeFiles/payload.elf.dir/src/GUI/gdifont.c.obj
                0x1000d4ac                Text
 .text.GDI_GetStringPosByXShift
                0x1000d500       0xa4 CMakeFiles/payload.elf.dir/src/GUI/gdifont.c.obj
                0x1000d500                GDI_GetStringPosByXShift
 .text.GDI_DrawText32
                0x1000d5a4      0x328 CMakeFiles/payload.elf.dir/src/GUI/gdifont.c.obj
 .text.GDI_DrawText16
                0x1000d8cc      0x380 CMakeFiles/payload.elf.dir/src/GUI/gdifont.c.obj
 .text.GDI_DrawText
                0x1000dc4c      0x118 CMakeFiles/payload.elf.dir/src/GUI/gdifont.c.obj
                0x1000dc4c                GDI_DrawText
 .text.Point    0x1000dd64       0x18 CMakeFiles/payload.elf.dir/src/GUI/gdiutils.c.obj
                0x1000dd64                Point
 .text.Rect     0x1000dd7c       0x18 CMakeFiles/payload.elf.dir/src/GUI/gdiutils.c.obj
                0x1000dd7c                Rect
 .text.IsRectsOverlaps
                0x1000dd94       0x98 CMakeFiles/payload.elf.dir/src/GUI/gdiutils.c.obj
                0x1000dd94                IsRectsOverlaps
 .text.IsPointInRect
                0x1000de2c       0x64 CMakeFiles/payload.elf.dir/src/GUI/gdiutils.c.obj
                0x1000de2c                IsPointInRect
 .text.IsRectCollapsed
                0x1000de90       0x38 CMakeFiles/payload.elf.dir/src/GUI/gdiutils.c.obj
                0x1000de90                IsRectCollapsed
 .text.GDI_CreateRList
                0x1000dec8       0x1c CMakeFiles/payload.elf.dir/src/GUI/gdiutils.c.obj
                0x1000dec8                GDI_CreateRList
 .text.GDI_DeleteRList
                0x1000dee4       0x10 CMakeFiles/payload.elf.dir/src/GUI/gdiutils.c.obj
                0x1000dee4                GDI_DeleteRList
 .text.GDI_GlobalToLocalPt
                0x1000def4       0x54 CMakeFiles/payload.elf.dir/src/GUI/gdiutils.c.obj
                0x1000def4                GDI_GlobalToLocalPt
 .text.GDI_LocalToGlobalRct
                0x1000df48       0x84 CMakeFiles/payload.elf.dir/src/GUI/gdiutils.c.obj
                0x1000df48                GDI_LocalToGlobalRct
 .text.GDI_GlobalToLocalRct
                0x1000dfcc       0x84 CMakeFiles/payload.elf.dir/src/GUI/gdiutils.c.obj
                0x1000dfcc                GDI_GlobalToLocalRct
 .text.GDI_ScreenToLayerPt
                0x1000e050       0x9c CMakeFiles/payload.elf.dir/src/GUI/gdiutils.c.obj
                0x1000e050                GDI_ScreenToLayerPt
 .text.GDI_ANDRectangles
                0x1000e0ec       0x90 CMakeFiles/payload.elf.dir/src/GUI/gdiutils.c.obj
                0x1000e0ec                GDI_ANDRectangles
 .text.GDI_SUBRectangles
                0x1000e17c      0x1cc CMakeFiles/payload.elf.dir/src/GUI/gdiutils.c.obj
                0x1000e17c                GDI_SUBRectangles
 .text.GDI_SUBRectFromRegion
                0x1000e348      0x208 CMakeFiles/payload.elf.dir/src/GUI/gdiutils.c.obj
                0x1000e348                GDI_SUBRectFromRegion
 .text.GDI_GetPixelPtr
                0x1000e550       0x38 CMakeFiles/payload.elf.dir/src/GUI/gdiutils.c.obj
                0x1000e550                GDI_GetPixelPtr
 .text.GDI_FillRectangleX
                0x1000e588      0x110 CMakeFiles/payload.elf.dir/src/GUI/gdiutils.c.obj
                0x1000e588                GDI_FillRectangleX
 .text.GUI_UpdateObjectByRegion
                0x1000e698      0x104 CMakeFiles/payload.elf.dir/src/GUI/gui.c.obj
 .text.GUI_UpdateChildTree
                0x1000e79c       0xf0 CMakeFiles/payload.elf.dir/src/GUI/gui.c.obj
 .text.GUI_DestroyChildTree
                0x1000e88c       0x98 CMakeFiles/payload.elf.dir/src/GUI/gui.c.obj
 .text.GUI_SetLockState
                0x1000e924       0x10 CMakeFiles/payload.elf.dir/src/GUI/gui.c.obj
                0x1000e924                GUI_SetLockState
 .text.GUI_Initialize
                0x1000e934       0x9c CMakeFiles/payload.elf.dir/src/GUI/gui.c.obj
                0x1000e934                GUI_Initialize
 .text.GUI_Invalidate
                0x1000e9d0      0x1cc CMakeFiles/payload.elf.dir/src/GUI/gui.c.obj
                0x1000e9d0                GUI_Invalidate
 .text.GUI_OnPaintHandler
                0x1000eb9c      0x1f4 CMakeFiles/payload.elf.dir/src/GUI/gui.c.obj
                0x1000eb9c                GUI_OnPaintHandler
 .text.GUI_OnPenPressHandler
                0x1000ed90       0xe8 CMakeFiles/payload.elf.dir/src/GUI/gui.c.obj
                0x1000ed90                GUI_OnPenPressHandler
 .text.GUI_OnPenReleaseHandler
                0x1000ee78       0xf8 CMakeFiles/payload.elf.dir/src/GUI/gui.c.obj
                0x1000ee78                GUI_OnPenReleaseHandler
 .text.GUI_OnPenMoveHandler
                0x1000ef70       0xd0 CMakeFiles/payload.elf.dir/src/GUI/gui.c.obj
                0x1000ef70                GUI_OnPenMoveHandler
 .text.GUI_OnDestroyHandler
                0x1000f040      0x168 CMakeFiles/payload.elf.dir/src/GUI/gui.c.obj
                0x1000f040                GUI_OnDestroyHandler
 .text.GUI_DisableButtonTimer
                0x1000f1a8       0x34 CMakeFiles/payload.elf.dir/src/GUI/guibutton.c.obj
 .text.GUI_ButtonTimerHandler
                0x1000f1dc       0x8c CMakeFiles/payload.elf.dir/src/GUI/guibutton.c.obj
 .text.GUI_DestroyButton
                0x1000f268       0x6c CMakeFiles/payload.elf.dir/src/GUI/guibutton.c.obj
                0x1000f268                GUI_DestroyButton
 .text.GUI_CalcClientAreaButton
                0x1000f2d4       0x40 CMakeFiles/payload.elf.dir/src/GUI/guibutton.c.obj
                0x1000f2d4                GUI_CalcClientAreaButton
 .text.GUI_DrawDefaultButton
                0x1000f314      0x144 CMakeFiles/payload.elf.dir/src/GUI/guibutton.c.obj
                0x1000f314                GUI_DrawDefaultButton
 .text.GUI_SetActiveButton
                0x1000f458       0x8c CMakeFiles/payload.elf.dir/src/GUI/guibutton.c.obj
                0x1000f458                GUI_SetActiveButton
 .text.GUI_GetActiveButton
                0x1000f4e4       0x1c CMakeFiles/payload.elf.dir/src/GUI/guibutton.c.obj
                0x1000f4e4                GUI_GetActiveButton
 .text.GUI_DrawDefaultLabel
                0x1000f500      0x108 CMakeFiles/payload.elf.dir/src/GUI/guilabel.c.obj
                0x1000f500                GUI_DrawDefaultLabel
 .text.GUI_DestroyLabel
                0x1000f608       0x6c CMakeFiles/payload.elf.dir/src/GUI/guilabel.c.obj
                0x1000f608                GUI_DestroyLabel
 .text.GUI_GetObjectRecursive
                0x1000f674       0x84 CMakeFiles/payload.elf.dir/src/GUI/guiobject.c.obj
 .text.GUI_CalculateClientArea
                0x1000f6f8       0x9c CMakeFiles/payload.elf.dir/src/GUI/guiobject.c.obj
                0x1000f6f8                GUI_CalculateClientArea
 .text.GUI_GetObjectFromPoint
                0x1000f794       0xf8 CMakeFiles/payload.elf.dir/src/GUI/guiobject.c.obj
                0x1000f794                GUI_GetObjectFromPoint
 .text.GUI_GetObjectActive
                0x1000f88c       0x10 CMakeFiles/payload.elf.dir/src/GUI/guiobject.c.obj
                0x1000f88c                GUI_GetObjectActive
 .text.GUI_SetObjectActive
                0x1000f89c       0xac CMakeFiles/payload.elf.dir/src/GUI/guiobject.c.obj
                0x1000f89c                GUI_SetObjectActive
 .text.GUI_UpdateChildTreeInheritance
                0x1000f948       0xcc CMakeFiles/payload.elf.dir/src/GUI/guiobject.c.obj
 .text.GUI_SetObjectVisibility
                0x1000fa14       0xcc CMakeFiles/payload.elf.dir/src/GUI/guiobject.c.obj
                0x1000fa14                GUI_SetObjectVisibility
 .text.GUI_UpdateActiveState
                0x1000fae0       0x80 CMakeFiles/payload.elf.dir/src/GUI/guiobject.c.obj
                0x1000fae0                GUI_UpdateActiveState
 .text.GUI_DrawObjectDefault
                0x1000fb60       0x40 CMakeFiles/payload.elf.dir/src/GUI/guiobject.c.obj
                0x1000fb60                GUI_DrawObjectDefault
 .text.GUI_CreateLayer
                0x1000fba0      0x128 CMakeFiles/payload.elf.dir/src/GUI/guiwin.c.obj
                0x1000fba0                GUI_CreateLayer
 .text.GUI_DestroyWindow
                0x1000fcc8        0x4 CMakeFiles/payload.elf.dir/src/GUI/guiwin.c.obj
                0x1000fcc8                GUI_DestroyWindow
 .text.GUI_IsWindowObject
                0x1000fccc       0x18 CMakeFiles/payload.elf.dir/src/GUI/guiwin.c.obj
                0x1000fccc                GUI_IsWindowObject
 .text.GUI_IsLayerObject
                0x1000fce4       0x54 CMakeFiles/payload.elf.dir/src/GUI/guiwin.c.obj
                0x1000fce4                GUI_IsLayerObject
 .text.GUI_MoveWindowTreeToTop
                0x1000fd38      0x114 CMakeFiles/payload.elf.dir/src/GUI/guiwin.c.obj
                0x1000fd38                GUI_MoveWindowTreeToTop
 .text.GUI_CalcClientAreaWindow
                0x1000fe4c       0x68 CMakeFiles/payload.elf.dir/src/GUI/guiwin.c.obj
                0x1000fe4c                GUI_CalcClientAreaWindow
 .text.GUI_DrawDefaultWindow
                0x1000feb4       0xa4 CMakeFiles/payload.elf.dir/src/GUI/guiwin.c.obj
                0x1000feb4                GUI_DrawDefaultWindow
 .text.CDC_StatusChangeHandler
                0x1000ff58       0x2c CMakeFiles/payload.elf.dir/src/Application/appinit.c.obj
 .text.CDC_DataReceivedHandler
                0x1000ff84        0x4 CMakeFiles/payload.elf.dir/src/Application/appinit.c.obj
 .text.CDC_DataTransmittedHandler
                0x1000ff88        0x4 CMakeFiles/payload.elf.dir/src/Application/appinit.c.obj
 .text.USB_Print
                0x1000ff8c       0x6c CMakeFiles/payload.elf.dir/src/Application/appinit.c.obj
                0x1000ff8c                USB_Print
 .text.USB_Printf
                0x1000fff8       0x6c CMakeFiles/payload.elf.dir/src/Application/appinit.c.obj
                0x1000fff8                USB_Printf
 .text.fat32_list_print_cb
                0x10010064       0x20 CMakeFiles/payload.elf.dir/src/Application/appinit.c.obj
 .text.APP_Initialize
                0x10010084      0x410 CMakeFiles/payload.elf.dir/src/Application/appinit.c.obj
                0x10010084                APP_Initialize
 .text.APP_ProcessEvents
                0x10010494      0x648 CMakeFiles/payload.elf.dir/src/Application/appinit.c.obj
                0x10010494                APP_ProcessEvents
 .text.AudioNote_Initialize
                0x10010adc       0x28 CMakeFiles/payload.elf.dir/src/Application/audio_note.c.obj
                0x10010adc                AudioNote_Initialize
 .text.AudioNote_PlayTone
                0x10010b04       0xac CMakeFiles/payload.elf.dir/src/Application/audio_note.c.obj
                0x10010b04                AudioNote_PlayTone
 .text.PMUBL_UpdateValues
                0x10010bb0       0xf0 CMakeFiles/payload.elf.dir/src/Application/Drivers/backlight.c.obj
 .text.PMUBL_HideTimerHandler
                0x10010ca0       0x6c CMakeFiles/payload.elf.dir/src/Application/Drivers/backlight.c.obj
 .text.PMUBL_TurnOn.part.0
                0x10010d0c       0x44 CMakeFiles/payload.elf.dir/src/Application/Drivers/backlight.c.obj
 .text.PMUBL_SetupValue
                0x10010d50       0x60 CMakeFiles/payload.elf.dir/src/Application/Drivers/backlight.c.obj
                0x10010d50                PMUBL_SetupValue
 .text.PMUBL_Initialize
                0x10010db0       0x74 CMakeFiles/payload.elf.dir/src/Application/Drivers/backlight.c.obj
                0x10010db0                PMUBL_Initialize
 .text.PMUBL_RestartBacklightTimer
                0x10010e24       0x68 CMakeFiles/payload.elf.dir/src/Application/Drivers/backlight.c.obj
                0x10010e24                PMUBL_RestartBacklightTimer
 .text.PMUBL_TurnOn
                0x10010e8c       0x14 CMakeFiles/payload.elf.dir/src/Application/Drivers/backlight.c.obj
                0x10010e8c                PMUBL_TurnOn
 .text.delay_us
                0x10010ea0       0x1c CMakeFiles/payload.elf.dir/src/Application/Drivers/delay.c.obj
                0x10010ea0                delay_us
 .text.delay_ms.part.0
                0x10010ebc       0x30 CMakeFiles/payload.elf.dir/src/Application/Drivers/delay.c.obj
 .text.delay_ms
                0x10010eec        0xc CMakeFiles/payload.elf.dir/src/Application/Drivers/delay.c.obj
                0x10010eec                delay_ms
 .text.delayMs  0x10010ef8        0x4 CMakeFiles/payload.elf.dir/src/Application/Drivers/delay.c.obj
                0x10010ef8                delayMs
 .text.ILI9341_SetOutputWindow.part.0
                0x10010efc       0xa8 CMakeFiles/payload.elf.dir/src/Application/Drivers/ili9341.c.obj
 .text.ILI9341_Initialize
                0x10010fa4       0xb4 CMakeFiles/payload.elf.dir/src/Application/Drivers/ili9341.c.obj
                0x10010fa4                ILI9341_Initialize
 .text.ILI9341_SleepLCD
                0x10011058       0x18 CMakeFiles/payload.elf.dir/src/Application/Drivers/ili9341.c.obj
                0x10011058                ILI9341_SleepLCD
 .text.ILI9341_SetOutputWindow
                0x10011070       0x24 CMakeFiles/payload.elf.dir/src/Application/Drivers/ili9341.c.obj
                0x10011070                ILI9341_SetOutputWindow
 .text.Keypad_TimerHandler
                0x10011094      0x2d4 CMakeFiles/payload.elf.dir/src/Application/Drivers/simple_keypad.c.obj
 .text.Keypad_Initialize
                0x10011368       0xe4 CMakeFiles/payload.elf.dir/src/Application/Drivers/simple_keypad.c.obj
                0x10011368                Keypad_Initialize
 .text.Keypad_StartScanning
                0x1001144c       0x54 CMakeFiles/payload.elf.dir/src/Application/Drivers/simple_keypad.c.obj
                0x1001144c                Keypad_StartScanning
 .text.Keypad_GetKeyEvent
                0x100114a0       0x4c CMakeFiles/payload.elf.dir/src/Application/Drivers/simple_keypad.c.obj
                0x100114a0                Keypad_GetKeyEvent
 .text.Keypad_GetKeyName
                0x100114ec       0x1c CMakeFiles/payload.elf.dir/src/Application/Drivers/simple_keypad.c.obj
                0x100114ec                Keypad_GetKeyName
 .text.SingleLED_Initialize
                0x10011508       0x6c CMakeFiles/payload.elf.dir/src/Application/Drivers/single_led.c.obj
                0x10011508                SingleLED_Initialize
 .text.msdc_reset_fifo_base
                0x10011574       0x2c CMakeFiles/payload.elf.dir/src/Application/Drivers/sd_minimal.c.obj
 .text.msdc_dump_regs
                0x100115a0       0x5c CMakeFiles/payload.elf.dir/src/Application/Drivers/sd_minimal.c.obj
 .text.delay_ms_local
                0x100115fc       0x1c CMakeFiles/payload.elf.dir/src/Application/Drivers/sd_minimal.c.obj
 .text.send_cmd_base
                0x10011618      0x12c CMakeFiles/payload.elf.dir/src/Application/Drivers/sd_minimal.c.obj
 .text.msdc_set_clock_khz_base.part.0
                0x10011744       0xa4 CMakeFiles/payload.elf.dir/src/Application/Drivers/sd_minimal.c.obj
 .text.try_init_base
                0x100117e8      0x4dc CMakeFiles/payload.elf.dir/src/Application/Drivers/sd_minimal.c.obj
 .text.SDM_Init
                0x10011cc4       0x50 CMakeFiles/payload.elf.dir/src/Application/Drivers/sd_minimal.c.obj
                0x10011cc4                SDM_Init
 .text.SDM_ReadBlock
                0x10011d14      0x118 CMakeFiles/payload.elf.dir/src/Application/Drivers/sd_minimal.c.obj
                0x10011d14                SDM_ReadBlock
 .text.SDM_ReadBlock0
                0x10011e2c        0xc CMakeFiles/payload.elf.dir/src/Application/Drivers/sd_minimal.c.obj
                0x10011e2c                SDM_ReadBlock0
 .text.SDM_GetCardType
                0x10011e38       0x10 CMakeFiles/payload.elf.dir/src/Application/Drivers/sd_minimal.c.obj
                0x10011e38                SDM_GetCardType
 .text.SDM_GetLastFailStage
                0x10011e48       0x10 CMakeFiles/payload.elf.dir/src/Application/Drivers/sd_minimal.c.obj
                0x10011e48                SDM_GetLastFailStage
 .text.SDM_GetCapacityMB
                0x10011e58       0x10 CMakeFiles/payload.elf.dir/src/Application/Drivers/sd_minimal.c.obj
                0x10011e58                SDM_GetCapacityMB
 .text.SDM_CardDetectRaw
                0x10011e68       0x34 CMakeFiles/payload.elf.dir/src/Application/Drivers/sd_minimal.c.obj
                0x10011e68                SDM_CardDetectRaw
 .text.rd32     0x10011e9c       0x20 CMakeFiles/payload.elf.dir/src/Application/Drivers/fs_fat32.c.obj
 .text.FAT32_Mount
                0x10011ebc      0x188 CMakeFiles/payload.elf.dir/src/Application/Drivers/fs_fat32.c.obj
                0x10011ebc                FAT32_Mount
 .text.FAT32_ListDirectory
                0x10012044      0x1e8 CMakeFiles/payload.elf.dir/src/Application/Drivers/fs_fat32.c.obj
                0x10012044                FAT32_ListDirectory
 .text.FAT32_ListRoot
                0x1001222c       0x10 CMakeFiles/payload.elf.dir/src/Application/Drivers/fs_fat32.c.obj
                0x1001222c                FAT32_ListRoot
 .text.ld_32    0x1001223c       0x20 CMakeFiles/payload.elf.dir/src/Application/Drivers/ff.c.obj
 .text.clst2sect
                0x1001225c       0x24 CMakeFiles/payload.elf.dir/src/Application/Drivers/ff.c.obj
 .text.clmt_clust
                0x10012280       0x4c CMakeFiles/payload.elf.dir/src/Application/Drivers/ff.c.obj
 .text.sum_sfn  0x100122cc       0x2c CMakeFiles/payload.elf.dir/src/Application/Drivers/ff.c.obj
 .text.get_ldnumber
                0x100122f8       0x60 CMakeFiles/payload.elf.dir/src/Application/Drivers/ff.c.obj
 .text.validate
                0x10012358       0x60 CMakeFiles/payload.elf.dir/src/Application/Drivers/ff.c.obj
 .text.tchar2uni
                0x100123b8       0x3c CMakeFiles/payload.elf.dir/src/Application/Drivers/ff.c.obj
 .text.ld_clust.isra.0
                0x100123f4       0x28 CMakeFiles/payload.elf.dir/src/Application/Drivers/ff.c.obj
 .text.st_clust.isra.0
                0x1001241c       0x2c CMakeFiles/payload.elf.dir/src/Application/Drivers/ff.c.obj
 .text.sync_window.part.0
                0x10012448       0x70 CMakeFiles/payload.elf.dir/src/Application/Drivers/ff.c.obj
 .text.move_window
                0x100124b8       0x6c CMakeFiles/payload.elf.dir/src/Application/Drivers/ff.c.obj
 .text.check_fs
                0x10012524      0x138 CMakeFiles/payload.elf.dir/src/Application/Drivers/ff.c.obj
 .text.put_fat  0x1001265c      0x180 CMakeFiles/payload.elf.dir/src/Application/Drivers/ff.c.obj
 .text.get_fat.isra.0
                0x100127dc      0x128 CMakeFiles/payload.elf.dir/src/Application/Drivers/ff.c.obj
 .text.dir_sdi  0x10012904       0xfc CMakeFiles/payload.elf.dir/src/Application/Drivers/ff.c.obj
 .text.create_chain
                0x10012a00      0x1b8 CMakeFiles/payload.elf.dir/src/Application/Drivers/ff.c.obj
 .text.remove_chain
                0x10012bb8       0xd0 CMakeFiles/payload.elf.dir/src/Application/Drivers/ff.c.obj
 .text.get_fileinfo
                0x10012c88      0x218 CMakeFiles/payload.elf.dir/src/Application/Drivers/ff.c.obj
 .text.mount_volume
                0x10012ea0      0x3dc CMakeFiles/payload.elf.dir/src/Application/Drivers/ff.c.obj
 .text.dir_clear
                0x1001327c      0x118 CMakeFiles/payload.elf.dir/src/Application/Drivers/ff.c.obj
 .text.dir_next
                0x10013394      0x12c CMakeFiles/payload.elf.dir/src/Application/Drivers/ff.c.obj
 .text.dir_alloc
                0x100134c0       0x88 CMakeFiles/payload.elf.dir/src/Application/Drivers/ff.c.obj
 .text.dir_read
                0x10013548      0x1dc CMakeFiles/payload.elf.dir/src/Application/Drivers/ff.c.obj
 .text.dir_find
                0x10013724      0x220 CMakeFiles/payload.elf.dir/src/Application/Drivers/ff.c.obj
 .text.follow_path
                0x10013944      0x414 CMakeFiles/payload.elf.dir/src/Application/Drivers/ff.c.obj
 .text.dir_register
                0x10013d58      0x344 CMakeFiles/payload.elf.dir/src/Application/Drivers/ff.c.obj
 .text.sync_fs  0x1001409c      0x118 CMakeFiles/payload.elf.dir/src/Application/Drivers/ff.c.obj
 .text.f_mount  0x100141b4       0x84 CMakeFiles/payload.elf.dir/src/Application/Drivers/ff.c.obj
                0x100141b4                f_mount
 .text.f_open   0x10014238      0x320 CMakeFiles/payload.elf.dir/src/Application/Drivers/ff.c.obj
                0x10014238                f_open
 .text.f_read   0x10014558      0x248 CMakeFiles/payload.elf.dir/src/Application/Drivers/ff.c.obj
                0x10014558                f_read
 .text.f_sync   0x100147a0       0xf8 CMakeFiles/payload.elf.dir/src/Application/Drivers/ff.c.obj
                0x100147a0                f_sync
 .text.f_close  0x10014898       0x30 CMakeFiles/payload.elf.dir/src/Application/Drivers/ff.c.obj
                0x10014898                f_close
 .text.f_opendir
                0x100148c8       0xe4 CMakeFiles/payload.elf.dir/src/Application/Drivers/ff.c.obj
                0x100148c8                f_opendir
 .text.f_closedir
                0x100149ac       0x20 CMakeFiles/payload.elf.dir/src/Application/Drivers/ff.c.obj
                0x100149ac                f_closedir
 .text.f_readdir
                0x100149cc       0xb8 CMakeFiles/payload.elf.dir/src/Application/Drivers/ff.c.obj
                0x100149cc                f_readdir
 .text.f_getfree
                0x10014a84      0x154 CMakeFiles/payload.elf.dir/src/Application/Drivers/ff.c.obj
                0x10014a84                f_getfree
 .text.f_getlabel
                0x10014bd8      0x14c CMakeFiles/payload.elf.dir/src/Application/Drivers/ff.c.obj
                0x10014bd8                f_getlabel
 .text.ff_uni2oem
                0x10014d24       0x7c CMakeFiles/payload.elf.dir/src/Application/Drivers/ffunicode.c.obj
                0x10014d24                ff_uni2oem
 .text.ff_oem2uni
                0x10014da0       0x40 CMakeFiles/payload.elf.dir/src/Application/Drivers/ffunicode.c.obj
                0x10014da0                ff_oem2uni
 .text.ff_wtoupper
                0x10014de0      0x110 CMakeFiles/payload.elf.dir/src/Application/Drivers/ffunicode.c.obj
                0x10014de0                ff_wtoupper
 .text.ff_memalloc
                0x10014ef0        0xc CMakeFiles/payload.elf.dir/src/Application/Drivers/ffsystem.c.obj
                0x10014ef0                ff_memalloc
 .text.ff_memfree
                0x10014efc        0xc CMakeFiles/payload.elf.dir/src/Application/Drivers/ffsystem.c.obj
                0x10014efc                ff_memfree
 .text.disk_status
                0x10014f08       0x34 CMakeFiles/payload.elf.dir/src/Application/Drivers/diskio.c.obj
                0x10014f08                disk_status
 .text.disk_initialize
                0x10014f3c       0x40 CMakeFiles/payload.elf.dir/src/Application/Drivers/diskio.c.obj
                0x10014f3c                disk_initialize
 .text.disk_read
                0x10014f7c       0x80 CMakeFiles/payload.elf.dir/src/Application/Drivers/diskio.c.obj
                0x10014f7c                disk_read
 .text.disk_write
                0x10014ffc       0x10 CMakeFiles/payload.elf.dir/src/Application/Drivers/diskio.c.obj
                0x10014ffc                disk_write
 .text.disk_ioctl
                0x1001500c       0x7c CMakeFiles/payload.elf.dir/src/Application/Drivers/diskio.c.obj
                0x1001500c                disk_ioctl
 .text.fifo_wait_space
                0x10015088       0x28 CMakeFiles/payload.elf.dir/src/Application/pcm_player.c.obj
 .text.AFE_TurnOn8K
                0x100150b0       0x38 CMakeFiles/payload.elf.dir/src/Application/pcm_player.c.obj
                0x100150b0                AFE_TurnOn8K
 .text.pcm_hw_enable
                0x100150e8       0x64 CMakeFiles/payload.elf.dir/src/Application/pcm_player.c.obj
 .text.AFE_TurnOff8K
                0x1001514c       0x34 CMakeFiles/payload.elf.dir/src/Application/pcm_player.c.obj
                0x1001514c                AFE_TurnOff8K
 .text.PCM_Player_PlayBuffer.part.0
                0x10015180       0x80 CMakeFiles/payload.elf.dir/src/Application/pcm_player.c.obj
 .text.PCM_Player_PlayTestTone
                0x10015200       0xec CMakeFiles/payload.elf.dir/src/Application/pcm_player.c.obj
                0x10015200                PCM_Player_PlayTestTone
 .text.PCM_Player_PlaySample
                0x100152ec       0x28 CMakeFiles/payload.elf.dir/src/Application/pcm_player.c.obj
                0x100152ec                PCM_Player_PlaySample
 .text.USB_CDC_GetStringDescriptor
                0x10015314       0x18 CMakeFiles/payload.elf.dir/src/Application/Drivers/usbdevice_cdc.c.obj
 .text.USB_CDC_SetConfiguration
                0x1001532c       0x10 CMakeFiles/payload.elf.dir/src/Application/Drivers/usbdevice_cdc.c.obj
 .text.USB_CDC_CtlHandler
                0x1001533c        0x4 CMakeFiles/payload.elf.dir/src/Application/Drivers/usbdevice_cdc.c.obj
 .text.USB_CDC_StopTXTimeout
                0x10015340       0x38 CMakeFiles/payload.elf.dir/src/Application/Drivers/usbdevice_cdc.c.obj
 .text.USB_CDC_SetConnectedStatus
                0x10015378       0x5c CMakeFiles/payload.elf.dir/src/Application/Drivers/usbdevice_cdc.c.obj
 .text.USB_CDC_RestartTXTimeout
                0x100153d4       0x38 CMakeFiles/payload.elf.dir/src/Application/Drivers/usbdevice_cdc.c.obj
 .text.USB_CDC_DataHandler
                0x1001540c      0x13c CMakeFiles/payload.elf.dir/src/Application/Drivers/usbdevice_cdc.c.obj
 .text.USB_CDC_VendorReqHandler
                0x10015548       0x98 CMakeFiles/payload.elf.dir/src/Application/Drivers/usbdevice_cdc.c.obj
 .text.USB_CDC_WaitTXIdle
                0x100155e0       0x68 CMakeFiles/payload.elf.dir/src/Application/Drivers/usbdevice_cdc.c.obj
 .text.USB_CDC_IntFlashTXBuffer
                0x10015648       0x3c CMakeFiles/payload.elf.dir/src/Application/Drivers/usbdevice_cdc.c.obj
 .text.USB_CDC_InterfaceReqHandler
                0x10015684       0xc8 CMakeFiles/payload.elf.dir/src/Application/Drivers/usbdevice_cdc.c.obj
 .text.USB_CDC_Initialize
                0x1001574c      0x184 CMakeFiles/payload.elf.dir/src/Application/Drivers/usbdevice_cdc.c.obj
                0x1001574c                USB_CDC_Initialize
 .text.USB_CDC_Open
                0x100158d0       0xcc CMakeFiles/payload.elf.dir/src/Application/Drivers/usbdevice_cdc.c.obj
                0x100158d0                USB_CDC_Open
 .text.USB_CDC_Write
                0x1001599c       0xa4 CMakeFiles/payload.elf.dir/src/Application/Drivers/usbdevice_cdc.c.obj
                0x1001599c                USB_CDC_Write
 .text.USB_CDC_FlashTXBuffer
                0x10015a40       0x58 CMakeFiles/payload.elf.dir/src/Application/Drivers/usbdevice_cdc.c.obj
                0x10015a40                USB_CDC_FlashTXBuffer
 .text.USB_CDC_TXTimeoutHandler
                0x10015a98       0x20 CMakeFiles/payload.elf.dir/src/Application/Drivers/usbdevice_cdc.c.obj
 .text.__sflush_r
                0x10015ab8      0x248 c:/projects/ultra700/gcc/bin/../lib/gcc/arm-none-eabi/9.3.1/../../../../arm-none-eabi/lib\libc.a(lib_a-fflush.o)
                0x10015ab8                __sflush_r
 .text._fflush_r
                0x10015d00       0x9c c:/projects/ultra700/gcc/bin/../lib/gcc/arm-none-eabi/9.3.1/../../../../arm-none-eabi/lib\libc.a(lib_a-fflush.o)
                0x10015d00                _fflush_r
 .text.fflush   0x10015d9c       0x38 c:/projects/ultra700/gcc/bin/../lib/gcc/arm-none-eabi/9.3.1/../../../../arm-none-eabi/lib\libc.a(lib_a-fflush.o)
                0x10015d9c                fflush
 .text.std      0x10015dd4       0x84 c:/projects/ultra700/gcc/bin/../lib/gcc/arm-none-eabi/9.3.1/../../../../arm-none-eabi/lib\libc.a(lib_a-findfp.o)
 .text._cleanup_r
                0x10015e58       0x18 c:/projects/ultra700/gcc/bin/../lib/gcc/arm-none-eabi/9.3.1/../../../../arm-none-eabi/lib\libc.a(lib_a-findfp.o)
                0x10015e58                _cleanup_r
 .text.__sinit  0x10015e70       0x94 c:/projects/ultra700/gcc/bin/../lib/gcc/arm-none-eabi/9.3.1/../../../../arm-none-eabi/lib\libc.a(lib_a-findfp.o)
                0x10015e70                __sinit
 .text.__sfp_lock_acquire
                0x10015f04       0x18 c:/projects/ultra700/gcc/bin/../lib/gcc/arm-none-eabi/9.3.1/../../../../arm-none-eabi/lib\libc.a(lib_a-findfp.o)
                0x10015f04                __sfp_lock_acquire
 .text.__sfp_lock_release
                0x10015f1c       0x18 c:/projects/ultra700/gcc/bin/../lib/gcc/arm-none-eabi/9.3.1/../../../../arm-none-eabi/lib\libc.a(lib_a-findfp.o)
                0x10015f1c                __sfp_lock_release
 .text._malloc_trim_r
                0x10015f34      0x100 c:/projects/ultra700/gcc/bin/../lib/gcc/arm-none-eabi/9.3.1/../../../../arm-none-eabi/lib\libc.a(lib_a-freer.o)
                0x10015f34                _malloc_trim_r
 .text._free_r  0x10016034      0x2ec c:/projects/ultra700/gcc/bin/../lib/gcc/arm-none-eabi/9.3.1/../../../../arm-none-eabi/lib\libc.a(lib_a-freer.o)
                0x10016034                _free_r
 .text._fwalk_reent
                0x10016320       0x78 c:/projects/ultra700/gcc/bin/../lib/gcc/arm-none-eabi/9.3.1/../../../../arm-none-eabi/lib\libc.a(lib_a-fwalk.o)
                0x10016320                _fwalk_reent
 .text.__retarget_lock_init_recursive
                0x10016398        0x4 c:/projects/ultra700/gcc/bin/../lib/gcc/arm-none-eabi/9.3.1/../../../../arm-none-eabi/lib\libc.a(lib_a-lock.o)
                0x10016398                __retarget_lock_init_recursive
 .text.__retarget_lock_close_recursive
                0x1001639c        0x4 c:/projects/ultra700/gcc/bin/../lib/gcc/arm-none-eabi/9.3.1/../../../../arm-none-eabi/lib\libc.a(lib_a-lock.o)
                0x1001639c                __retarget_lock_close_recursive
 .text.__retarget_lock_acquire_recursive
                0x100163a0        0x4 c:/projects/ultra700/gcc/bin/../lib/gcc/arm-none-eabi/9.3.1/../../../../arm-none-eabi/lib\libc.a(lib_a-lock.o)
                0x100163a0                __retarget_lock_acquire_recursive
 .text.__retarget_lock_release_recursive
                0x100163a4        0x4 c:/projects/ultra700/gcc/bin/../lib/gcc/arm-none-eabi/9.3.1/../../../../arm-none-eabi/lib\libc.a(lib_a-lock.o)
                0x100163a4                __retarget_lock_release_recursive
 .text._malloc_r
                0x100163a8      0x7d4 c:/projects/ultra700/gcc/bin/../lib/gcc/arm-none-eabi/9.3.1/../../../../arm-none-eabi/lib\libc.a(lib_a-mallocr.o)
                0x100163a8                _malloc_r
 .text.memcmp   0x10016b7c       0xa4 c:/projects/ultra700/gcc/bin/../lib/gcc/arm-none-eabi/9.3.1/../../../../arm-none-eabi/lib\libc.a(lib_a-memcmp.o)
                0x10016b7c                memcmp
 .text.memcpy   0x10016c20      0x124 c:/projects/ultra700/gcc/bin/../lib/gcc/arm-none-eabi/9.3.1/../../../../arm-none-eabi/lib\libc.a(lib_a-memcpy-stub.o)
                0x10016c20                memcpy
 .text.memset   0x10016d44      0x11c c:/projects/ultra700/gcc/bin/../lib/gcc/arm-none-eabi/9.3.1/../../../../arm-none-eabi/lib\libc.a(lib_a-memset.o)
                0x10016d44                memset
 .text.__malloc_lock
                0x10016e60       0x18 c:/projects/ultra700/gcc/bin/../lib/gcc/arm-none-eabi/9.3.1/../../../../arm-none-eabi/lib\libc.a(lib_a-mlock.o)
                0x10016e60                __malloc_lock
 .text.__malloc_unlock
                0x10016e78       0x18 c:/projects/ultra700/gcc/bin/../lib/gcc/arm-none-eabi/9.3.1/../../../../arm-none-eabi/lib\libc.a(lib_a-mlock.o)
                0x10016e78                __malloc_unlock
 .text.printf   0x10016e90       0x3c c:/projects/ultra700/gcc/bin/../lib/gcc/arm-none-eabi/9.3.1/../../../../arm-none-eabi/lib\libc.a(lib_a-printf.o)
                0x10016e90                printf
 .text._sbrk_r  0x10016ecc       0x44 c:/projects/ultra700/gcc/bin/../lib/gcc/arm-none-eabi/9.3.1/../../../../arm-none-eabi/lib\libc.a(lib_a-sbrkr.o)
                0x10016ecc                _sbrk_r
 .text.__sread  0x10016f10       0x34 c:/projects/ultra700/gcc/bin/../lib/gcc/arm-none-eabi/9.3.1/../../../../arm-none-eabi/lib\libc.a(lib_a-stdio.o)
                0x10016f10                __sread
 .text.__swrite
                0x10016f44       0x5c c:/projects/ultra700/gcc/bin/../lib/gcc/arm-none-eabi/9.3.1/../../../../arm-none-eabi/lib\libc.a(lib_a-stdio.o)
                0x10016f44                __swrite
 .text.__sseek  0x10016fa0       0x30 c:/projects/ultra700/gcc/bin/../lib/gcc/arm-none-eabi/9.3.1/../../../../arm-none-eabi/lib\libc.a(lib_a-stdio.o)
                0x10016fa0                __sseek
 .text.__sclose
                0x10016fd0       0x14 c:/projects/ultra700/gcc/bin/../lib/gcc/arm-none-eabi/9.3.1/../../../../arm-none-eabi/lib\libc.a(lib_a-stdio.o)
                0x10016fd0                __sclose
 .text.strchr   0x10016fe4      0x150 c:/projects/ultra700/gcc/bin/../lib/gcc/arm-none-eabi/9.3.1/../../../../arm-none-eabi/lib\libc.a(lib_a-strchr.o)
                0x10016fe4                strchr
 .text.strlen   0x10017134       0x60 c:/projects/ultra700/gcc/bin/../lib/gcc/arm-none-eabi/9.3.1/../../../../arm-none-eabi/lib\libc.a(lib_a-strlen-stub.o)
                0x10017134                strlen
 .text._vfprintf_r
                0x10017194     0x2918 c:/projects/ultra700/gcc/bin/../lib/gcc/arm-none-eabi/9.3.1/../../../../arm-none-eabi/lib\libc.a(lib_a-vfprintf.o)
                0x10017194                _vfprintf_r
 .text.__sbprintf
                0x10019aac       0xd4 c:/projects/ultra700/gcc/bin/../lib/gcc/arm-none-eabi/9.3.1/../../../../arm-none-eabi/lib\libc.a(lib_a-vfprintf.o)
 .text._vsnprintf_r
                0x10019b80       0xac c:/projects/ultra700/gcc/bin/../lib/gcc/arm-none-eabi/9.3.1/../../../../arm-none-eabi/lib\libc.a(lib_a-vsnprintf.o)
                0x10019b80                _vsnprintf_r
 .text.vsnprintf
                0x10019c2c       0x3c c:/projects/ultra700/gcc/bin/../lib/gcc/arm-none-eabi/9.3.1/../../../../arm-none-eabi/lib\libc.a(lib_a-vsnprintf.o)
                0x10019c2c                vsnprintf
 .text._write_r
                0x10019c68       0x4c c:/projects/ultra700/gcc/bin/../lib/gcc/arm-none-eabi/9.3.1/../../../../arm-none-eabi/lib\libc.a(lib_a-writer.o)
                0x10019c68                _write_r
 .text.__swsetup_r
                0x10019cb4      0x170 c:/projects/ultra700/gcc/bin/../lib/gcc/arm-none-eabi/9.3.1/../../../../arm-none-eabi/lib\libc.a(lib_a-wsetup.o)
                0x10019cb4                __swsetup_r
 .text._close_r
                0x10019e24       0x3c c:/projects/ultra700/gcc/bin/../lib/gcc/arm-none-eabi/9.3.1/../../../../arm-none-eabi/lib\libc.a(lib_a-closer.o)
                0x10019e24                _close_r
 .text.quorem   0x10019e60      0x1c0 c:/projects/ultra700/gcc/bin/../lib/gcc/arm-none-eabi/9.3.1/../../../../arm-none-eabi/lib\libc.a(lib_a-dtoa.o)
 .text._dtoa_r  0x1001a020     0x1740 c:/projects/ultra700/gcc/bin/../lib/gcc/arm-none-eabi/9.3.1/../../../../arm-none-eabi/lib\libc.a(lib_a-dtoa.o)
                0x1001a020                _dtoa_r
 .text._fclose_r
                0x1001b760      0x16c c:/projects/ultra700/gcc/bin/../lib/gcc/arm-none-eabi/9.3.1/../../../../arm-none-eabi/lib\libc.a(lib_a-fclose.o)
                0x1001b760                _fclose_r
 .text._localeconv_r
                0x1001b8cc        0xc c:/projects/ultra700/gcc/bin/../lib/gcc/arm-none-eabi/9.3.1/../../../../arm-none-eabi/lib\libc.a(lib_a-localeconv.o)
                0x1001b8cc                _localeconv_r
 .text._lseek_r
                0x1001b8d8       0x4c c:/projects/ultra700/gcc/bin/../lib/gcc/arm-none-eabi/9.3.1/../../../../arm-none-eabi/lib\libc.a(lib_a-lseekr.o)
                0x1001b8d8                _lseek_r
 .text.__swhatbuf_r
                0x1001b924       0xa0 c:/projects/ultra700/gcc/bin/../lib/gcc/arm-none-eabi/9.3.1/../../../../arm-none-eabi/lib\libc.a(lib_a-makebuf.o)
                0x1001b924                __swhatbuf_r
 .text.__smakebuf_r
                0x1001b9c4      0x100 c:/projects/ultra700/gcc/bin/../lib/gcc/arm-none-eabi/9.3.1/../../../../arm-none-eabi/lib\libc.a(lib_a-makebuf.o)
                0x1001b9c4                __smakebuf_r
 .text.memchr   0x1001bac4       0xf8 c:/projects/ultra700/gcc/bin/../lib/gcc/arm-none-eabi/9.3.1/../../../../arm-none-eabi/lib\libc.a(lib_a-memchr-stub.o)
                0x1001bac4                memchr
 .text._Balloc  0x1001bbbc       0x8c c:/projects/ultra700/gcc/bin/../lib/gcc/arm-none-eabi/9.3.1/../../../../arm-none-eabi/lib\libc.a(lib_a-mprec.o)
                0x1001bbbc                _Balloc
 .text._Bfree   0x1001bc48       0x1c c:/projects/ultra700/gcc/bin/../lib/gcc/arm-none-eabi/9.3.1/../../../../arm-none-eabi/lib\libc.a(lib_a-mprec.o)
                0x1001bc48                _Bfree
 .text.__multadd
                0x1001bc64      0x100 c:/projects/ultra700/gcc/bin/../lib/gcc/arm-none-eabi/9.3.1/../../../../arm-none-eabi/lib\libc.a(lib_a-mprec.o)
                0x1001bc64                __multadd
 .text.__hi0bits
                0x1001bd64       0x58 c:/projects/ultra700/gcc/bin/../lib/gcc/arm-none-eabi/9.3.1/../../../../arm-none-eabi/lib\libc.a(lib_a-mprec.o)
                0x1001bd64                __hi0bits
 .text.__lo0bits
                0x1001bdbc       0xa0 c:/projects/ultra700/gcc/bin/../lib/gcc/arm-none-eabi/9.3.1/../../../../arm-none-eabi/lib\libc.a(lib_a-mprec.o)
                0x1001bdbc                __lo0bits
 .text.__i2b    0x1001be5c       0x44 c:/projects/ultra700/gcc/bin/../lib/gcc/arm-none-eabi/9.3.1/../../../../arm-none-eabi/lib\libc.a(lib_a-mprec.o)
                0x1001be5c                __i2b
 .text.__multiply
                0x1001bea0      0x214 c:/projects/ultra700/gcc/bin/../lib/gcc/arm-none-eabi/9.3.1/../../../../arm-none-eabi/lib\libc.a(lib_a-mprec.o)
                0x1001bea0                __multiply
 .text.__pow5mult
                0x1001c0b4       0xf4 c:/projects/ultra700/gcc/bin/../lib/gcc/arm-none-eabi/9.3.1/../../../../arm-none-eabi/lib\libc.a(lib_a-mprec.o)
                0x1001c0b4                __pow5mult
 .text.__lshift
                0x1001c1a8      0x140 c:/projects/ultra700/gcc/bin/../lib/gcc/arm-none-eabi/9.3.1/../../../../arm-none-eabi/lib\libc.a(lib_a-mprec.o)
                0x1001c1a8                __lshift
 .text.__mcmp   0x1001c2e8       0x60 c:/projects/ultra700/gcc/bin/../lib/gcc/arm-none-eabi/9.3.1/../../../../arm-none-eabi/lib\libc.a(lib_a-mprec.o)
                0x1001c2e8                __mcmp
 .text.__mdiff  0x1001c348      0x1f4 c:/projects/ultra700/gcc/bin/../lib/gcc/arm-none-eabi/9.3.1/../../../../arm-none-eabi/lib\libc.a(lib_a-mprec.o)
                0x1001c348                __mdiff
 .text.__d2b    0x1001c53c      0x13c c:/projects/ultra700/gcc/bin/../lib/gcc/arm-none-eabi/9.3.1/../../../../arm-none-eabi/lib\libc.a(lib_a-mprec.o)
                0x1001c53c                __d2b
 .text._read_r  0x1001c678       0x4c c:/projects/ultra700/gcc/bin/../lib/gcc/arm-none-eabi/9.3.1/../../../../arm-none-eabi/lib\libc.a(lib_a-readr.o)
                0x1001c678                _read_r
 .text.frexp    0x1001c6c4       0xa4 c:/projects/ultra700/gcc/bin/../lib/gcc/arm-none-eabi/9.3.1/../../../../arm-none-eabi/lib\libc.a(lib_a-s_frexp.o)
                0x1001c6c4                frexp
 .text.strncpy  0x1001c768       0xcc c:/projects/ultra700/gcc/bin/../lib/gcc/arm-none-eabi/9.3.1/../../../../arm-none-eabi/lib\libc.a(lib_a-strncpy.o)
                0x1001c768                strncpy
 .text._svfprintf_r
                0x1001c834     0x27a0 c:/projects/ultra700/gcc/bin/../lib/gcc/arm-none-eabi/9.3.1/../../../../arm-none-eabi/lib\libc.a(lib_a-svfprintf.o)
                0x1001c834                _svfprintf_r
 .text.__sprint_r.part.0
                0x1001efd4       0xb0 c:/projects/ultra700/gcc/bin/../lib/gcc/arm-none-eabi/9.3.1/../../../../arm-none-eabi/lib\libc.a(lib_a-vfiprintf.o)
 .text.__sprint_r
                0x1001f084       0x18 c:/projects/ultra700/gcc/bin/../lib/gcc/arm-none-eabi/9.3.1/../../../../arm-none-eabi/lib\libc.a(lib_a-vfiprintf.o)
                0x1001f084                __sprint_r
 .text._vfiprintf_r
                0x1001f09c     0x13e0 c:/projects/ultra700/gcc/bin/../lib/gcc/arm-none-eabi/9.3.1/../../../../arm-none-eabi/lib\libc.a(lib_a-vfiprintf.o)
                0x1001f09c                _vfiprintf_r
 .text.__sbprintf
                0x1002047c       0xd4 c:/projects/ultra700/gcc/bin/../lib/gcc/arm-none-eabi/9.3.1/../../../../arm-none-eabi/lib\libc.a(lib_a-vfiprintf.o)
 .text.__assert_func
                0x10020550       0x54 c:/projects/ultra700/gcc/bin/../lib/gcc/arm-none-eabi/9.3.1/../../../../arm-none-eabi/lib\libc.a(lib_a-assert.o)
                0x10020550                __assert_func
 .text._calloc_r
                0x100205a4       0x9c c:/projects/ultra700/gcc/bin/../lib/gcc/arm-none-eabi/9.3.1/../../../../arm-none-eabi/lib\libc.a(lib_a-callocr.o)
                0x100205a4                _calloc_r
 .text.fiprintf
                0x10020640       0x3c c:/projects/ultra700/gcc/bin/../lib/gcc/arm-none-eabi/9.3.1/../../../../arm-none-eabi/lib\libc.a(lib_a-fiprintf.o)
                0x10020640                fiprintf
 .text.__fputwc
                0x1002067c      0x114 c:/projects/ultra700/gcc/bin/../lib/gcc/arm-none-eabi/9.3.1/../../../../arm-none-eabi/lib\libc.a(lib_a-fputwc.o)
                0x1002067c                __fputwc
 .text._fputwc_r
                0x10020790       0xc0 c:/projects/ultra700/gcc/bin/../lib/gcc/arm-none-eabi/9.3.1/../../../../arm-none-eabi/lib\libc.a(lib_a-fputwc.o)
                0x10020790                _fputwc_r
 .text._fstat_r
                0x10020850       0x44 c:/projects/ultra700/gcc/bin/../lib/gcc/arm-none-eabi/9.3.1/../../../../arm-none-eabi/lib\libc.a(lib_a-fstatr.o)
                0x10020850                _fstat_r
 .text.__sfvwrite_r
                0x10020894      0x4bc c:/projects/ultra700/gcc/bin/../lib/gcc/arm-none-eabi/9.3.1/../../../../arm-none-eabi/lib\libc.a(lib_a-fvwrite.o)
                0x10020894                __sfvwrite_r
 .text._isatty_r
                0x10020d50       0x3c c:/projects/ultra700/gcc/bin/../lib/gcc/arm-none-eabi/9.3.1/../../../../arm-none-eabi/lib\libc.a(lib_a-isattyr.o)
                0x10020d50                _isatty_r
 .text.__locale_mb_cur_max
                0x10020d8c       0x10 c:/projects/ultra700/gcc/bin/../lib/gcc/arm-none-eabi/9.3.1/../../../../arm-none-eabi/lib\libc.a(lib_a-locale.o)
                0x10020d8c                __locale_mb_cur_max
 .text.__ascii_mbtowc
                0x10020d9c       0x44 c:/projects/ultra700/gcc/bin/../lib/gcc/arm-none-eabi/9.3.1/../../../../arm-none-eabi/lib\libc.a(lib_a-mbtowc_r.o)
                0x10020d9c                __ascii_mbtowc
 .text.memmove  0x10020de0      0x158 c:/projects/ultra700/gcc/bin/../lib/gcc/arm-none-eabi/9.3.1/../../../../arm-none-eabi/lib\libc.a(lib_a-memmove.o)
                0x10020de0                memmove
 .text._realloc_r
                0x10020f38      0x594 c:/projects/ultra700/gcc/bin/../lib/gcc/arm-none-eabi/9.3.1/../../../../arm-none-eabi/lib\libc.a(lib_a-reallocr.o)
                0x10020f38                _realloc_r
 .text.__ssprint_r
                0x100214cc      0x1a4 c:/projects/ultra700/gcc/bin/../lib/gcc/arm-none-eabi/9.3.1/../../../../arm-none-eabi/lib\libc.a(lib_a-svfiprintf.o)
                0x100214cc                __ssprint_r
 .text.__swbuf_r
                0x10021670      0x134 c:/projects/ultra700/gcc/bin/../lib/gcc/arm-none-eabi/9.3.1/../../../../arm-none-eabi/lib\libc.a(lib_a-wbuf.o)
                0x10021670                __swbuf_r
 .text._wcrtomb_r
                0x100217a4       0x58 c:/projects/ultra700/gcc/bin/../lib/gcc/arm-none-eabi/9.3.1/../../../../arm-none-eabi/lib\libc.a(lib_a-wcrtomb.o)
                0x100217a4                _wcrtomb_r
 .text.__ascii_wctomb
                0x100217fc       0x30 c:/projects/ultra700/gcc/bin/../lib/gcc/arm-none-eabi/9.3.1/../../../../arm-none-eabi/lib\libc.a(lib_a-wctomb_r.o)
                0x100217fc                __ascii_wctomb
 .text.abort    0x1002182c       0x14 c:/projects/ultra700/gcc/bin/../lib/gcc/arm-none-eabi/9.3.1/../../../../arm-none-eabi/lib\libc.a(lib_a-abort.o)
                0x1002182c                abort
 .text._raise_r
                0x10021840       0x98 c:/projects/ultra700/gcc/bin/../lib/gcc/arm-none-eabi/9.3.1/../../../../arm-none-eabi/lib\libc.a(lib_a-signal.o)
                0x10021840                _raise_r
 .text.raise    0x100218d8       0x14 c:/projects/ultra700/gcc/bin/../lib/gcc/arm-none-eabi/9.3.1/../../../../arm-none-eabi/lib\libc.a(lib_a-signal.o)
                0x100218d8                raise
 .text._kill_r  0x100218ec       0x44 c:/projects/ultra700/gcc/bin/../lib/gcc/arm-none-eabi/9.3.1/../../../../arm-none-eabi/lib\libc.a(lib_a-signalr.o)
                0x100218ec                _kill_r
 .text._getpid_r
                0x10021930       0x10 c:/projects/ultra700/gcc/bin/../lib/gcc/arm-none-eabi/9.3.1/../../../../arm-none-eabi/lib\libc.a(lib_a-signalr.o)
                0x10021930                _getpid_r
 .text          0x10021940      0x114 c:/projects/ultra700/gcc/bin/../lib/gcc/arm-none-eabi/9.3.1\libgcc.a(_udivsi3.o)
                0x10021940                __aeabi_uidiv
                0x10021940                __udivsi3
                0x10021a34                __aeabi_uidivmod
 .text          0x10021a54      0x148 c:/projects/ultra700/gcc/bin/../lib/gcc/arm-none-eabi/9.3.1\libgcc.a(_divsi3.o)
                0x10021a54                __divsi3
                0x10021a54                __aeabi_idiv
                0x10021b7c                __aeabi_idivmod
 .text          0x10021b9c        0x4 c:/projects/ultra700/gcc/bin/../lib/gcc/arm-none-eabi/9.3.1\libgcc.a(_dvmd_tls.o)
                0x10021b9c                __aeabi_idiv0
                0x10021b9c                __aeabi_ldiv0
 .text          0x10021ba0      0x424 c:/projects/ultra700/gcc/bin/../lib/gcc/arm-none-eabi/9.3.1\libgcc.a(_arm_addsubdf3.o)
                0x10021ba0                __aeabi_drsub
                0x10021ba8                __aeabi_dsub
                0x10021ba8                __subdf3
                0x10021bac                __aeabi_dadd
                0x10021bac                __adddf3
                0x10021ebc                __floatunsidf
                0x10021ebc                __aeabi_ui2d
                0x10021ee0                __floatsidf
                0x10021ee0                __aeabi_i2d
                0x10021f08                __aeabi_f2d
                0x10021f08                __extendsfdf2
                0x10021f50                __floatundidf
                0x10021f50                __aeabi_ul2d
                0x10021f64                __floatdidf
                0x10021f64                __aeabi_l2d
 .text          0x10021fc4      0x49c c:/projects/ultra700/gcc/bin/../lib/gcc/arm-none-eabi/9.3.1\libgcc.a(_arm_muldivdf3.o)
                0x10021fc4                __aeabi_dmul
                0x10021fc4                __muldf3
                0x10022254                __divdf3
                0x10022254                __aeabi_ddiv
 .text          0x10022460      0x144 c:/projects/ultra700/gcc/bin/../lib/gcc/arm-none-eabi/9.3.1\libgcc.a(_arm_cmpdf2.o)
                0x10022460                __gtdf2
                0x10022460                __gedf2
                0x10022468                __ltdf2
                0x10022468                __ledf2
                0x10022470                __nedf2
                0x10022470                __eqdf2
                0x10022470                __cmpdf2
                0x100224f8                __aeabi_cdrcmple
                0x10022514                __aeabi_cdcmpeq
                0x10022514                __aeabi_cdcmple
                0x1002252c                __aeabi_dcmpeq
                0x10022544                __aeabi_dcmplt
                0x1002255c                __aeabi_dcmple
                0x10022574                __aeabi_dcmpge
                0x1002258c                __aeabi_dcmpgt
 .text          0x100225a4       0x38 c:/projects/ultra700/gcc/bin/../lib/gcc/arm-none-eabi/9.3.1\libgcc.a(_arm_unorddf2.o)
                0x100225a4                __unorddf2
                0x100225a4                __aeabi_dcmpun
 .text          0x100225dc       0x5c c:/projects/ultra700/gcc/bin/../lib/gcc/arm-none-eabi/9.3.1\libgcc.a(_arm_fixdfsi.o)
                0x100225dc                __aeabi_d2iz
                0x100225dc                __fixdfsi
 .text          0x10022638       0x3c c:/projects/ultra700/gcc/bin/../lib/gcc/arm-none-eabi/9.3.1\libgcc.a(_aeabi_uldivmod.o)
                0x10022638                __aeabi_uldivmod
 .text          0x10022674      0x130 c:/projects/ultra700/gcc/bin/../lib/gcc/arm-none-eabi/9.3.1\libgcc.a(_udivmoddi4.o)
                0x10022674                __udivmoddi4
 .text          0x100227a4       0x28 c:/projects/ultra700/gcc/bin/../lib/gcc/arm-none-eabi/9.3.1\libgcc.a(_clzdi2.o)
                0x100227a4                __clzdi2
 .text          0x100227cc       0x48 c:/projects/ultra700/gcc/bin/../lib/gcc/arm-none-eabi/9.3.1\libgcc.a(_clzsi2.o)
                0x100227cc                __clzsi2
 .text._close   0x10022814       0x18 c:/projects/ultra700/gcc/bin/../lib/gcc/arm-none-eabi/9.3.1/../../../../arm-none-eabi/lib\libnosys.a(close.o)
                0x10022814                _close
 .text._fstat   0x1002282c       0x18 c:/projects/ultra700/gcc/bin/../lib/gcc/arm-none-eabi/9.3.1/../../../../arm-none-eabi/lib\libnosys.a(fstat.o)
                0x1002282c                _fstat
 .text._getpid  0x10022844       0x18 c:/projects/ultra700/gcc/bin/../lib/gcc/arm-none-eabi/9.3.1/../../../../arm-none-eabi/lib\libnosys.a(getpid.o)
                0x10022844                _getpid
 .text._isatty  0x1002285c       0x18 c:/projects/ultra700/gcc/bin/../lib/gcc/arm-none-eabi/9.3.1/../../../../arm-none-eabi/lib\libnosys.a(isatty.o)
                0x1002285c                _isatty
 .text._kill    0x10022874       0x18 c:/projects/ultra700/gcc/bin/../lib/gcc/arm-none-eabi/9.3.1/../../../../arm-none-eabi/lib\libnosys.a(kill.o)
                0x10022874                _kill
 .text._lseek   0x1002288c       0x18 c:/projects/ultra700/gcc/bin/../lib/gcc/arm-none-eabi/9.3.1/../../../../arm-none-eabi/lib\libnosys.a(lseek.o)
                0x1002288c                _lseek
 .text._read    0x100228a4       0x18 c:/projects/ultra700/gcc/bin/../lib/gcc/arm-none-eabi/9.3.1/../../../../arm-none-eabi/lib\libnosys.a(read.o)
                0x100228a4                _read
 .text._sbrk    0x100228bc       0x2c c:/projects/ultra700/gcc/bin/../lib/gcc/arm-none-eabi/9.3.1/../../../../arm-none-eabi/lib\libnosys.a(sbrk.o)
                0x100228bc                _sbrk
 .text._exit    0x100228e8        0x4 c:/projects/ultra700/gcc/bin/../lib/gcc/arm-none-eabi/9.3.1/../../../../arm-none-eabi/lib\libnosys.a(_exit.o)
                0x100228e8                _exit
 *fill*         0x100228ec        0x4 
 .text._exit.__stub
                0x100228f0       0x18 linker stubs
 *(.init)
 *(.fini)
 *crtbegin.o(.ctors)
 *crtbegin?.o(.ctors)
 *(EXCLUDE_FILE(*crtend.o *crtend?.o) .ctors)
 *(SORT_BY_NAME(.ctors.*))
 *(.ctors)
 *crtbegin.o(.dtors)
 *crtbegin?.o(.dtors)
 *(EXCLUDE_FILE(*crtend.o *crtend?.o) .dtors)
 *(SORT_BY_NAME(.dtors.*))
 *(.dtors)
 *(.rodata*)
 .rodata.Init.str1.1
                0x10022908      0x123 CMakeFiles/payload.elf.dir/src/System/init.c.obj
                                0x12d (size before relaxing)
 .rodata.SF_Initialize.str1.1
                0x10022a2b      0x168 CMakeFiles/payload.elf.dir/src/System/sf.c.obj
                                0x174 (size before relaxing)
 *fill*         0x10022b93        0x1 
 .rodata.table  0x10022b94      0x400 CMakeFiles/payload.elf.dir/src/System/tlsf.c.obj
 .rodata.LCDIF_ISR.str1.1
                0x10022f94       0x2b CMakeFiles/payload.elf.dir/src/Lib/MT6261/Drivers/lcdif.c.obj
 .rodata.LCDIF_Initialize.str1.1
                0x10022fbf       0x8a CMakeFiles/payload.elf.dir/src/Lib/MT6261/Drivers/lcdif.c.obj
                                 0x96 (size before relaxing)
 .rodata.CFormatToBPP
                0x10023049        0x7 CMakeFiles/payload.elf.dir/src/Lib/MT6261/Drivers/lcdif.c.obj
                0x10023049                CFormatToBPP
 .rodata.NVIC_ADIE_C_IRQ_Handler.str1.1
                0x10023050       0x18 CMakeFiles/payload.elf.dir/src/Lib/MT6261/Drivers/nvic.c.obj
 .rodata.NVIC_AEINTCHandler.str1.1
                0x10023068       0x19 CMakeFiles/payload.elf.dir/src/Lib/MT6261/Drivers/nvic.c.obj
 .rodata.NVIC_EINTCHandler.str1.1
                0x10023081       0x18 CMakeFiles/payload.elf.dir/src/Lib/MT6261/Drivers/nvic.c.obj
 .rodata.NVIC_C_IRQ_Handler.str1.1
                0x10023099       0x17 CMakeFiles/payload.elf.dir/src/Lib/MT6261/Drivers/nvic.c.obj
 .rodata.NVIC_C_FIQ_Handler.str1.1
                0x100230b0       0x17 CMakeFiles/payload.elf.dir/src/Lib/MT6261/Drivers/nvic.c.obj
 .rodata.PMU_SetPWRKEYLongPressFunction.str1.1
                0x100230c7       0x3b CMakeFiles/payload.elf.dir/src/Lib/MT6261/Drivers/pmu.c.obj
                                 0x40 (size before relaxing)
 .rodata.PMU_ChargerTimerHandler.str1.1
                0x10023102       0x68 CMakeFiles/payload.elf.dir/src/Lib/MT6261/Drivers/pmu.c.obj
                                 0x72 (size before relaxing)
 .rodata.PMU_Initialize.str1.1
                0x1002316a       0xb9 CMakeFiles/payload.elf.dir/src/Lib/MT6261/Drivers/pmu.c.obj
                                 0xd3 (size before relaxing)
 *fill*         0x10023223        0x1 
 .rodata.BatCurrentLimits
                0x10023224       0x40 CMakeFiles/payload.elf.dir/src/Lib/MT6261/Drivers/pmu.c.obj
                0x10023224                BatCurrentLimits
 .rodata.RTC_Initialize.str1.1
                0x10023264       0x24 CMakeFiles/payload.elf.dir/src/Lib/MT6261/Drivers/rtc.c.obj
                                 0x30 (size before relaxing)
 .rodata.DayInMonth
                0x10023288        0xd CMakeFiles/payload.elf.dir/src/Lib/MT6261/Drivers/rtc.c.obj
 .rodata.MPU_AddRegion.str1.1
                0x10023295       0x65 CMakeFiles/payload.elf.dir/src/Lib/MT6261/Drivers/tcmcache.c.obj
 .rodata.str1.1
                0x100232fa       0x3d CMakeFiles/payload.elf.dir/src/Lib/MT6261/Drivers/tcmcache.c.obj
 .rodata.USB_EnableDevice.str1.1
                0x10023337       0x16 CMakeFiles/payload.elf.dir/src/Lib/MT6261/Drivers/usb.c.obj
 .rodata.USB_DisableDevice.str1.1
                0x1002334d       0x17 CMakeFiles/payload.elf.dir/src/Lib/MT6261/Drivers/usb.c.obj
 .rodata.USB_Initialize.str1.1
                0x10023364       0x1d CMakeFiles/payload.elf.dir/src/Lib/MT6261/Drivers/usb.c.obj
 .rodata.USB_ResetDevice.str1.1
                0x10023381       0x2b CMakeFiles/payload.elf.dir/src/Lib/MT6261/Drivers/usb.c.obj
 .rodata.EPFIFOSize
                0x100233ac        0x7 CMakeFiles/payload.elf.dir/src/Lib/MT6261/Drivers/usb.c.obj